05-20 06:58:30.742  1612  2726 E JobScheduler.Concurrency: Error executing JobStatus{bfb4972 #u0a427/1073741826 com.microsoft.skydrive/.jobs.UpdateMetadataForOfflineFilesJob u=0 s=10427 TIME=-47m23s557ms:+12m36s443ms NET PERIODIC PERSISTED READY}
05-20 06:58:30.748  1612  2726 W ActivityManager: Unable to start service Intent { flg=0x4 cmp=com.microsoft.skydrive/com.microsoft.authorization.cloudaccounts.UpdateCloudAccountsJob } U=0: not found
05-20 06:58:30.749  1612  2726 W ActivityManager: Unbind failed: could not find connection for android.app.LoadedApk$ServiceDispatcher$InnerConnection@1743013
05-20 06:58:30.749  1612  2726 E JobScheduler.Concurrency: Error executing JobStatus{a36ac30 #u0a427/1073741831 com.microsoft.skydrive/com.microsoft.authorization.cloudaccounts.UpdateCloudAccountsJob u=0 s=10427 TIME=-1d12h19m6s180ms:none NET BATNOTLOW failures=15 READY}
05-20 06:58:30.764  1612  2726 W JobScheduler.Concurrency: Had fewer than 16 in existence
05-20 06:58:30.765  1612  2726 W JobScheduler.Concurrency: Had fewer than 16 in existence
05-20 06:58:30.765  1612  2726 W JobScheduler.Concurrency: Had fewer than 16 in existence
05-20 06:58:30.768  1612  2726 W JobScheduler.Concurrency: Had fewer than 16 in existence
05-20 06:58:30.781  1612  2726 W ActivityManager: Unable to start service Intent { flg=0x4 cmp=com.microsoft.office.outlook/com.google.android.datatransport.runtime.scheduling.jobscheduling.JobInfoSchedulerService } U=0: not found
05-20 06:58:30.792  1612  2726 W ActivityManager: Unbind failed: could not find connection for android.app.LoadedApk$ServiceDispatcher$InnerConnection@c32b81
05-20 06:58:30.793  1612  2726 E JobScheduler.Concurrency: Error executing JobStatus{33c04e1 #u0a401/-1397020546 com.microsoft.office.outlook/com.google.android.datatransport.runtime.scheduling.jobscheduling.JobInfoSchedulerService u=0 s=10401 TIME=-1d3h43m31s714ms:none NET READY}
05-20 06:58:30.799  1612  2726 W ActivityManager: Unable to start service Intent { flg=0x4 cmp=com.microsoft.skydrive/.jobs.LocalNotificationDailyJob } U=0: not found
05-20 06:58:30.802  1612  2726 W ActivityManager: Unbind failed: could not find connection for android.app.LoadedApk$ServiceDispatcher$InnerConnection@5b68867
05-20 06:58:30.802  1612  2726 E JobScheduler.Concurrency: Error executing JobStatus{365616d #u0a427/1073741829 com.microsoft.skydrive/.jobs.LocalNotificationDailyJob u=0 s=10427 TIME=-19h25m9s616ms:none PERSISTED READY}
05-20 06:58:30.809  1612  2726 W ActivityManager: Unable to start service Intent { flg=0x4 cmp=com.microsoft.skydrive/.camerabackup.CameraRollJob } U=0: not found
05-20 06:58:30.809  1612  2726 W ActivityManager: Unbind failed: could not find connection for android.app.LoadedApk$ServiceDispatcher$InnerConnection@8f5febd
05-20 06:58:30.810  1612  2726 E JobScheduler.Concurrency: Error executing JobStatus{14c6ebe #u0a427/1073741824 com.microsoft.skydrive/.camerabackup.CameraRollJob u=0 s=10427 NET URIS=[android.app.job.JobInfo$TriggerContentUri@8abd8844, android.app.job.JobInfo$TriggerContentUri@b0cefe92, android.app.job.JobInfo$TriggerContentUri@691cff99, android.app.job.JobInfo$TriggerContentUri@fefc878b] READY}
05-20 06:58:30.813  1612  2726 W ActivityManager: Unable to start service Intent { flg=0x4 cmp=com.microsoft.office.outlook/androidx.work.impl.background.systemjob.SystemJobService } U=0: not found
05-20 06:58:30.814  1612  2726 W ActivityManager: Unbind failed: could not find connection for android.app.LoadedApk$ServiceDispatcher$InnerConnection@64d0f80
05-20 06:58:30.815  1612  2726 E JobScheduler.Concurrency: Error executing JobStatus{e13b019 #u0a401/234 com.microsoft.office.outlook/androidx.work.impl.background.systemjob.SystemJobService u=0 s=10401 TIME=-7h23m6s120ms:none READY}
05-20 06:58:30.818 29749 30124 W Binder  : reply too large data on java level: InterfaceDescriptor = null, code = 1
05-20 06:58:30.828  1612  2726 W ActivityManager: Unable to start service Intent { flg=0x4 cmp=com.instagram.android/androidx.work.impl.background.systemjob.SystemJobService } U=0: not found
05-20 06:58:30.828  1612  2726 W ActivityManager: Unbind failed: could not find connection for android.app.LoadedApk$ServiceDispatcher$InnerConnection@4621d5f
05-20 06:58:30.828  1612  2726 E JobScheduler.Concurrency: Error executing JobStatus{5622480 androidx.work.systemjobscheduler:u0a399/477 @androidx.work.systemjobscheduler@com.instagram.android/androidx.work.impl.background.systemjob.SystemJobService u=0 s=10399 TIME=-3h51m18s450ms:none READY}
05-20 06:58:30.829  1612  2975 W ActivityManager: pid 1612 system sent binder code 1 with flags 1 to frozen apps and got error -2147483646
05-20 06:58:30.837  1612  2975 W ActivityManager: pid 1612 system sent binder code 1 with flags 1 to frozen apps and got error -2147483646
05-20 06:58:30.860  1612  2975 W ActivityManager: pid 1612 system sent binder code 1 with flags 1 to frozen apps and got error -2147483646
05-20 06:58:30.861  1612  2975 W ActivityManager: pid 1612 system sent binder code 1 with flags 1 to frozen apps and got error -2147483646
05-20 06:58:30.861  1612  2975 W ActivityManager: pid 1612 system sent binder code 1 with flags 1 to frozen apps and got error -2147483646
05-20 06:58:30.862  1612  2975 W ActivityManager: pid 1612 system sent binder code 1 with flags 1 to frozen apps and got error -2147483646
05-20 06:58:30.991  1612  2726 W JobScheduler.Concurrency: Had fewer than 16 in existence
05-20 06:58:30.997  1612  2726 W JobScheduler.Concurrency: Had fewer than 16 in existence
05-20 06:58:30.998  1612  2726 W JobScheduler.Concurrency: Had fewer than 16 in existence
05-20 06:58:31.000  1612  2726 W JobScheduler.Concurrency: Had fewer than 16 in existence
05-20 06:58:31.001  1612  2726 W JobScheduler.Concurrency: Had fewer than 16 in existence
05-20 06:58:31.014  1612  2726 W ActivityManager: Unable to start service Intent { flg=0x4 cmp=com.microsoft.skydrive/com.microsoft.crossplaform.interop.WifiAvailableJob } U=0: not found
05-20 06:58:31.014  1612  2726 W ActivityManager: Unbind failed: could not find connection for android.app.LoadedApk$ServiceDispatcher$InnerConnection@ff9b73f
05-20 06:58:31.015  1612  2726 E JobScheduler.Concurrency: Error executing JobStatus{88eb9a9 #u0a427/1073741825 com.microsoft.skydrive/com.microsoft.crossplaform.interop.WifiAvailableJob u=0 s=10427 NET READY}
05-20 06:58:31.021  1612  2726 W ActivityManager: Unable to start service Intent { flg=0x4 cmp=com.microsoft.skydrive/.updateuserinfo.UpdateUserInfoJob } U=0: not found
05-20 06:58:31.021  1612  2726 W ActivityManager: Unbind failed: could not find connection for android.app.LoadedApk$ServiceDispatcher$InnerConnection@d622555
05-20 06:58:31.022  1612  2726 E JobScheduler.Concurrency: Error executing JobStatus{22098b0 #u0a427/1073741828 com.microsoft.skydrive/.updateuserinfo.UpdateUserInfoJob u=0 s=10427 TIME=none:-50m38s614ms READY}
05-20 06:58:31.024  1612  2726 W ActivityManager: Unable to start service Intent { flg=0x4 cmp=com.microsoft.skydrive/.jobs.UpdateMetadataForOfflineFilesJob } U=0: not found
05-20 06:58:31.024  1612  2726 W ActivityManager: Unbind failed: could not find connection for android.app.LoadedApk$ServiceDispatcher$InnerConnection@6cc1d1
05-20 06:58:31.025  1612  2726 E JobScheduler.Concurrency: Error executing JobStatus{bfb4972 #u0a427/1073741826 com.microsoft.skydrive/.jobs.UpdateMetadataForOfflineFilesJob u=0 s=10427 TIME=-47m23s840ms:+12m36s160ms NET PERIODIC PERSISTED READY}
05-20 06:58:31.028  1612  2726 W ActivityManager: Unable to start service Intent { flg=0x4 cmp=com.microsoft.skydrive/com.microsoft.authorization.cloudaccounts.UpdateCloudAccountsJob } U=0: not found
05-20 06:58:31.028  1612  2726 W ActivityManager: Unbind failed: could not find connection for android.app.LoadedApk$ServiceDispatcher$InnerConnection@5514f37
05-20 06:58:31.029  1612  2726 E JobScheduler.Concurrency: Error executing JobStatus{a36ac30 #u0a427/1073741831 com.microsoft.skydrive/com.microsoft.authorization.cloudaccounts.UpdateCloudAccountsJob u=0 s=10427 TIME=-1d12h19m6s460ms:none NET BATNOTLOW failures=15 READY}
05-20 06:58:32.105  1612  2726 W JobScheduler.Concurrency: Had fewer than 16 in existence
05-20 06:58:32.106  1612  2726 W JobScheduler.Concurrency: Had fewer than 16 in existence
05-20 06:58:32.111  1612  2726 W JobScheduler.Concurrency: Had fewer than 16 in existence
05-20 06:58:32.114  1612  2726 W JobScheduler.Concurrency: Had fewer than 16 in existence
05-20 06:58:32.118  1612  2726 W ActivityManager: Unable to start service Intent { flg=0x4 cmp=com.microsoft.office.outlook/com.google.android.datatransport.runtime.scheduling.jobscheduling.JobInfoSchedulerService } U=0: not found
05-20 06:58:32.118  1612  2726 W ActivityManager: Unbind failed: could not find connection for android.app.LoadedApk$ServiceDispatcher$InnerConnection@90add3a
05-20 06:58:32.119  1612  2726 E JobScheduler.Concurrency: Error executing JobStatus{33c04e1 #u0a401/-1397020546 com.microsoft.office.outlook/com.google.android.datatransport.runtime.scheduling.jobscheduling.JobInfoSchedulerService u=0 s=10401 TIME=-1d3h43m33s40ms:none NET READY}
05-20 06:58:32.122  1612  2726 W ActivityManager: Unable to start service Intent { flg=0x4 cmp=com.microsoft.skydrive/.jobs.LocalNotificationDailyJob } U=0: not found
05-20 06:58:32.123  1612  2726 W ActivityManager: Unbind failed: could not find connection for android.app.LoadedApk$ServiceDispatcher$InnerConnection@f399306
05-20 06:58:32.124  1612  2726 E JobScheduler.Concurrency: Error executing JobStatus{365616d #u0a427/1073741829 com.microsoft.skydrive/.jobs.LocalNotificationDailyJob u=0 s=10427 TIME=-19h25m10s937ms:none PERSISTED READY}
05-20 06:58:32.128  1612  2726 W ActivityManager: Unable to start service Intent { flg=0x4 cmp=com.microsoft.skydrive/.camerabackup.CameraRollJob } U=0: not found
05-20 06:58:32.128  1612  2726 W ActivityManager: Unbind failed: could not find connection for android.app.LoadedApk$ServiceDispatcher$InnerConnection@c9f831d
05-20 06:58:32.129  1612  2726 E JobScheduler.Concurrency: Error executing JobStatus{14c6ebe #u0a427/1073741824 com.microsoft.skydrive/.camerabackup.CameraRollJob u=0 s=10427 NET URIS=[android.app.job.JobInfo$TriggerContentUri@8abd8844, android.app.job.JobInfo$TriggerContentUri@b0cefe92, android.app.job.JobInfo$TriggerContentUri@691cff99, android.app.job.JobInfo$TriggerContentUri@fefc878b] READY}
05-20 06:58:32.131  1612  2726 W ActivityManager: Unable to start service Intent { flg=0x4 cmp=com.microsoft.office.outlook/androidx.work.impl.background.systemjob.SystemJobService } U=0: not found
05-20 06:58:32.132  1612  2726 W ActivityManager: Unbind failed: could not find connection for android.app.LoadedApk$ServiceDispatcher$InnerConnection@8824f63
05-20 06:58:32.132  1612  2726 E JobScheduler.Concurrency: Error executing JobStatus{e13b019 #u0a401/234 com.microsoft.office.outlook/androidx.work.impl.background.systemjob.SystemJobService u=0 s=10401 TIME=-7h23m7s438ms:none READY}
05-20 06:58:32.134  1612  2726 W ActivityManager: Unable to start service Intent { flg=0x4 cmp=com.instagram.android/androidx.work.impl.background.systemjob.SystemJobService } U=0: not found
05-20 06:58:32.135  1612  2726 W ActivityManager: Unbind failed: could not find connection for android.app.LoadedApk$ServiceDispatcher$InnerConnection@2c07ebf
05-20 06:58:32.135  1612  2726 E JobScheduler.Concurrency: Error executing JobStatus{5622480 androidx.work.systemjobscheduler:u0a399/477 @androidx.work.systemjobscheduler@com.instagram.android/androidx.work.impl.background.systemjob.SystemJobService u=0 s=10399 TIME=-3h51m19s757ms:none READY}
05-20 06:58:32.136  1612  2726 W JobScheduler.Concurrency: Had fewer than 16 in existence
05-20 06:58:32.137  1612  2726 W JobScheduler.Concurrency: Had fewer than 16 in existence
05-20 06:58:32.139  1612  2726 W JobScheduler.Concurrency: Had fewer than 16 in existence
05-20 06:58:32.140  1612  2726 W JobScheduler.Concurrency: Had fewer than 16 in existence
05-20 06:58:32.141  1612  2726 W JobScheduler.Concurrency: Had fewer than 16 in existence
05-20 06:58:32.147  1612  2726 W ActivityManager: Unable to start service Intent { flg=0x4 cmp=com.microsoft.skydrive/com.microsoft.crossplaform.interop.WifiAvailableJob } U=0: not found
05-20 06:58:32.148  1612  2726 W ActivityManager: Unbind failed: could not find connection for android.app.LoadedApk$ServiceDispatcher$InnerConnection@3914d51
05-20 06:58:32.148  1612  2726 E JobScheduler.Concurrency: Error executing JobStatus{88eb9a9 #u0a427/1073741825 com.microsoft.skydrive/com.microsoft.crossplaform.interop.WifiAvailableJob u=0 s=10427 NET READY}
05-20 06:58:32.151  1612  2726 W ActivityManager: Unable to start service Intent { flg=0x4 cmp=com.microsoft.skydrive/.updateuserinfo.UpdateUserInfoJob } U=0: not found
05-20 06:58:32.151  1612  2726 W ActivityManager: Unbind failed: could not find connection for android.app.LoadedApk$ServiceDispatcher$InnerConnection@64c6d8d
05-20 06:58:32.151  1612  2726 E JobScheduler.Concurrency: Error executing JobStatus{22098b0 #u0a427/1073741828 com.microsoft.skydrive/.updateuserinfo.UpdateUserInfoJob u=0 s=10427 TIME=none:-50m39s744ms READY}
05-20 06:58:32.156  1612  2726 W ActivityManager: Unable to start service Intent { flg=0x4 cmp=com.microsoft.skydrive/.jobs.UpdateMetadataForOfflineFilesJob } U=0: not found
05-20 06:58:32.157  1612  2726 W ActivityManager: Unbind failed: could not find connection for android.app.LoadedApk$ServiceDispatcher$InnerConnection@95a2890
05-20 06:58:32.157  1612  2726 E JobScheduler.Concurrency: Error executing JobStatus{bfb4972 #u0a427/1073741826 com.microsoft.skydrive/.jobs.UpdateMetadataForOfflineFilesJob u=0 s=10427 TIME=-47m24s972ms:+12m35s28ms NET PERIODIC PERSISTED READY}
05-20 06:58:32.160  1612  2726 W ActivityManager: Unable to start service Intent { flg=0x4 cmp=com.microsoft.skydrive/com.microsoft.authorization.cloudaccounts.UpdateCloudAccountsJob } U=0: not found
05-20 06:58:32.164  1612  2726 W ActivityManager: Unbind failed: could not find connection for android.app.LoadedApk$ServiceDispatcher$InnerConnection@15d598e
05-20 06:58:32.165  1612  2726 E JobScheduler.Concurrency: Error executing JobStatus{a36ac30 #u0a427/1073741831 com.microsoft.skydrive/com.microsoft.authorization.cloudaccounts.UpdateCloudAccountsJob u=0 s=10427 TIME=-1d12h19m7s595ms:none NET BATNOTLOW failures=15 READY}
05-20 06:58:32.236  1612  2987 W ProcessStats: Tracking association SourceState{398854 com.android.vending/10211 BTop #1061596} whose proc state 2 is better than process ProcessState{75abe96 com.google.android.gms.persistent/10181 pkg=com.google.android.gms} proc state 3 (1449 skipped)
05-20 06:58:32.916  1612  6786 W JobScheduler: Job didn't exist in JobStore: 222ba5f {androidx.work.systemjobscheduler} #u0a170/446 @androidx.work.systemjobscheduler@com.google.android.apps.nbu.files/androidx.work.impl.background.systemjob.SystemJobService
05-20 06:58:33.391  1612  7184 W UriGrantsManagerService: No permission grants found for com.google.android.apps.photos
05-20 06:58:33.392  1612  7184 W UriGrantsManagerService: No permission grants found for com.google.android.apps.photos
05-20 06:58:33.396  1612  5112 W PackageConfigPersister: App-specific configuration not found for packageName: pl.kacpermalachowski.virtualariadneline and userId: 0
05-20 06:58:33.904  1612  2852 W ContextImpl: Calling a method in the system process without a qualified user: android.app.ContextImpl.sendBroadcast:1246 com.android.server.location.gnss.GnssStatusProvider.onReportStatus:176 com.android.server.location.gnss.hal.GnssNative.lambda$reportStatus$1:1057 com.android.server.location.gnss.hal.GnssNative.$r8$lambda$F6DnFXuQAsM3YqWh-0NCwFi1vMk:0 com.android.server.location.gnss.hal.GnssNative$$ExternalSyntheticLambda21.runOrThrow:0 
05-20 06:58:33.920  1612  5112 W ContextImpl: Calling a method in the system process without a qualified user: android.app.ContextImpl.sendBroadcast:1246 com.android.server.location.provider.LocationProviderManager$LocationRegistration$1.test:1004 com.android.server.location.provider.LocationProviderManager$LocationRegistration$1.test:958 android.location.LocationResult.filter:191 com.android.server.location.provider.LocationProviderManager$LocationRegistration.acceptLocationChange:957 
05-20 06:58:33.927  1612  5112 W ContextImpl: Calling a method in the system process without a qualified user: android.app.ContextImpl.sendBroadcast:1246 com.android.server.location.provider.LocationProviderManager$LocationRegistration$1.test:1004 com.android.server.location.provider.LocationProviderManager$LocationRegistration$1.test:958 android.location.LocationResult.filter:191 com.android.server.location.provider.LocationProviderManager$LocationRegistration.acceptLocationChange:957 
05-20 06:58:33.931  1612  5112 W ContextImpl: Calling a method in the system process without a qualified user: android.app.ContextImpl.sendBroadcast:1246 com.android.server.location.provider.LocationProviderManager$LocationRegistration$1.test:1004 com.android.server.location.provider.LocationProviderManager$LocationRegistration$1.test:958 android.location.LocationResult.filter:191 com.android.server.location.provider.LocationProviderManager$LocationRegistration.acceptLocationChange:957 
05-20 06:58:34.760  1612  5174 W UriGrantsManagerService: No permission grants found for com.google.android.apps.photos
05-20 06:58:34.761  1612  5174 W UriGrantsManagerService: No permission grants found for com.google.android.apps.photos
05-20 06:58:35.972  1612  6786 W UriGrantsManagerService: No permission grants found for com.google.android.apps.photos
05-20 06:58:35.973  1612  6786 W UriGrantsManagerService: No permission grants found for com.google.android.apps.photos
05-20 06:58:36.046  1612  6786 W UriGrantsManagerService: No permission grants found for com.google.android.apps.photos
05-20 06:58:36.046  1612  6786 W UriGrantsManagerService: No permission grants found for com.google.android.apps.photos
05-20 06:58:36.105  1612  6786 W UriGrantsManagerService: No permission grants found for com.google.android.apps.photos
05-20 06:58:36.105  1612  6786 W UriGrantsManagerService: No permission grants found for com.google.android.apps.photos
05-20 06:58:37.973  2760  3142 E AndroidRuntime: FATAL EXCEPTION: mqt_native_modules
05-20 06:58:37.973  2760  3142 E AndroidRuntime: Process: pl.kacpermalachowski.virtualariadneline, PID: 2760
05-20 06:58:37.973  2760  3142 E AndroidRuntime: com.facebook.react.common.JavascriptException: TypeError: Cannot read property 'length' of undefined
05-20 06:58:37.973  2760  3142 E AndroidRuntime: 
05-20 06:58:37.973  2760  3142 E AndroidRuntime: This error is located at:
05-20 06:58:37.973  2760  3142 E AndroidRuntime:     in Map
05-20 06:58:37.973  2760  3142 E AndroidRuntime:     in StaticContainer
05-20 06:58:37.973  2760  3142 E AndroidRuntime:     in EnsureSingleNavigator
05-20 06:58:37.973  2760  3142 E AndroidRuntime:     in SceneView
05-20 06:58:37.973  2760  3142 E AndroidRuntime:     in RCTView
05-20 06:58:37.973  2760  3142 E AndroidRuntime:     in Unknown
05-20 06:58:37.973  2760  3142 E AndroidRuntime:     in RCTView
05-20 06:58:37.973  2760  3142 E AndroidRuntime:     in Unknown
05-20 06:58:37.973  2760  3142 E AndroidRuntime:     in RCTView
05-20 06:58:37.973  2760  3142 E AndroidRuntime:     in Unknown
05-20 06:58:37.973  2760  3142 E AndroidRuntime:     in CardSheet
05-20 06:58:37.973  2760  3142 E AndroidRuntime:     in RCTView
05-20 06:58:37.973  2760  3142 E AndroidRuntime:     in Unknown
05-20 06:58:37.973  2760  3142 E AndroidRuntime:     in Unknown
05-20 06:58:37.973  2760  3142 E AndroidRuntime:     in PanGestureHandler
05-20 06:58:37.973  2760  3142 E AndroidRuntime:     in PanGestureHandler
05-20 06:58:37.973  2760  3142 E AndroidRuntime:     in RCTView
05-20 06:58:37.973  2760  3142 E AndroidRuntime:     in Unknown
05-20 06:58:37.973  2760  3142 E AndroidRuntime:     in Unknown
05-20 06:58:37.973  2760  3142 E AndroidRuntime:     in RCTView
05-20 06:58:37.973  2760  3142 E AndroidRuntime:     in Unknown
05-20 06:58:37.973  2760  3142 E AndroidRuntime:     in Card
05-20 06:58:37.973  2760  3142 E AndroidRuntime:     in CardContainerInner
05-20 06:58:37.973  2760  3142 E AndroidRuntime:     in RNSScreen
05-20 06:58:37.973  2760  3142 E AndroidRuntime:     in Unknown
05-20 06:58:37.973  2760  3142 E AndroidRuntime:     in Suspender
05-20 06:58:37.973  2760  3142 E AndroidRuntime:     in Suspense
05-20 06:58:37.973  2760  3142 E AndroidRuntime:     in Freeze
05-20 06:58:37.973  2760  3142 E AndroidRuntime:     in DelayedFreeze
05-20 06:58:37.973  2760  3142 E AndroidRuntime:     in InnerScreen
05-20 06:58:37.973  2760  3142 E AndroidRuntime:     in Unknown
05-20 06:58:37.973  2760  3142 E AndroidRuntime:     in MaybeScreen
05-20 06:58:37.973  2760  3142 E AndroidRuntime:     in RNSScreenContainer
05-20 06:58:37.973  2760  3142 E AndroidRuntime:     in ScreenContainer
05-20 06:58:37.973  2760  3142 E AndroidRuntime:     in MaybeScreenContainer
05-20 06:58:37.973  2760  3142 E AndroidRuntime:     in RCTView
05-20 06:58:37.973  2760  3142 E AndroidRuntime:     in Unknown
05-20 06:58:37.973  2760  3142 E AndroidRuntime:     in CardStack
05-20 06:58:37.973  2760  3142 E AndroidRuntime:     in RNCSafeAreaProvider
05-20 06:58:37.973  2760  3142 E AndroidRuntime:     in SafeAreaProvider
05-20 06:58:37.973  2760  3142 E AndroidRuntime:     in SafeAreaProviderCompat
05-20 06:58:37.973  2760  3142 E AndroidRuntime:     in RNGestureHandlerRootView
05-20 06:58:37.973  2760  3142 E AndroidRuntime:     in GestureHandlerRootView
05-20 06:58:37.973  2760  3142 E AndroidRuntime:     in StackView
05-20 06:58:37.973  2760  3142 E AndroidRuntime:     in PreventRemoveProvider
05-20 06:58:37.973  2760  3142 E AndroidRuntime:     in NavigationContent
05-20 06:58:37.973  2760  3142 E AndroidRuntime:     in Unknown
05-20 06:58:37.973  2760  3142 E AndroidRuntime:     in StackNavigator
05-20 06:58:37.973  2760  3142 E AndroidRuntime:     in ThemeProvider
05-20 06:58:37.973  2760  3142 E AndroidRuntime:     in EnsureSingleNavigator
05-20 06:58:37.973  2760  3142 E AndroidRuntime:     in BaseNavigationContainer
05-20 06:58:37.973  2760  3142 E AndroidRuntime:     in NavigationContainerInner
05-20 06:58:37.973  2760  3142 E AndroidRuntime:     in App
05-20 06:58:37.973  2760  3142 E AndroidRuntime:     in RCTView
05-20 06:58:37.973  2760  3142 E AndroidRuntime:     in Unknown
05-20 06:58:37.973  2760  3142 E AndroidRuntime:     in AppContainer, js engine: hermes, stack:
05-20 06:58:37.973  2760  3142 E AndroidRuntime: Map@1:1035172
05-20 06:58:37.973  2760  3142 E AndroidRuntime: renderWithHooks@1:405870
05-20 06:58:37.973  2760  3142 E AndroidRuntime: updateFunctionComponent@1:415142
05-20 06:58:37.973  2760  3142 E AndroidRuntime: beginWork@1:422907
05-20 06:58:37.973  2760  3142 E AndroidRuntime: performUnitOfWork@1:442330
05-20 06:58:37.973  2760  3142 E AndroidRuntime: workLoopSync@1:441461
05-20 06:58:37.973  2760  3142 E AndroidRuntime: renderRootSync@1:441293
05-20 06:58:37.973  2760  3142 E AndroidRuntime: flushSyncWorkAcrossRoots_impl@1:395404
05-20 06:58:37.973  2760  3142 E AndroidRuntime: batchedUpdatesImpl@1:453794
05-20 06:58:37.973  2760  3142 E AndroidRuntime: batchedUpdates$1@1:388130
05-20 06:58:37.973  2760  3142 E AndroidRuntime: _receiveRootNodeIDEvent@1:388416
05-20 06:58:37.973  2760  3142 E AndroidRuntime: receiveTouches@1:451370
05-20 06:58:37.973  2760  3142 E AndroidRuntime: __callFunction@1:113476
05-20 06:58:37.973  2760  3142 E AndroidRuntime: anonymous@1:111918
05-20 06:58:37.973  2760  3142 E AndroidRuntime: __guard@1:112858
05-20 06:58:37.973  2760  3142 E AndroidRuntime: callFunctionReturnFlushedQueue@1:111876
05-20 06:58:37.973  2760  3142 E AndroidRuntime: 
05-20 06:58:37.973  2760  3142 E AndroidRuntime: 	at com.facebook.react.modules.core.ExceptionsManagerModule.reportException(ExceptionsManagerModule.kt:52)
05-20 06:58:37.973  2760  3142 E AndroidRuntime: 	at java.lang.reflect.Method.invoke(Native Method)
05-20 06:58:37.973  2760  3142 E AndroidRuntime: 	at com.facebook.react.bridge.JavaMethodWrapper.invoke(JavaMethodWrapper.java:372)
05-20 06:58:37.973  2760  3142 E AndroidRuntime: 	at com.facebook.react.bridge.JavaModuleWrapper.invoke(JavaModuleWrapper.java:146)
05-20 06:58:37.973  2760  3142 E AndroidRuntime: 	at com.facebook.jni.NativeRunnable.run(Native Method)
05-20 06:58:37.973  2760  3142 E AndroidRuntime: 	at android.os.Handler.handleCallback(Handler.java:1000)
05-20 06:58:37.973  2760  3142 E AndroidRuntime: 	at android.os.Handler.dispatchMessage(Handler.java:104)
05-20 06:58:37.973  2760  3142 E AndroidRuntime: 	at com.facebook.react.bridge.queue.MessageQueueThreadHandler.dispatchMessage(MessageQueueThreadHandler.java:27)
05-20 06:58:37.973  2760  3142 E AndroidRuntime: 	at android.os.Looper.loopOnce(Looper.java:242)
05-20 06:58:37.973  2760  3142 E AndroidRuntime: 	at android.os.Looper.loop(Looper.java:362)
05-20 06:58:37.973  2760  3142 E AndroidRuntime: 	at com.facebook.react.bridge.queue.MessageQueueThreadImpl.lambda$startNewBackgroundThread$2(MessageQueueThreadImpl.java:217)
05-20 06:58:37.973  2760  3142 E AndroidRuntime: 	at com.facebook.react.bridge.queue.MessageQueueThreadImpl$$ExternalSyntheticLambda1.run(D8$$SyntheticClass:0)
05-20 06:58:37.973  2760  3142 E AndroidRuntime: 	at java.lang.Thread.run(Thread.java:1012)
05-20 06:58:37.983  1612  2987 E Transition: Trying to add a ready-group twice: Display{#0 state=ON size=1080x2400 ROTATION_0}
05-20 06:58:38.024  1612  2726 W JobScheduler.Concurrency: Had fewer than 16 in existence
05-20 06:58:38.029  1612  2726 W JobScheduler.Concurrency: Had fewer than 16 in existence
05-20 06:58:38.031  1612  2726 W JobScheduler.Concurrency: Had fewer than 16 in existence
05-20 06:58:38.035  1612  2726 W JobScheduler.Concurrency: Had fewer than 16 in existence
05-20 06:58:38.039  1612  2726 W ActivityManager: Unable to start service Intent { flg=0x4 cmp=com.microsoft.office.outlook/com.google.android.datatransport.runtime.scheduling.jobscheduling.JobInfoSchedulerService } U=0: not found
05-20 06:58:38.039  1612  2726 W ActivityManager: Unbind failed: could not find connection for android.app.LoadedApk$ServiceDispatcher$InnerConnection@3203d82
05-20 06:58:38.039  1612  2726 E JobScheduler.Concurrency: Error executing JobStatus{33c04e1 #u0a401/-1397020546 com.microsoft.office.outlook/com.google.android.datatransport.runtime.scheduling.jobscheduling.JobInfoSchedulerService u=0 s=10401 TIME=-1d3h43m38s960ms:none NET READY}
05-20 06:58:38.042  1612  2726 W ActivityManager: Unable to start service Intent { flg=0x4 cmp=com.microsoft.skydrive/.jobs.LocalNotificationDailyJob } U=0: not found
05-20 06:58:38.042  1612  2726 W ActivityManager: Unbind failed: could not find connection for android.app.LoadedApk$ServiceDispatcher$InnerConnection@15984d0
05-20 06:58:38.043  1612  2726 E JobScheduler.Concurrency: Error executing JobStatus{365616d #u0a427/1073741829 com.microsoft.skydrive/.jobs.LocalNotificationDailyJob u=0 s=10427 TIME=-19h25m16s857ms:none PERSISTED READY}
05-20 06:58:38.051  1612  5174 W ActivityTaskManager: Force removing ActivityRecord{326effe u0 pl.kacpermalachowski.virtualariadneline/.MainActivity t1110}: app died, no saved state
05-20 06:58:38.065  1612  2726 W ActivityManager: Unable to start service Intent { flg=0x4 cmp=com.microsoft.skydrive/.camerabackup.CameraRollJob } U=0: not found
05-20 06:58:38.065  1612  2154 W ActivityManager: setHasOverlayUi called on unknown pid: 2760
05-20 06:58:38.072  1612  2726 W ActivityManager: Unbind failed: could not find connection for android.app.LoadedApk$ServiceDispatcher$InnerConnection@6f6a87e
05-20 06:58:38.072  1612  2726 E JobScheduler.Concurrency: Error executing JobStatus{14c6ebe #u0a427/1073741824 com.microsoft.skydrive/.camerabackup.CameraRollJob u=0 s=10427 NET URIS=[android.app.job.JobInfo$TriggerContentUri@8abd8844, android.app.job.JobInfo$TriggerContentUri@b0cefe92, android.app.job.JobInfo$TriggerContentUri@691cff99, android.app.job.JobInfo$TriggerContentUri@fefc878b] READY}
05-20 06:58:38.077  1612  2726 W ActivityManager: Unable to start service Intent { flg=0x4 cmp=com.microsoft.office.outlook/androidx.work.impl.background.systemjob.SystemJobService } U=0: not found
05-20 06:58:38.077  1612  2726 W ActivityManager: Unbind failed: could not find connection for android.app.LoadedApk$ServiceDispatcher$InnerConnection@c1efe2c
05-20 06:58:38.077  1612  2726 E JobScheduler.Concurrency: Error executing JobStatus{e13b019 #u0a401/234 com.microsoft.office.outlook/androidx.work.impl.background.systemjob.SystemJobService u=0 s=10401 TIME=-7h23m13s383ms:none READY}
05-20 06:58:38.078  1612  2726 W ActivityManager: Unable to start service Intent { flg=0x4 cmp=com.instagram.android/androidx.work.impl.background.systemjob.SystemJobService } U=0: not found
05-20 06:58:38.078  1612  2726 W ActivityManager: Unbind failed: could not find connection for android.app.LoadedApk$ServiceDispatcher$InnerConnection@7122cfb
05-20 06:58:38.078  1612  2726 E JobScheduler.Concurrency: Error executing JobStatus{5622480 androidx.work.systemjobscheduler:u0a399/477 @androidx.work.systemjobscheduler@com.instagram.android/androidx.work.impl.background.systemjob.SystemJobService u=0 s=10399 TIME=-3h51m25s700ms:none READY}
05-20 06:58:38.079  1612  2726 W ActivityManager: Unable to start service Intent { flg=0x4 cmp=com.microsoft.skydrive/com.microsoft.crossplaform.interop.WifiAvailableJob } U=0: not found
05-20 06:58:38.079  1612  2726 W ActivityManager: Unbind failed: could not find connection for android.app.LoadedApk$ServiceDispatcher$InnerConnection@6358771
05-20 06:58:38.079  1612  2726 E JobScheduler.Concurrency: Error executing JobStatus{88eb9a9 #u0a427/1073741825 com.microsoft.skydrive/com.microsoft.crossplaform.interop.WifiAvailableJob u=0 s=10427 NET READY}
05-20 06:58:38.080  1612  2726 W JobScheduler.Concurrency: Had fewer than 16 in existence
05-20 06:58:38.081  1612  2726 W JobScheduler.Concurrency: Had fewer than 16 in existence
05-20 06:58:38.082  1612  2726 W JobScheduler.Concurrency: Had fewer than 16 in existence
05-20 06:58:38.083  1612  2726 W JobScheduler.Concurrency: Had fewer than 16 in existence
05-20 06:58:38.084  1612  2726 W JobScheduler.Concurrency: Had fewer than 16 in existence
05-20 06:58:38.086  1612  2726 W JobScheduler.Concurrency: Had fewer than 16 in existence
05-20 06:58:38.088  1612  2156 W ActivityTaskManager: activity boost didn't release as expected
05-20 06:58:38.088  1612  2726 W ActivityManager: Unable to start service Intent { flg=0x4 cmp=com.microsoft.skydrive/.updateuserinfo.UpdateUserInfoJob } U=0: not found
05-20 06:58:38.088  1612  2726 W ActivityManager: Unbind failed: could not find connection for android.app.LoadedApk$ServiceDispatcher$InnerConnection@f94a4e2
05-20 06:58:38.089  1612  2726 E JobScheduler.Concurrency: Error executing JobStatus{22098b0 #u0a427/1073741828 com.microsoft.skydrive/.updateuserinfo.UpdateUserInfoJob u=0 s=10427 TIME=none:-50m45s681ms READY}
05-20 06:58:38.090  1612  2726 W ActivityManager: Unable to start service Intent { flg=0x4 cmp=com.microsoft.skydrive/.jobs.UpdateMetadataForOfflineFilesJob } U=0: not found
05-20 06:58:38.090  1612  2726 W ActivityManager: Unbind failed: could not find connection for android.app.LoadedApk$ServiceDispatcher$InnerConnection@e07ab30
05-20 06:58:38.090  1612  2726 E JobScheduler.Concurrency: Error executing JobStatus{bfb4972 #u0a427/1073741826 com.microsoft.skydrive/.jobs.UpdateMetadataForOfflineFilesJob u=0 s=10427 TIME=-47m30s905ms:+12m29s95ms NET PERIODIC PERSISTED READY}
05-20 06:58:38.091  1612  2726 W ActivityManager: Unable to start service Intent { flg=0x4 cmp=com.microsoft.skydrive/com.microsoft.authorization.cloudaccounts.UpdateCloudAccountsJob } U=0: not found
05-20 06:58:38.092  1612  2726 W ActivityManager: Unbind failed: could not find connection for android.app.LoadedApk$ServiceDispatcher$InnerConnection@6d3e165
05-20 06:58:38.092  1612  2726 E JobScheduler.Concurrency: Error executing JobStatus{a36ac30 #u0a427/1073741831 com.microsoft.skydrive/com.microsoft.authorization.cloudaccounts.UpdateCloudAccountsJob u=0 s=10427 TIME=-1d12h19m13s523ms:none NET BATNOTLOW failures=15 READY}
05-20 06:58:38.103  1612  2726 W JobScheduler.Concurrency: Had fewer than 16 in existence
05-20 06:58:38.105  1612  2726 W JobScheduler.Concurrency: Had fewer than 16 in existence
05-20 06:58:38.106  1612  2726 W JobScheduler.Concurrency: Had fewer than 16 in existence
05-20 06:58:38.109  1612  2726 W ActivityManager: Unable to start service Intent { flg=0x4 cmp=com.microsoft.office.outlook/com.google.android.datatransport.runtime.scheduling.jobscheduling.JobInfoSchedulerService } U=0: not found
05-20 06:58:38.110  1612  2726 W ActivityManager: Unbind failed: could not find connection for android.app.LoadedApk$ServiceDispatcher$InnerConnection@64dbb78
05-20 06:58:38.110  1612  2726 E JobScheduler.Concurrency: Error executing JobStatus{33c04e1 #u0a401/-1397020546 com.microsoft.office.outlook/com.google.android.datatransport.runtime.scheduling.jobscheduling.JobInfoSchedulerService u=0 s=10401 TIME=-1d3h43m39s31ms:none NET READY}
05-20 06:58:38.112  1612  2726 W ActivityManager: Unable to start service Intent { flg=0x4 cmp=com.microsoft.skydrive/.jobs.LocalNotificationDailyJob } U=0: not found
05-20 06:58:38.112  1612  2726 W ActivityManager: Unbind failed: could not find connection for android.app.LoadedApk$ServiceDispatcher$InnerConnection@e742ab6
05-20 06:58:38.113  1612  2726 E JobScheduler.Concurrency: Error executing JobStatus{365616d #u0a427/1073741829 com.microsoft.skydrive/.jobs.LocalNotificationDailyJob u=0 s=10427 TIME=-19h25m16s926ms:none PERSISTED READY}
05-20 06:58:38.114  1612  2726 W ActivityManager: Unable to start service Intent { flg=0x4 cmp=com.microsoft.skydrive/.camerabackup.CameraRollJob } U=0: not found
05-20 06:58:38.114  1612  2726 W ActivityManager: Unbind failed: could not find connection for android.app.LoadedApk$ServiceDispatcher$InnerConnection@65f1724
05-20 06:58:38.114  1612  2726 E JobScheduler.Concurrency: Error executing JobStatus{14c6ebe #u0a427/1073741824 com.microsoft.skydrive/.camerabackup.CameraRollJob u=0 s=10427 NET URIS=[android.app.job.JobInfo$TriggerContentUri@8abd8844, android.app.job.JobInfo$TriggerContentUri@b0cefe92, android.app.job.JobInfo$TriggerContentUri@691cff99, android.app.job.JobInfo$TriggerContentUri@fefc878b] READY}
05-20 06:58:38.116  1612  2726 W ActivityManager: Unable to start service Intent { flg=0x4 cmp=com.microsoft.office.outlook/androidx.work.impl.background.systemjob.SystemJobService } U=0: not found
05-20 06:58:38.116  1612  2726 W ActivityManager: Unbind failed: could not find connection for android.app.LoadedApk$ServiceDispatcher$InnerConnection@962028d
05-20 06:58:38.116  1612  2726 E JobScheduler.Concurrency: Error executing JobStatus{e13b019 #u0a401/234 com.microsoft.office.outlook/androidx.work.impl.background.systemjob.SystemJobService u=0 s=10401 TIME=-7h23m13s422ms:none READY}
05-20 06:58:38.118  1612  2726 W ActivityManager: Unable to start service Intent { flg=0x4 cmp=com.instagram.android/androidx.work.impl.background.systemjob.SystemJobService } U=0: not found
05-20 06:58:38.118  1612  2726 W ActivityManager: Unbind failed: could not find connection for android.app.LoadedApk$ServiceDispatcher$InnerConnection@1903c42
05-20 06:58:38.118  1612  2726 E JobScheduler.Concurrency: Error executing JobStatus{5622480 androidx.work.systemjobscheduler:u0a399/477 @androidx.work.systemjobscheduler@com.instagram.android/androidx.work.impl.background.systemjob.SystemJobService u=0 s=10399 TIME=-3h51m25s740ms:none READY}
05-20 06:58:38.119  1612  2726 W ActivityManager: Unable to start service Intent { flg=0x4 cmp=com.microsoft.skydrive/com.microsoft.crossplaform.interop.WifiAvailableJob } U=0: not found
05-20 06:58:38.119  1612  2726 W ActivityManager: Unbind failed: could not find connection for android.app.LoadedApk$ServiceDispatcher$InnerConnection@9d1f453
05-20 06:58:38.119  1612  2726 E JobScheduler.Concurrency: Error executing JobStatus{88eb9a9 #u0a427/1073741825 com.microsoft.skydrive/com.microsoft.crossplaform.interop.WifiAvailableJob u=0 s=10427 NET READY}
05-20 06:58:38.129  1612  2726 W JobScheduler.Concurrency: Had fewer than 16 in existence
05-20 06:58:38.130  1612  2726 W JobScheduler.Concurrency: Had fewer than 16 in existence
05-20 06:58:38.130  1612  2156 W ActivityTaskManager: activity boost didn't release as expected
05-20 06:58:38.131  1612  2726 W JobScheduler.Concurrency: Had fewer than 16 in existence
05-20 06:58:38.132  1612  2726 W JobScheduler.Concurrency: Had fewer than 16 in existence
05-20 06:58:38.133  1612  2726 W JobScheduler.Concurrency: Had fewer than 16 in existence
05-20 06:58:38.134  1612  2726 W JobScheduler.Concurrency: Had fewer than 16 in existence
05-20 06:58:38.136  1612  2726 W ActivityManager: Unable to start service Intent { flg=0x4 cmp=com.microsoft.skydrive/.updateuserinfo.UpdateUserInfoJob } U=0: not found
05-20 06:58:38.136  1612  2726 W ActivityManager: Unbind failed: could not find connection for android.app.LoadedApk$ServiceDispatcher$InnerConnection@9b1f645
05-20 06:58:38.136  1612  2726 E JobScheduler.Concurrency: Error executing JobStatus{22098b0 #u0a427/1073741828 com.microsoft.skydrive/.updateuserinfo.UpdateUserInfoJob u=0 s=10427 TIME=none:-50m45s729ms READY}
05-20 06:58:38.142  1612  2726 W ActivityManager: Unable to start service Intent { flg=0x4 cmp=com.microsoft.skydrive/.jobs.UpdateMetadataForOfflineFilesJob } U=0: not found
05-20 06:58:38.142  1612  2726 W ActivityManager: Unbind failed: could not find connection for android.app.LoadedApk$ServiceDispatcher$InnerConnection@b1c1
05-20 06:58:38.143  1612  2726 E JobScheduler.Concurrency: Error executing JobStatus{bfb4972 #u0a427/1073741826 com.microsoft.skydrive/.jobs.UpdateMetadataForOfflineFilesJob u=0 s=10427 TIME=-47m30s958ms:+12m29s42ms NET PERIODIC PERSISTED READY}
05-20 06:58:38.145  1612  2726 W ActivityManager: Unable to start service Intent { flg=0x4 cmp=com.microsoft.skydrive/com.microsoft.authorization.cloudaccounts.UpdateCloudAccountsJob } U=0: not found
05-20 06:58:38.146  1612  2726 W ActivityManager: Unbind failed: could not find connection for android.app.LoadedApk$ServiceDispatcher$InnerConnection@d3518a7
05-20 06:58:38.146  1612  2726 E JobScheduler.Concurrency: Error executing JobStatus{a36ac30 #u0a427/1073741831 com.microsoft.skydrive/com.microsoft.authorization.cloudaccounts.UpdateCloudAccountsJob u=0 s=10427 TIME=-1d12h19m13s577ms:none NET BATNOTLOW failures=15 READY}
05-20 06:58:38.198  1612  2726 W JobScheduler.Concurrency: Had fewer than 16 in existence
05-20 06:58:38.199  1612  2726 W JobScheduler.Concurrency: Had fewer than 16 in existence
05-20 06:58:38.199  1612  2726 W JobScheduler.Concurrency: Had fewer than 16 in existence
05-20 06:58:38.206  1612  2726 W ActivityManager: Unable to start service Intent { flg=0x4 cmp=com.microsoft.office.outlook/com.google.android.datatransport.runtime.scheduling.jobscheduling.JobInfoSchedulerService } U=0: not found
05-20 06:58:38.207  1612  2726 W ActivityManager: Unbind failed: could not find connection for android.app.LoadedApk$ServiceDispatcher$InnerConnection@b72b169
05-20 06:58:38.208  1612  2726 E JobScheduler.Concurrency: Error executing JobStatus{33c04e1 #u0a401/-1397020546 com.microsoft.office.outlook/com.google.android.datatransport.runtime.scheduling.jobscheduling.JobInfoSchedulerService u=0 s=10401 TIME=-1d3h43m39s129ms:none NET READY}
05-20 06:58:38.210  1612  2726 W ActivityManager: Unable to start service Intent { flg=0x4 cmp=com.microsoft.skydrive/.jobs.LocalNotificationDailyJob } U=0: not found
05-20 06:58:38.217  1612  2726 W ActivityManager: Unbind failed: could not find connection for android.app.LoadedApk$ServiceDispatcher$InnerConnection@b12048f
05-20 06:58:38.218  1612  2726 E JobScheduler.Concurrency: Error executing JobStatus{365616d #u0a427/1073741829 com.microsoft.skydrive/.jobs.LocalNotificationDailyJob u=0 s=10427 TIME=-19h25m17s32ms:none PERSISTED READY}
05-20 06:58:38.221  1612  2726 W ActivityManager: Unable to start service Intent { flg=0x4 cmp=com.microsoft.skydrive/.camerabackup.CameraRollJob } U=0: not found
05-20 06:58:38.222  1612  2726 W ActivityManager: Unbind failed: could not find connection for android.app.LoadedApk$ServiceDispatcher$InnerConnection@fed64fa
05-20 06:58:38.222  1612  2726 E JobScheduler.Concurrency: Error executing JobStatus{14c6ebe #u0a427/1073741824 com.microsoft.skydrive/.camerabackup.CameraRollJob u=0 s=10427 NET URIS=[android.app.job.JobInfo$TriggerContentUri@8abd8844, android.app.job.JobInfo$TriggerContentUri@b0cefe92, android.app.job.JobInfo$TriggerContentUri@691cff99, android.app.job.JobInfo$TriggerContentUri@fefc878b] READY}
05-20 06:58:38.226  1612  2726 W ActivityManager: Unable to start service Intent { flg=0x4 cmp=com.microsoft.office.outlook/androidx.work.impl.background.systemjob.SystemJobService } U=0: not found
05-20 06:58:38.227  1612  2726 W ActivityManager: Unbind failed: could not find connection for android.app.LoadedApk$ServiceDispatcher$InnerConnection@e1624a1
05-20 06:58:38.227  1612  2726 E JobScheduler.Concurrency: Error executing JobStatus{e13b019 #u0a401/234 com.microsoft.office.outlook/androidx.work.impl.background.systemjob.SystemJobService u=0 s=10401 TIME=-7h23m13s533ms:none READY}
05-20 06:58:38.234  1612  2726 W ActivityManager: Unable to start service Intent { flg=0x4 cmp=com.instagram.android/androidx.work.impl.background.systemjob.SystemJobService } U=0: not found
05-20 06:58:38.234  1612  2726 W ActivityManager: Unbind failed: could not find connection for android.app.LoadedApk$ServiceDispatcher$InnerConnection@41cd6c6
05-20 06:58:38.234  1612  2726 E JobScheduler.Concurrency: Error executing JobStatus{5622480 androidx.work.systemjobscheduler:u0a399/477 @androidx.work.systemjobscheduler@com.instagram.android/androidx.work.impl.background.systemjob.SystemJobService u=0 s=10399 TIME=-3h51m25s856ms:none READY}
05-20 06:58:38.238  1612  2726 W ActivityManager: Unable to start service Intent { flg=0x4 cmp=com.microsoft.skydrive/com.microsoft.crossplaform.interop.WifiAvailableJob } U=0: not found
05-20 06:58:38.238  1612  2726 W ActivityManager: Unbind failed: could not find connection for android.app.LoadedApk$ServiceDispatcher$InnerConnection@cdbf687
05-20 06:58:38.238  1612  2726 E JobScheduler.Concurrency: Error executing JobStatus{88eb9a9 #u0a427/1073741825 com.microsoft.skydrive/com.microsoft.crossplaform.interop.WifiAvailableJob u=0 s=10427 NET READY}
05-20 06:58:38.240  1612  2726 W JobScheduler.Concurrency: Had fewer than 16 in existence
05-20 06:58:38.242  1612  2726 W JobScheduler.Concurrency: Had fewer than 16 in existence
05-20 06:58:38.243  1612  2726 W JobScheduler.Concurrency: Had fewer than 16 in existence
05-20 06:58:38.246  1612  2726 W JobScheduler.Concurrency: Had fewer than 16 in existence
05-20 06:58:38.246  1612  2726 W JobScheduler.Concurrency: Had fewer than 16 in existence
05-20 06:58:38.247  1612  2726 W JobScheduler.Concurrency: Had fewer than 16 in existence
05-20 06:58:38.259  1612  2726 W ActivityManager: Unable to start service Intent { flg=0x4 cmp=com.microsoft.skydrive/.updateuserinfo.UpdateUserInfoJob } U=0: not found
05-20 06:58:38.264  1612  2726 W ActivityManager: Unbind failed: could not find connection for android.app.LoadedApk$ServiceDispatcher$InnerConnection@5ddc6d9
05-20 06:58:38.264  1612  2726 E JobScheduler.Concurrency: Error executing JobStatus{22098b0 #u0a427/1073741828 com.microsoft.skydrive/.updateuserinfo.UpdateUserInfoJob u=0 s=10427 TIME=none:-50m45s857ms READY}
05-20 06:58:38.271  1612  2726 W ActivityManager: Unable to start service Intent { flg=0x4 cmp=com.microsoft.skydrive/.jobs.UpdateMetadataForOfflineFilesJob } U=0: not found
05-20 06:58:38.271  1612  2726 W ActivityManager: Unbind failed: could not find connection for android.app.LoadedApk$ServiceDispatcher$InnerConnection@2ce1b4c
05-20 06:58:38.272  1612  2726 E JobScheduler.Concurrency: Error executing JobStatus{bfb4972 #u0a427/1073741826 com.microsoft.skydrive/.jobs.UpdateMetadataForOfflineFilesJob u=0 s=10427 TIME=-47m31s87ms:+12m28s913ms NET PERIODIC PERSISTED READY}
05-20 06:58:38.275  1612  2726 W ActivityManager: Unable to start service Intent { flg=0x4 cmp=com.microsoft.skydrive/com.microsoft.authorization.cloudaccounts.UpdateCloudAccountsJob } U=0: not found
05-20 06:58:38.276  1612  2726 W ActivityManager: Unbind failed: could not find connection for android.app.LoadedApk$ServiceDispatcher$InnerConnection@4e900aa
05-20 06:58:38.276  1612  2726 E JobScheduler.Concurrency: Error executing JobStatus{a36ac30 #u0a427/1073741831 com.microsoft.skydrive/com.microsoft.authorization.cloudaccounts.UpdateCloudAccountsJob u=0 s=10427 TIME=-1d12h19m13s707ms:none NET BATNOTLOW failures=15 READY}
05-20 06:58:38.282  1612  2726 W JobScheduler.Concurrency: Had fewer than 16 in existence
05-20 06:58:38.283  1612  2726 W JobScheduler.Concurrency: Had fewer than 16 in existence
05-20 06:58:38.286  1612  2726 W JobScheduler.Concurrency: Had fewer than 16 in existence
05-20 06:58:38.290  1612  2726 W ActivityManager: Unable to start service Intent { flg=0x4 cmp=com.microsoft.office.outlook/com.google.android.datatransport.runtime.scheduling.jobscheduling.JobInfoSchedulerService } U=0: not found
05-20 06:58:38.291  1612  2726 W ActivityManager: Unbind failed: could not find connection for android.app.LoadedApk$ServiceDispatcher$InnerConnection@a498f77
05-20 06:58:38.291  1612  2726 E JobScheduler.Concurrency: Error executing JobStatus{33c04e1 #u0a401/-1397020546 com.microsoft.office.outlook/com.google.android.datatransport.runtime.scheduling.jobscheduling.JobInfoSchedulerService u=0 s=10401 TIME=-1d3h43m39s212ms:none NET READY}
05-20 06:58:38.294  1612  2726 W ActivityManager: Unable to start service Intent { flg=0x4 cmp=com.microsoft.skydrive/.jobs.LocalNotificationDailyJob } U=0: not found
05-20 06:58:38.294  1612  2726 W ActivityManager: Unbind failed: could not find connection for android.app.LoadedApk$ServiceDispatcher$InnerConnection@3a3844d
05-20 06:58:38.295  1612  2726 E JobScheduler.Concurrency: Error executing JobStatus{365616d #u0a427/1073741829 com.microsoft.skydrive/.jobs.LocalNotificationDailyJob u=0 s=10427 TIME=-19h25m17s108ms:none PERSISTED READY}
05-20 06:58:38.298  1612  2726 W ActivityManager: Unable to start service Intent { flg=0x4 cmp=com.microsoft.skydrive/.camerabackup.CameraRollJob } U=0: not found
05-20 06:58:38.298  1612  2726 W ActivityManager: Unbind failed: could not find connection for android.app.LoadedApk$ServiceDispatcher$InnerConnection@23dac13
05-20 06:58:38.299  1612  2726 E JobScheduler.Concurrency: Error executing JobStatus{14c6ebe #u0a427/1073741824 com.microsoft.skydrive/.camerabackup.CameraRollJob u=0 s=10427 NET URIS=[android.app.job.JobInfo$TriggerContentUri@8abd8844, android.app.job.JobInfo$TriggerContentUri@b0cefe92, android.app.job.JobInfo$TriggerContentUri@691cff99, android.app.job.JobInfo$TriggerContentUri@fefc878b] READY}
05-20 06:58:38.301  1612  2726 W ActivityManager: Unable to start service Intent { flg=0x4 cmp=com.microsoft.office.outlook/androidx.work.impl.background.systemjob.SystemJobService } U=0: not found
05-20 06:58:38.302  1612  2726 W ActivityManager: Unbind failed: could not find connection for android.app.LoadedApk$ServiceDispatcher$InnerConnection@ee9f005
05-20 06:58:38.302  1612  2726 E JobScheduler.Concurrency: Error executing JobStatus{e13b019 #u0a401/234 com.microsoft.office.outlook/androidx.work.impl.background.systemjob.SystemJobService u=0 s=10401 TIME=-7h23m13s608ms:none READY}
05-20 06:58:38.305  1612  2726 W ActivityManager: Unable to start service Intent { flg=0x4 cmp=com.instagram.android/androidx.work.impl.background.systemjob.SystemJobService } U=0: not found
05-20 06:58:38.305  1612  2726 W ActivityManager: Unbind failed: could not find connection for android.app.LoadedApk$ServiceDispatcher$InnerConnection@99ae85a
05-20 06:58:38.306  1612  2726 E JobScheduler.Concurrency: Error executing JobStatus{5622480 androidx.work.systemjobscheduler:u0a399/477 @androidx.work.systemjobscheduler@com.instagram.android/androidx.work.impl.background.systemjob.SystemJobService u=0 s=10399 TIME=-3h51m25s928ms:none READY}
05-20 06:58:38.310  1612  2726 W ActivityManager: Unable to start service Intent { flg=0x4 cmp=com.microsoft.skydrive/com.microsoft.crossplaform.interop.WifiAvailableJob } U=0: not found
05-20 06:58:38.310  1612  2726 W ActivityManager: Unbind failed: could not find connection for android.app.LoadedApk$ServiceDispatcher$InnerConnection@95c8a8b
05-20 06:58:38.310  1612  2726 E JobScheduler.Concurrency: Error executing JobStatus{88eb9a9 #u0a427/1073741825 com.microsoft.skydrive/com.microsoft.crossplaform.interop.WifiAvailableJob u=0 s=10427 NET READY}
05-20 06:58:38.311  1612  2726 W JobScheduler.Concurrency: Had fewer than 16 in existence
05-20 06:58:38.312  1612  2726 W JobScheduler.Concurrency: Had fewer than 16 in existence
05-20 06:58:38.313  1612  2726 W JobScheduler.Concurrency: Had fewer than 16 in existence
05-20 06:58:38.314  1612  2726 W JobScheduler.Concurrency: Had fewer than 16 in existence
05-20 06:58:38.315  1612  2726 W JobScheduler.Concurrency: Had fewer than 16 in existence
05-20 06:58:38.315  1612  2726 W JobScheduler.Concurrency: Had fewer than 16 in existence
05-20 06:58:38.318  1612  2726 W ActivityManager: Unable to start service Intent { flg=0x4 cmp=com.microsoft.skydrive/.updateuserinfo.UpdateUserInfoJob } U=0: not found
05-20 06:58:38.319  1612  2726 W ActivityManager: Unbind failed: could not find connection for android.app.LoadedApk$ServiceDispatcher$InnerConnection@10f3026
