05-20 06:16:40.792 23437 23572 E AndroidRuntime: recursivelyTraverseReconnectPassiveEffects@1:437001
05-20 06:16:40.792 23437 23572 E AndroidRuntime: commitPassiveMountOnFiber@1:436561
05-20 06:16:40.792 23437 23572 E AndroidRuntime: recursivelyTraversePassiveMountEffects@1:436365
05-20 06:16:40.792 23437 23572 E AndroidRuntime: commitPassiveMountOnFiber@1:436473
05-20 06:16:40.792 23437 23572 E AndroidRuntime: recursivelyTraversePassiveMountEffects@1:436365
05-20 06:16:40.792 23437 23572 E AndroidRuntime: commitPassiveMountOnFiber@1:436699
05-20 06:16:40.792 23437 23572 E AndroidRuntime: recursivelyTraversePassiveMountEffects@1:436365
05-20 06:16:40.792 23437 23572 E AndroidRuntime: commitPassiveMountOnFiber@1:436699
05-20 06:16:40.792 23437 23572 E AndroidRuntime: recursivelyTraversePassiveMountEffects@1:436365
05-20 06:16:40.792 23437 23572 E AndroidRuntime: commitPassiveMountOnFiber@1:436473
05-20 06:16:40.792 23437 23572 E AndroidRuntime: recursivelyTraversePassiveMountEffects@1:436365
05-20 06:16:40.792 23437 23572 E AndroidRuntime: commitPassiveMountOnFiber@1:436699
05-20 06:16:40.792 23437 23572 E AndroidRuntime: recursivelyTraversePassiveMountEffects@1:436365
05-20 06:16:40.792 23437 23572 E AndroidRuntime: commitPassiveMountOnFiber@1:436473
05-20 06:16:40.792 23437 23572 E AndroidRuntime: recursivelyTraversePassiveMountEffects@1:436365
05-20 06:16:40.792 23437 23572 E AndroidRuntime: commitPassiveMountOnFiber@1:436473
05-20 06:16:40.792 23437 23572 E AndroidRuntime: recursivelyTraversePassiveMountEffects@1:436365
05-20 06:16:40.792 23437 23572 E AndroidRuntime: commitPassiveMountOnFiber@1:436473
05-20 06:16:40.792 23437 23572 E AndroidRuntime: recursivelyTraversePassiveMountEffects@1:436365
05-20 06:16:40.792 23437 23572 E AndroidRuntime: commitPassiveMountOnFiber@1:436473
05-20 06:16:40.792 23437 23572 E AndroidRuntime: recursivelyTraversePassiveMountEffects@1:436365
05-20 06:16:40.792 23437 23572 E AndroidRuntime: commitPassiveMountOnFiber@1:436473
05-20 06:16:40.792 23437 23572 E AndroidRuntime: recursivelyTraversePassiveMountEffects@1:436365
05-20 06:16:40.792 23437 23572 E AndroidRuntime: commitPassiveMountOnFiber@1:436473
05-20 06:16:40.792 23437 23572 E AndroidRuntime: recursivelyTraversePassiveMountEffects@1:436365
05-20 06:16:40.792 23437 23572 E AndroidRuntime: commitPassiveMountOnFiber@1:436699
05-20 06:16:40.792 23437 23572 E AndroidRuntime: recursivelyTraversePassiveMountEffects@1:436365
05-20 06:16:40.792 23437 23572 E AndroidRuntime: commitPassiveMountOnFiber@1:436473
05-20 06:16:40.792 23437 23572 E AndroidRuntime: recursivelyTraversePassiveMountEffects@1:436365
05-20 06:16:40.792 23437 23572 E AndroidRuntime: commitPassiveMountOnFiber@1:436473
05-20 06:16:40.792 23437 23572 E AndroidRuntime: recursivelyTraversePassiveMountEffects@1:436365
05-20 06:16:40.792 23437 23572 E AndroidRuntime: commitPassiveMountOnFiber@1:436473
05-20 06:16:40.792 23437 23572 E AndroidRuntime: recursivelyTraversePassiveMountEffects@1:436365
05-20 06:16:40.792 23437 23572 E AndroidRuntime: commitPassiveMountOnFiber@1:436699
05-20 06:16:40.792 23437 23572 E AndroidRuntime: recursivelyTraversePassiveMountEffects@1:436365
05-20 06:16:40.792 23437 23572 E AndroidRuntime: commitPassiveMountOnFiber@1:436699
05-20 06:16:40.792 23437 23572 E AndroidRuntime: recursivelyTraversePassiveMountEffects@1:436365
05-20 06:16:40.792 23437 23572 E AndroidRuntime: commitPassiveMountOnFiber@1:436473
05-20 06:16:40.792 23437 23572 E AndroidRuntime: recursivelyTraversePassiveMountEffects@1:436365
05-20 06:16:40.792 23437 23572 E AndroidRuntime: commitPassiveMountOnFiber@1:436699
05-20 06:16:40.792 23437 23572 E AndroidRuntime: recursivelyTraversePassiveMountEffects@1:436365
05-20 06:16:40.792 23437 23572 E AndroidRuntime: commitPassiveMountOnFiber@1:436473
05-20 06:16:40.792 23437 23572 E AndroidRuntime: recursivelyTraversePassiveMountEffects@1:436365
05-20 06:16:40.792 23437 23572 E AndroidRuntime: commitPassiveMountOnFiber@1:436699
05-20 06:16:40.792 23437 23572 E AndroidRuntime: recursivelyTraversePassiveMountEffects@1:436365
05-20 06:16:40.792 23437 23572 E AndroidRuntime: commitPassiveMountOnFiber@1:436473
05-20 06:16:40.792 23437 23572 E AndroidRuntime: recursivelyTraversePassiveMountEffects@1:436365
05-20 06:16:40.792 23437 23572 E AndroidRuntime: commitPassiveMountOnFiber@1:436681
05-20 06:16:40.792 23437 23572 E AndroidRuntime: flushPassiveEffects@1:444143
05-20 06:16:40.792 23437 23572 E AndroidRuntime: flushSyncWorkAcrossRoots_impl@1:395383
05-20 06:16:40.792 23437 23572 E AndroidRuntime: batchedUpdatesImpl@1:453794
05-20 06:16:40.792 23437 23572 E AndroidRuntime: batchedUpdates$1@1:388130
05-20 06:16:40.792 23437 23572 E AndroidRuntime: _receiveRootNodeIDEvent@1:388416
05-20 06:16:40.792 23437 23572 E AndroidRuntime: receiveTouches@1:451370
05-20 06:16:40.792 23437 23572 E AndroidRuntime: __callFunction@1:113476
05-20 06:16:40.792 23437 23572 E AndroidRuntime: anonymous@1:111918
05-20 06:16:40.792 23437 23572 E AndroidRuntime: __guard@1:112858
05-20 06:16:40.792 23437 23572 E AndroidRuntime: callFunctionReturnFlushedQueue@1:111876
05-20 06:16:40.792 23437 23572 E AndroidRuntime: 
05-20 06:16:40.792 23437 23572 E AndroidRuntime: 	at com.facebook.react.modules.core.ExceptionsManagerModule.reportException(ExceptionsManagerModule.kt:52)
05-20 06:16:40.792 23437 23572 E AndroidRuntime: 	at java.lang.reflect.Method.invoke(Native Method)
05-20 06:16:40.792 23437 23572 E AndroidRuntime: 	at com.facebook.react.bridge.JavaMethodWrapper.invoke(JavaMethodWrapper.java:372)
05-20 06:16:40.792 23437 23572 E AndroidRuntime: 	at com.facebook.react.bridge.JavaModuleWrapper.invoke(JavaModuleWrapper.java:146)
05-20 06:16:40.792 23437 23572 E AndroidRuntime: 	at com.facebook.jni.NativeRunnable.run(Native Method)
05-20 06:16:40.792 23437 23572 E AndroidRuntime: 	at android.os.Handler.handleCallback(Handler.java:1000)
05-20 06:16:40.792 23437 23572 E AndroidRuntime: 	at android.os.Handler.dispatchMessage(Handler.java:104)
05-20 06:16:40.792 23437 23572 E AndroidRuntime: 	at com.facebook.react.bridge.queue.MessageQueueThreadHandler.dispatchMessage(MessageQueueThreadHandler.java:27)
05-20 06:16:40.792 23437 23572 E AndroidRuntime: 	at android.os.Looper.loopOnce(Looper.java:242)
05-20 06:16:40.792 23437 23572 E AndroidRuntime: 	at android.os.Looper.loop(Looper.java:362)
05-20 06:16:40.792 23437 23572 E AndroidRuntime: 	at com.facebook.react.bridge.queue.MessageQueueThreadImpl.lambda$startNewBackgroundThread$2(MessageQueueThreadImpl.java:217)
05-20 06:16:40.792 23437 23572 E AndroidRuntime: 	at com.facebook.react.bridge.queue.MessageQueueThreadImpl$$ExternalSyntheticLambda1.run(D8$$SyntheticClass:0)
05-20 06:16:40.792 23437 23572 E AndroidRuntime: 	at java.lang.Thread.run(Thread.java:1012)
05-20 06:18:42.994 24754 24787 E AndroidRuntime: FATAL EXCEPTION: mqt_native_modules
05-20 06:18:42.994 24754 24787 E AndroidRuntime: Process: pl.kacpermalachowski.virtualariadneline, PID: 24754
05-20 06:18:42.994 24754 24787 E AndroidRuntime: com.facebook.react.common.JavascriptException: TypeError: Cannot read property 'length' of undefined
05-20 06:18:42.994 24754 24787 E AndroidRuntime: 
05-20 06:18:42.994 24754 24787 E AndroidRuntime: This error is located at:
05-20 06:18:42.994 24754 24787 E AndroidRuntime:     in Map
05-20 06:18:42.994 24754 24787 E AndroidRuntime:     in StaticContainer
05-20 06:18:42.994 24754 24787 E AndroidRuntime:     in EnsureSingleNavigator
05-20 06:18:42.994 24754 24787 E AndroidRuntime:     in SceneView
05-20 06:18:42.994 24754 24787 E AndroidRuntime:     in RCTView
05-20 06:18:42.994 24754 24787 E AndroidRuntime:     in Unknown
05-20 06:18:42.994 24754 24787 E AndroidRuntime:     in RCTView
05-20 06:18:42.994 24754 24787 E AndroidRuntime:     in Unknown
05-20 06:18:42.994 24754 24787 E AndroidRuntime:     in RCTView
05-20 06:18:42.994 24754 24787 E AndroidRuntime:     in Unknown
05-20 06:18:42.994 24754 24787 E AndroidRuntime:     in CardSheet
05-20 06:18:42.994 24754 24787 E AndroidRuntime:     in RCTView
05-20 06:18:42.994 24754 24787 E AndroidRuntime:     in Unknown
05-20 06:18:42.994 24754 24787 E AndroidRuntime:     in Unknown
05-20 06:18:42.994 24754 24787 E AndroidRuntime:     in PanGestureHandler
05-20 06:18:42.994 24754 24787 E AndroidRuntime:     in PanGestureHandler
05-20 06:18:42.994 24754 24787 E AndroidRuntime:     in RCTView
05-20 06:18:42.994 24754 24787 E AndroidRuntime:     in Unknown
05-20 06:18:42.994 24754 24787 E AndroidRuntime:     in Unknown
05-20 06:18:42.994 24754 24787 E AndroidRuntime:     in RCTView
05-20 06:18:42.994 24754 24787 E AndroidRuntime:     in Unknown
05-20 06:18:42.994 24754 24787 E AndroidRuntime:     in Card
05-20 06:18:42.994 24754 24787 E AndroidRuntime:     in CardContainerInner
05-20 06:18:42.994 24754 24787 E AndroidRuntime:     in RNSScreen
05-20 06:18:42.994 24754 24787 E AndroidRuntime:     in Unknown
05-20 06:18:42.994 24754 24787 E AndroidRuntime:     in Suspender
05-20 06:18:42.994 24754 24787 E AndroidRuntime:     in Suspense
05-20 06:18:42.994 24754 24787 E AndroidRuntime:     in Freeze
05-20 06:18:42.994 24754 24787 E AndroidRuntime:     in DelayedFreeze
05-20 06:18:42.994 24754 24787 E AndroidRuntime:     in InnerScreen
05-20 06:18:42.994 24754 24787 E AndroidRuntime:     in Unknown
05-20 06:18:42.994 24754 24787 E AndroidRuntime:     in MaybeScreen
05-20 06:18:42.994 24754 24787 E AndroidRuntime:     in RNSScreenContainer
05-20 06:18:42.994 24754 24787 E AndroidRuntime:     in ScreenContainer
05-20 06:18:42.994 24754 24787 E AndroidRuntime:     in MaybeScreenContainer
05-20 06:18:42.994 24754 24787 E AndroidRuntime:     in RCTView
05-20 06:18:42.994 24754 24787 E AndroidRuntime:     in Unknown
05-20 06:18:42.994 24754 24787 E AndroidRuntime:     in CardStack
05-20 06:18:42.994 24754 24787 E AndroidRuntime:     in RNCSafeAreaProvider
05-20 06:18:42.994 24754 24787 E AndroidRuntime:     in SafeAreaProvider
05-20 06:18:42.994 24754 24787 E AndroidRuntime:     in SafeAreaProviderCompat
05-20 06:18:42.994 24754 24787 E AndroidRuntime:     in RNGestureHandlerRootView
05-20 06:18:42.994 24754 24787 E AndroidRuntime:     in GestureHandlerRootView
05-20 06:18:42.994 24754 24787 E AndroidRuntime:     in StackView
05-20 06:18:42.994 24754 24787 E AndroidRuntime:     in PreventRemoveProvider
05-20 06:18:42.994 24754 24787 E AndroidRuntime:     in NavigationContent
05-20 06:18:42.994 24754 24787 E AndroidRuntime:     in Unknown
05-20 06:18:42.994 24754 24787 E AndroidRuntime:     in StackNavigator
05-20 06:18:42.994 24754 24787 E AndroidRuntime:     in ThemeProvider
05-20 06:18:42.994 24754 24787 E AndroidRuntime:     in EnsureSingleNavigator
05-20 06:18:42.994 24754 24787 E AndroidRuntime:     in BaseNavigationContainer
05-20 06:18:42.994 24754 24787 E AndroidRuntime:     in NavigationContainerInner
05-20 06:18:42.994 24754 24787 E AndroidRuntime:     in App
05-20 06:18:42.994 24754 24787 E AndroidRuntime:     in RCTView
05-20 06:18:42.994 24754 24787 E AndroidRuntime:     in Unknown
05-20 06:18:42.994 24754 24787 E AndroidRuntime:     in AppContainer, js engine: hermes, stack:
05-20 06:18:42.994 24754 24787 E AndroidRuntime: anonymous@1:1036630
05-20 06:18:42.994 24754 24787 E AndroidRuntime: commitHookEffectListMount@1:428535
05-20 06:18:42.994 24754 24787 E AndroidRuntime: commitHookPassiveMountEffects@1:436281
05-20 06:18:42.994 24754 24787 E AndroidRuntime: recursivelyTraverseReconnectPassiveEffects@1:437012
05-20 06:18:42.994 24754 24787 E AndroidRuntime: recursivelyTraverseReconnectPassiveEffects@1:437001
05-20 06:18:42.994 24754 24787 E AndroidRuntime: recursivelyTraverseReconnectPassiveEffects@1:436844
05-20 06:18:42.994 24754 24787 E AndroidRuntime: recursivelyTraverseReconnectPassiveEffects@1:436844
05-20 06:18:42.994 24754 24787 E AndroidRuntime: recursivelyTraverseReconnectPassiveEffects@1:437001
05-20 06:18:42.994 24754 24787 E AndroidRuntime: recursivelyTraverseReconnectPassiveEffects@1:436844
05-20 06:18:42.994 24754 24787 E AndroidRuntime: recursivelyTraverseReconnectPassiveEffects@1:436844
05-20 06:18:42.994 24754 24787 E AndroidRuntime: recursivelyTraverseReconnectPassiveEffects@1:437001
05-20 06:18:42.994 24754 24787 E AndroidRuntime: recursivelyTraverseReconnectPassiveEffects@1:436844
05-20 06:18:42.994 24754 24787 E AndroidRuntime: recursivelyTraverseReconnectPassiveEffects@1:436844
05-20 06:18:42.994 24754 24787 E AndroidRuntime: recursivelyTraverseReconnectPassiveEffects@1:436844
05-20 06:18:42.994 24754 24787 E AndroidRuntime: recursivelyTraverseReconnectPassiveEffects@1:436844
05-20 06:18:42.994 24754 24787 E AndroidRuntime: recursivelyTraverseReconnectPassiveEffects@1:436844
05-20 06:18:42.994 24754 24787 E AndroidRuntime: recursivelyTraverseReconnectPassiveEffects@1:436844
05-20 06:18:42.994 24754 24787 E AndroidRuntime: recursivelyTraverseReconnectPassiveEffects@1:436844
05-20 06:18:42.994 24754 24787 E AndroidRuntime: recursivelyTraverseReconnectPassiveEffects@1:437001
05-20 06:18:42.994 24754 24787 E AndroidRuntime: recursivelyTraverseReconnectPassiveEffects@1:436844
05-20 06:18:42.994 24754 24787 E AndroidRuntime: recursivelyTraverseReconnectPassiveEffects@1:436844
05-20 06:18:42.994 24754 24787 E AndroidRuntime: recursivelyTraverseReconnectPassiveEffects@1:437001
05-20 06:18:42.994 24754 24787 E AndroidRuntime: recursivelyTraverseReconnectPassiveEffects@1:436844
05-20 06:18:42.994 24754 24787 E AndroidRuntime: recursivelyTraverseReconnectPassiveEffects@1:437001
05-20 06:18:42.994 24754 24787 E AndroidRuntime: recursivelyTraverseReconnectPassiveEffects@1:437001
05-20 06:18:42.994 24754 24787 E AndroidRuntime: recursivelyTraverseReconnectPassiveEffects@1:436844
05-20 06:18:42.994 24754 24787 E AndroidRuntime: recursivelyTraverseReconnectPassiveEffects@1:437001
05-20 06:18:42.994 24754 24787 E AndroidRuntime: recursivelyTraverseReconnectPassiveEffects@1:437001
05-20 06:18:42.994 24754 24787 E AndroidRuntime: recursivelyTraverseReconnectPassiveEffects@1:436844
05-20 06:18:42.994 24754 24787 E AndroidRuntime: recursivelyTraverseReconnectPassiveEffects@1:436844
05-20 06:18:42.994 24754 24787 E AndroidRuntime: recursivelyTraverseReconnectPassiveEffects@1:437001
05-20 06:18:42.994 24754 24787 E AndroidRuntime: recursivelyTraverseReconnectPassiveEffects@1:436844
05-20 06:18:42.994 24754 24787 E AndroidRuntime: recursivelyTraverseReconnectPassiveEffects@1:437001
05-20 06:18:42.994 24754 24787 E AndroidRuntime: recursivelyTraverseReconnectPassiveEffects@1:437001
05-20 06:18:42.994 24754 24787 E AndroidRuntime: recursivelyTraverseReconnectPassiveEffects@1:436844
05-20 06:18:42.994 24754 24787 E AndroidRuntime: recursivelyTraverseReconnectPassiveEffects@1:437001
05-20 06:18:42.994 24754 24787 E AndroidRuntime: recursivelyTraverseReconnectPassiveEffects@1:436844
05-20 06:18:42.994 24754 24787 E AndroidRuntime: recursivelyTraverseReconnectPassiveEffects@1:436844
05-20 06:18:42.994 24754 24787 E AndroidRuntime: recursivelyTraverseReconnectPassiveEffects@1:437001
05-20 06:18:42.994 24754 24787 E AndroidRuntime: recursivelyTraverseReconnectPassiveEffects@1:436844
05-20 06:18:42.994 24754 24787 E AndroidRuntime: recursivelyTraverseReconnectPassiveEffects@1:437001
05-20 06:18:42.994 24754 24787 E AndroidRuntime: recursivelyTraverseReconnectPassiveEffects@1:437001
05-20 06:18:42.994 24754 24787 E AndroidRuntime: commitPassiveMountOnFiber@1:436561
05-20 06:18:42.994 24754 24787 E AndroidRuntime: recursivelyTraversePassiveMountEffects@1:436365
05-20 06:18:42.994 24754 24787 E AndroidRuntime: commitPassiveMountOnFiber@1:436473
05-20 06:18:42.994 24754 24787 E AndroidRuntime: recursivelyTraversePassiveMountEffects@1:436365
05-20 06:18:42.994 24754 24787 E AndroidRuntime: commitPassiveMountOnFiber@1:436699
05-20 06:18:42.994 24754 24787 E AndroidRuntime: recursivelyTraversePassiveMountEffects@1:436365
05-20 06:18:42.994 24754 24787 E AndroidRuntime: commitPassiveMountOnFiber@1:436699
05-20 06:18:42.994 24754 24787 E AndroidRuntime: recursivelyTraversePassiveMountEffects@1:436365
05-20 06:18:42.994 24754 24787 E AndroidRuntime: commitPassiveMountOnFiber@1:436473
05-20 06:18:42.994 24754 24787 E AndroidRuntime: recursivelyTraversePassiveMountEffects@1:436365
05-20 06:18:42.994 24754 24787 E AndroidRuntime: commitPassiveMountOnFiber@1:436699
05-20 06:18:42.994 24754 24787 E AndroidRuntime: recursivelyTraversePassiveMountEffects@1:436365
05-20 06:18:42.994 24754 24787 E AndroidRuntime: commitPassiveMountOnFiber@1:436473
05-20 06:18:42.995 24754 24787 E AndroidRuntime: recursivelyTraversePassiveMountEffects@1:436365
05-20 06:18:42.995 24754 24787 E AndroidRuntime: commitPassiveMountOnFiber@1:436473
05-20 06:18:42.995 24754 24787 E AndroidRuntime: recursivelyTraversePassiveMountEffects@1:436365
05-20 06:18:42.995 24754 24787 E AndroidRuntime: commitPassiveMountOnFiber@1:436473
05-20 06:18:42.995 24754 24787 E AndroidRuntime: recursivelyTraversePassiveMountEffects@1:436365
05-20 06:18:42.995 24754 24787 E AndroidRuntime: commitPassiveMountOnFiber@1:436473
05-20 06:18:42.995 24754 24787 E AndroidRuntime: recursivelyTraversePassiveMountEffects@1:436365
05-20 06:18:42.995 24754 24787 E AndroidRuntime: commitPassiveMountOnFiber@1:436473
05-20 06:18:42.995 24754 24787 E AndroidRuntime: recursivelyTraversePassiveMountEffects@1:436365
05-20 06:18:42.995 24754 24787 E AndroidRuntime: commitPassiveMountOnFiber@1:436473
05-20 06:18:42.995 24754 24787 E AndroidRuntime: recursivelyTraversePassiveMountEffects@1:436365
05-20 06:18:42.995 24754 24787 E AndroidRuntime: commitPassiveMountOnFiber@1:436699
05-20 06:18:42.995 24754 24787 E AndroidRuntime: recursivelyTraversePassiveMountEffects@1:436365
05-20 06:18:42.995 24754 24787 E AndroidRuntime: commitPassiveMountOnFiber@1:436473
05-20 06:18:42.995 24754 24787 E AndroidRuntime: recursivelyTraversePassiveMountEffects@1:436365
05-20 06:18:42.995 24754 24787 E AndroidRuntime: commitPassiveMountOnFiber@1:436473
05-20 06:18:42.995 24754 24787 E AndroidRuntime: recursivelyTraversePassiveMountEffects@1:436365
05-20 06:18:42.995 24754 24787 E AndroidRuntime: commitPassiveMountOnFiber@1:436473
05-20 06:18:42.995 24754 24787 E AndroidRuntime: recursivelyTraversePassiveMountEffects@1:436365
05-20 06:18:42.995 24754 24787 E AndroidRuntime: commitPassiveMountOnFiber@1:436699
05-20 06:18:42.995 24754 24787 E AndroidRuntime: recursivelyTraversePassiveMountEffects@1:436365
05-20 06:18:42.995 24754 24787 E AndroidRuntime: commitPassiveMountOnFiber@1:436699
05-20 06:18:42.995 24754 24787 E AndroidRuntime: recursivelyTraversePassiveMountEffects@1:436365
05-20 06:18:42.995 24754 24787 E AndroidRuntime: commitPassiveMountOnFiber@1:436473
05-20 06:18:42.995 24754 24787 E AndroidRuntime: recursivelyTraversePassiveMountEffects@1:436365
05-20 06:18:42.995 24754 24787 E AndroidRuntime: commitPassiveMountOnFiber@1:436699
05-20 06:18:42.995 24754 24787 E AndroidRuntime: recursivelyTraversePassiveMountEffects@1:436365
05-20 06:18:42.995 24754 24787 E AndroidRuntime: commitPassiveMountOnFiber@1:436473
05-20 06:18:42.995 24754 24787 E AndroidRuntime: recursivelyTraversePassiveMountEffects@1:436365
05-20 06:18:42.995 24754 24787 E AndroidRuntime: commitPassiveMountOnFiber@1:436699
05-20 06:18:42.995 24754 24787 E AndroidRuntime: recursivelyTraversePassiveMountEffects@1:436365
05-20 06:18:42.995 24754 24787 E AndroidRuntime: commitPassiveMountOnFiber@1:436473
05-20 06:18:42.995 24754 24787 E AndroidRuntime: recursivelyTraversePassiveMountEffects@1:436365
05-20 06:18:42.995 24754 24787 E AndroidRuntime: commitPassiveMountOnFiber@1:436681
05-20 06:18:42.995 24754 24787 E AndroidRuntime: flushPassiveEffects@1:444143
05-20 06:18:42.995 24754 24787 E AndroidRuntime: flushSyncWorkAcrossRoots_impl@1:395383
05-20 06:18:42.995 24754 24787 E AndroidRuntime: batchedUpdatesImpl@1:453794
05-20 06:18:42.995 24754 24787 E AndroidRuntime: batchedUpdates$1@1:388130
05-20 06:18:42.995 24754 24787 E AndroidRuntime: _receiveRootNodeIDEvent@1:388416
05-20 06:18:42.995 24754 24787 E AndroidRuntime: receiveTouches@1:451370
05-20 06:18:42.995 24754 24787 E AndroidRuntime: __callFunction@1:113476
05-20 06:18:42.995 24754 24787 E AndroidRuntime: anonymous@1:111918
05-20 06:18:42.995 24754 24787 E AndroidRuntime: __guard@1:112858
05-20 06:18:42.995 24754 24787 E AndroidRuntime: callFunctionReturnFlushedQueue@1:111876
05-20 06:18:42.995 24754 24787 E AndroidRuntime: 
05-20 06:18:42.995 24754 24787 E AndroidRuntime: 	at com.facebook.react.modules.core.ExceptionsManagerModule.reportException(ExceptionsManagerModule.kt:52)
05-20 06:18:42.995 24754 24787 E AndroidRuntime: 	at java.lang.reflect.Method.invoke(Native Method)
05-20 06:18:42.995 24754 24787 E AndroidRuntime: 	at com.facebook.react.bridge.JavaMethodWrapper.invoke(JavaMethodWrapper.java:372)
05-20 06:18:42.995 24754 24787 E AndroidRuntime: 	at com.facebook.react.bridge.JavaModuleWrapper.invoke(JavaModuleWrapper.java:146)
05-20 06:18:42.995 24754 24787 E AndroidRuntime: 	at com.facebook.jni.NativeRunnable.run(Native Method)
05-20 06:18:42.995 24754 24787 E AndroidRuntime: 	at android.os.Handler.handleCallback(Handler.java:1000)
05-20 06:18:42.995 24754 24787 E AndroidRuntime: 	at android.os.Handler.dispatchMessage(Handler.java:104)
05-20 06:18:42.995 24754 24787 E AndroidRuntime: 	at com.facebook.react.bridge.queue.MessageQueueThreadHandler.dispatchMessage(MessageQueueThreadHandler.java:27)
05-20 06:18:42.995 24754 24787 E AndroidRuntime: 	at android.os.Looper.loopOnce(Looper.java:242)
05-20 06:18:42.995 24754 24787 E AndroidRuntime: 	at android.os.Looper.loop(Looper.java:362)
05-20 06:18:42.995 24754 24787 E AndroidRuntime: 	at com.facebook.react.bridge.queue.MessageQueueThreadImpl.lambda$startNewBackgroundThread$2(MessageQueueThreadImpl.java:217)
05-20 06:18:42.995 24754 24787 E AndroidRuntime: 	at com.facebook.react.bridge.queue.MessageQueueThreadImpl$$ExternalSyntheticLambda1.run(D8$$SyntheticClass:0)
05-20 06:18:42.995 24754 24787 E AndroidRuntime: 	at java.lang.Thread.run(Thread.java:1012)
--------- beginning of system
05-20 06:58:20.656  1612  2156 W ActivityTaskManager: activity boost didn't release as expected
05-20 06:58:21.112  1612  5396 E Transition: Trying to add a ready-group twice: Display{#0 state=ON size=1080x2400 ROTATION_0}
05-20 06:58:21.165  1612  1612 W AccessibilityManagerService:  wait for adding window timeout: 3730
05-20 06:58:21.185  1612  2156 W ActivityTaskManager: activity boost didn't release as expected
05-20 06:58:21.196  2437  2437 W PackageParser: Unknown element under <manifest>: queries at /data/app/vmdl855518792.tmp/PackageInstaller Binary XML file line #23
05-20 06:58:21.266  1612  2156 W ActivityTaskManager: activity boost didn't release as expected
05-20 06:58:21.335  1612  3185 W WindowManager: Failed looking up window session=Session{112b5af 2437:u0a10116} callers=com.android.server.wm.WindowManagerService.windowForClientLocked:6543 com.android.server.wm.WindowManagerService.relayoutWindow:2431 com.android.server.wm.Session.relayout:250 
05-20 06:58:21.336  1612  3185 W WindowManager: win is null client=android.os.BinderProxy@c91e145
05-20 06:58:21.338  1612  3185 W WindowManager: Failed looking up window session=Session{112b5af 2437:u0a10116} callers=com.android.server.wm.WindowManagerService.windowForClientLocked:6543 com.android.server.wm.Session.setOnBackInvokedCallbackInfo:989 android.view.IWindowSession$Stub.onTransact:1204 
05-20 06:58:21.338  1612  3185 W WindowManager: win is null client=android.os.BinderProxy@c91e145
05-20 06:58:21.338  1612  5396 W WindowManager: Cannot find window which accessibility connection is added to
05-20 06:58:21.338  1612  3185 W WindowManager: Failed looking up window session=Session{112b5af 2437:u0a10116} callers=com.android.server.wm.WindowManagerService.windowForClientLocked:6543 com.android.server.wm.WindowManagerService.removeWindow:2204 com.android.server.wm.Session.remove:232 
05-20 06:58:21.338  1612  3185 W WindowManager: win is null client=android.os.BinderProxy@c91e145
05-20 06:58:21.682  1612  1612 W AccessibilityManagerService:  wait for adding window timeout: 3731
05-20 06:58:21.741 29749 31427 W Binder  : reply too large data on java level: InterfaceDescriptor = null, code = 1
05-20 06:58:21.743  1612  2975 W ActivityManager: pid 1612 system sent binder code 1 with flags 1 to frozen apps and got error -2147483646
05-20 06:58:21.748  1612  2975 W ActivityManager: pid 1612 system sent binder code 1 with flags 1 to frozen apps and got error -2147483646
05-20 06:58:21.758  1612  2975 W ActivityManager: pid 1612 system sent binder code 1 with flags 1 to frozen apps and got error -2147483646
05-20 06:58:21.759  1612  2975 W ActivityManager: pid 1612 system sent binder code 1 with flags 1 to frozen apps and got error -2147483646
05-20 06:58:21.759  1612  2975 W ActivityManager: pid 1612 system sent binder code 1 with flags 1 to frozen apps and got error -2147483646
05-20 06:58:21.759  1612  2975 W ActivityManager: pid 1612 system sent binder code 1 with flags 1 to frozen apps and got error -2147483646
05-20 06:58:21.775  1612  1612 W AccessibilityManagerService:  wait for adding window timeout: 3733
05-20 06:58:21.975  1612  7184 E Transition: Trying to add a ready-group twice: Display{#0 state=ON size=1080x2400 ROTATION_0}
05-20 06:58:22.078  1612  2156 W ActivityTaskManager: activity boost didn't release as expected
05-20 06:58:22.211  1612  2398 W ProcessStats: Tracking association SourceState{b330f73 system/1000 Persist #1061171} whose proc state 0 is better than process ProcessState{3c79d80 com.google.android.providers.media.module/10326 pkg=com.google.android.providers.media.module} proc state 1 (115 skipped)
05-20 06:58:22.256 21181  2599 W PackageParser: Unknown element under <manifest>: queries at /data/app/vmdl855518792.tmp/base.apk Binary XML file line #23
05-20 06:58:22.511  1612  4453 W UriGrantsManagerService: No permission grants found for com.google.android.apps.photos
05-20 06:58:22.512  1612  4453 W UriGrantsManagerService: No permission grants found for com.google.android.apps.photos
05-20 06:58:23.177  1612  1659 W WindowManager: Cannot find window which accessibility connection is added to
05-20 06:58:23.182  1612  2987 W WindowManager: Cannot find window which accessibility connection is added to
05-20 06:58:23.260  1612  2170 W ActivityTaskManager: Force removing ActivityRecord{ce0f69a u0 pl.kacpermalachowski.virtualariadneline/.MainActivity t1103 f}}: app died, no saved state
05-20 06:58:23.266  1612  2150 W Looper  : Slow dispatch took 187ms android.fg h=android.os.Handler c=<recycled PooledLambda@d8eba26> m=0
05-20 06:58:23.279  1612  2154 W ActivityManager: setHasOverlayUi called on unknown pid: 26990
05-20 06:58:23.280  1612  2169 W UsageStatsService: Unexpected activity event reported! (pl.kacpermalachowski.virtualariadneline/pl.kacpermalachowski.virtualariadneline.MainActivity event : 23 instanceId : 6134465)
05-20 06:58:23.480  1612  2150 W Looper  : Slow delivery took 200ms android.fg h=android.os.Handler c=<recycled PooledLambda@e879c79> m=0
05-20 06:58:24.561  1612  2987 W UriGrantsManagerService: No permission grants found for com.google.android.apps.photos
05-20 06:58:24.562  1612  2987 W UriGrantsManagerService: No permission grants found for com.google.android.apps.photos
05-20 06:58:24.756  1612  2150 W Looper  : Drained
05-20 06:58:24.764  1612  2975 W ActivityManager: pid 1612 system sent binder code 1 with flags 1 to frozen apps and got error -2147483646
05-20 06:58:24.765  1612  2975 W ActivityManager: pid 1612 system sent binder code 1 with flags 1 to frozen apps and got error -2147483646
05-20 06:58:24.777 29749  9677 W Binder  : reply too large data on java level: InterfaceDescriptor = null, code = 1
05-20 06:58:24.777  1612  2975 W ActivityManager: pid 1612 system sent binder code 1 with flags 1 to frozen apps and got error -2147483646
05-20 06:58:24.778  1612  2975 W ActivityManager: pid 1612 system sent binder code 1 with flags 1 to frozen apps and got error -2147483646
05-20 06:58:24.779  1612  2975 W ActivityManager: pid 1612 system sent binder code 1 with flags 1 to frozen apps and got error -2147483646
05-20 06:58:24.779  1612  2975 W ActivityManager: pid 1612 system sent binder code 1 with flags 1 to frozen apps and got error -2147483646
05-20 06:58:25.680  1612  2169 W ActivityManager: pid 1612 system sent binder code 2 with flags 1 to frozen apps and got error -2147483646
05-20 06:58:25.680  1612  2169 W ActivityManager: pid 1612 system sent binder code 2 with flags 1 to frozen apps and got error -2147483646
05-20 06:58:26.043  1612  3183 W UriGrantsManagerService: No permission grants found for com.google.android.apps.photos
05-20 06:58:26.044  1612  3183 W UriGrantsManagerService: No permission grants found for com.google.android.apps.photos
05-20 06:58:26.122  1612  3183 W UriGrantsManagerService: No permission grants found for com.google.android.apps.photos
05-20 06:58:26.122  1612  3183 W UriGrantsManagerService: No permission grants found for com.google.android.apps.photos
05-20 06:58:26.192  1612  3183 W UriGrantsManagerService: No permission grants found for com.google.android.apps.photos
05-20 06:58:26.193  1612  3183 W UriGrantsManagerService: No permission grants found for com.google.android.apps.photos
05-20 06:58:26.660  1612  2398 W ActivityManager: pid 1612 system sent binder code 22 with flags 1 to frozen apps and got error -2147483646
05-20 06:58:26.664  1612  2803 E ActivityManager: Unable to parse binderfs stats
05-20 06:58:26.689  1612  2398 W ActivityManager: pid 1612 system sent binder code 22 with flags 1 to frozen apps and got error -2147483646
05-20 06:58:26.723  1612  2981 E AppOps  : attributionTag VCN not declared in manifest of android
05-20 06:58:26.780  1612  2398 W ActivityManager: pid 1612 system sent binder code 22 with flags 1 to frozen apps and got error -2147483646
05-20 06:58:26.809  1612  2171 W ActivityManager: Slow operation: 53ms so far, now at startProcess: done updating battery stats
05-20 06:58:26.809  1612  2171 W ActivityManager: Slow operation: 53ms so far, now at startProcess: building log message
05-20 06:58:26.809  1612  2171 W ActivityManager: Slow operation: 53ms so far, now at startProcess: starting to update pids map
05-20 06:58:26.809  1612  2171 W ActivityManager: Slow operation: 53ms so far, now at startProcess: done updating pids map
05-20 06:58:26.817  1612  2398 W ActivityManager: pid 1612 system sent binder code 22 with flags 1 to frozen apps and got error -2147483646
05-20 06:58:26.846  1612  2398 W ActivityManager: pid 1612 system sent binder code 22 with flags 1 to frozen apps and got error -2147483646
05-20 06:58:26.888  1612  5174 E Transition: Trying to add a ready-group twice: Display{#0 state=ON size=1080x2400 ROTATION_0}
05-20 06:58:26.916  1612  2171 W ActivityManager: Slow operation: 108ms so far, now at startProcess: returned from zygote!
05-20 06:58:26.920  1612  2171 W ActivityManager: Slow operation: 112ms so far, now at startProcess: done updating battery stats
05-20 06:58:26.920  1612  2171 W ActivityManager: Slow operation: 112ms so far, now at startProcess: building log message
05-20 06:58:26.921  1612  2171 W ActivityManager: Slow operation: 112ms so far, now at startProcess: starting to update pids map
05-20 06:58:26.921  1612  2171 W ActivityManager: Slow operation: 113ms so far, now at startProcess: done updating pids map
05-20 06:58:27.066  1612  2150 W Looper  : Slow delivery took 208ms android.fg h=android.os.Handler c=<recycled PooledLambda@cf9d488> m=0
05-20 06:58:27.072  1612  2156 W ActivityTaskManager: activity boost didn't release as expected
05-20 06:58:27.216  1612  2171 W ActivityManager: Slow operation: 75ms so far, now at startProcess: returned from zygote!
05-20 06:58:27.217  1612  2171 W ActivityManager: Slow operation: 76ms so far, now at startProcess: done updating battery stats
05-20 06:58:27.218  1612  2171 W ActivityManager: Slow operation: 76ms so far, now at startProcess: building log message
05-20 06:58:27.218  1612  2171 W ActivityManager: Slow operation: 76ms so far, now at startProcess: starting to update pids map
05-20 06:58:27.218  1612  2171 W ActivityManager: Slow operation: 77ms so far, now at startProcess: done updating pids map
05-20 06:58:27.228  1612  8063 W WindowManager: Failed looking up window session=Session{112b5af 2437:u0a10116} callers=com.android.server.wm.WindowManagerService.windowForClientLocked:6543 com.android.server.wm.Session.setOnBackInvokedCallbackInfo:989 android.view.IWindowSession$Stub.onTransact:1204 
05-20 06:58:27.228  1612  8063 W WindowManager: win is null client=android.os.BinderProxy@c31b66a
05-20 06:58:27.228  1612  3186 W WindowManager: Cannot find window which accessibility connection is added to
05-20 06:58:27.229  1612  3185 W WindowManager: Failed looking up window session=Session{112b5af 2437:u0a10116} callers=com.android.server.wm.WindowManagerService.windowForClientLocked:6543 com.android.server.wm.WindowManagerService.removeWindow:2204 com.android.server.wm.Session.remove:232 
05-20 06:58:27.229  1612  3185 W WindowManager: win is null client=android.os.BinderProxy@c31b66a
05-20 06:58:27.317  1612  2875 W PackageConfigPersister: App-specific configuration not found for packageName: pl.kacpermalachowski.virtualariadneline and userId: 0
05-20 06:58:27.319  1612  2981 E AppOps  : attributionTag VCN not declared in manifest of android
05-20 06:58:27.327  1612  2981 E AppOps  : attributionTag VCN not declared in manifest of android
05-20 06:58:27.330  1612  2150 W Looper  : Drained
05-20 06:58:27.381  1612  3914 W ActivityManager: Unable to start service Intent { act=com.motorola.intent.action.EXPERIENCE cmp=com.motorola.help/com.motorola.feedback.logrequest.service.LogCollectionService } U=0: not found
05-20 06:58:27.381  1612  5144 W ActivityManager: Foreground service started from background can not have location/camera/microphone access: service net.dinglisch.android.taskerm/com.joaomgcd.taskerm.genericaction.ServiceGenericAction
05-20 06:58:27.434  1612  3183 W ActivityManager: Foreground service started from background can not have location/camera/microphone access: service net.dinglisch.android.taskerm/com.joaomgcd.taskerm.genericaction.ServiceGenericAction
05-20 06:58:27.448  1612  1612 W AlarmManager: Package pl.kacpermalachowski.virtualariadneline, uid 10559 lost permission to set exact alarms!
05-20 06:58:27.460  1612  3184 W JobScheduler: Job didn't exist in JobStore: 9db8066 #u0a242/1034 com.google.android.apps.photos/com.google.android.libraries.social.mediamonitor.MediaMonitorJobSchedulerService
05-20 06:58:27.474  1612  7834 W UriGrantsManagerService: No permission grants found for com.google.android.apps.photos
05-20 06:58:27.479  1612  3183 W UriGrantsManagerService: No permission grants found for com.google.android.apps.photos
05-20 06:58:27.502  1612  4453 W ActivityManager: Foreground service started from background can not have location/camera/microphone access: service net.dinglisch.android.taskerm/com.joaomgcd.taskerm.genericaction.ServiceGenericAction
05-20 06:58:27.522  1612  1612 W JobScheduler: Job didn't exist in JobStore: 6dff960 #u0a380/5755 com.sec.android.app.shealth/com.samsung.android.app.shealth.wearable.packageinfo.PackageInformationJobService
05-20 06:58:27.546  1612  1612 W AccessibilityManagerService:  wait for adding window timeout: 3736
05-20 06:58:27.591  1612  1612 W AccessibilityManagerService:  wait for adding window timeout: 3738
05-20 06:58:27.733  1612  3183 W ActivityManager: Foreground service started from background can not have location/camera/microphone access: service net.dinglisch.android.taskerm/com.joaomgcd.taskerm.genericaction.ServiceGenericAction
05-20 06:58:27.769  1612  3186 W ActivityManager: Foreground service started from background can not have location/camera/microphone access: service net.dinglisch.android.taskerm/com.joaomgcd.taskerm.genericaction.ServiceGenericAction
05-20 06:58:27.839  1612  3186 W ActivityManager: Foreground service started from background can not have location/camera/microphone access: service net.dinglisch.android.taskerm/com.joaomgcd.taskerm.genericaction.ServiceGenericAction
05-20 06:58:27.852  1612  5113 W ActivityManager: Foreground service started from background can not have location/camera/microphone access: service net.dinglisch.android.taskerm/com.joaomgcd.taskerm.genericaction.ServiceGenericAction
05-20 06:58:28.250  1612  2169 W WindowMagnificationMgr: requestConnection duplicated request: connect=false, mConnectionState=DISCONNECTED
05-20 06:58:28.280  1612  2169 W WindowMagnificationMgr: requestConnection duplicated request: connect=false, mConnectionState=DISCONNECTED
05-20 06:58:28.288  1612  1612 W ActivityManager: pid 1612 system sent binder code 4 with flags 1 to frozen apps and got error -2147483646
05-20 06:58:28.324  1612  1612 W ActivityManager: pid 1612 system sent binder code 4 with flags 1 to frozen apps and got error -2147483646
05-20 06:58:28.403  1612  7866 W UriGrantsManagerService: No permission grants found for com.google.android.apps.photos
05-20 06:58:28.404  1612  7866 W UriGrantsManagerService: No permission grants found for com.google.android.apps.photos
05-20 06:58:28.820  1612  2169 W ActivityManager: pid 1612 system sent binder code 2 with flags 1 to frozen apps and got error -2147483646
05-20 06:58:28.821  1612  2169 W ActivityManager: pid 1612 system sent binder code 2 with flags 1 to frozen apps and got error -2147483646
05-20 06:58:29.620  1612  1612 W NotificationHistory: Attempted to add notif for locked/gone/disabled user 0
05-20 06:58:29.639  1612  1612 W NotificationHistory: Attempted to add notif for locked/gone/disabled user 0
05-20 06:58:29.713  1612  1612 W AccessibilityManagerService:  wait for adding window timeout: 3739
05-20 06:58:29.853  1612  6786 E TransitionController: Set visible without transition ActivityRecord{eb5b741 u0 com.android.systemui/.usb.UsbDebuggingActivity t1112} playing=true caller=com.android.server.wm.ActivityRecord.makeVisibleIfNeeded:6395 
05-20 06:58:29.854  1612  6786 E TransitionController: Set visible without transition ActivityRecord{50d160c u0 com.android.settings/com.motorola.settings.connecteddevice.usb.UsbBottomChooseActivity t1111} playing=true caller=com.android.server.wm.EnsureActivitiesVisibleHelper.makeVisibleAndRestartIfNeeded:288 
05-20 06:58:29.930  1612  1612 W NotificationHistory: Attempted to add notif for locked/gone/disabled user 0
05-20 06:58:30.009  1612  2171 W ActivityManager: Slow operation: 51ms so far, now at startProcess: done updating battery stats
05-20 06:58:30.009  1612  2171 W ActivityManager: Slow operation: 51ms so far, now at startProcess: building log message
05-20 06:58:30.009  1612  2171 W ActivityManager: Slow operation: 51ms so far, now at startProcess: starting to update pids map
05-20 06:58:30.038  1612  2171 W ActivityManager: Slow operation: 79ms so far, now at startProcess: done updating pids map
05-20 06:58:30.080  1612  2156 W ActivityTaskManager: activity boost didn't release as expected
05-20 06:58:30.149  1612  3185 W ActivityTaskManager: activity boost didn't release as expected
05-20 06:58:30.164  1612  1612 W JobScheduler: Job didn't exist in JobStore: 4ac442b #u0a151/1027 com.motorola.aiservices/com.motorola.mya.semantic.datacollection.batterycharge.BatteryLevelJob
05-20 06:58:30.239  1612  5092 W ActivityManager: Slow operation: 57ms so far, now at attachApplicationLocked: immediately after bindApplication
05-20 06:58:30.239  1612  5092 W ActivityManager: Slow operation: 57ms so far, now at attachApplicationLocked: after updateLruProcessLocked
05-20 06:58:30.342  1612  2154 W AccessibilityWindowsPopulator: Windows change within in 2 frames continuously over 500 ms and notify windows changed immediately
05-20 06:58:30.363  1612  1612 W Looper  : Slow delivery took 225ms main h=android.app.ActivityThread$H c=android.app.LoadedApk$ReceiverDispatcher$Args$$ExternalSyntheticLambda0@f206307 m=0
05-20 06:58:30.364  1612  1612 W AccessibilityManagerService:  wait for adding window timeout: 3740
05-20 06:58:30.384  1612  1612 W Looper  : Drained
05-20 06:58:30.452  1612  1612 W AccessibilityManagerService:  wait for adding window timeout: 3741
05-20 06:58:30.501  1612  2726 W ActivityManager: Unable to start service Intent { flg=0x4 cmp=com.microsoft.office.outlook/com.google.android.datatransport.runtime.scheduling.jobscheduling.JobInfoSchedulerService } U=0: not found
05-20 06:58:30.510  1612  2726 W ActivityManager: Unbind failed: could not find connection for android.app.LoadedApk$ServiceDispatcher$InnerConnection@9c34cf
05-20 06:58:30.512  1612  2726 E JobScheduler.Concurrency: Error executing JobStatus{33c04e1 #u0a401/-1397020546 com.microsoft.office.outlook/com.google.android.datatransport.runtime.scheduling.jobscheduling.JobInfoSchedulerService u=0 s=10401 TIME=-1d3h43m31s432ms:none NET READY}
05-20 06:58:30.523  1612  2726 W ActivityManager: Unable to start service Intent { flg=0x4 cmp=com.microsoft.skydrive/.jobs.LocalNotificationDailyJob } U=0: not found
05-20 06:58:30.523  1612  2726 W ActivityManager: Unbind failed: could not find connection for android.app.LoadedApk$ServiceDispatcher$InnerConnection@d197460
05-20 06:58:30.525  1612  2726 E JobScheduler.Concurrency: Error executing JobStatus{365616d #u0a427/1073741829 com.microsoft.skydrive/.jobs.LocalNotificationDailyJob u=0 s=10427 TIME=-19h25m9s339ms:none PERSISTED READY}
05-20 06:58:30.530  1612  2156 W ActivityTaskManager: activity boost didn't release as expected
05-20 06:58:30.539  1612  2726 W ActivityManager: Unable to start service Intent { flg=0x4 cmp=com.microsoft.office.outlook/androidx.work.impl.background.systemjob.SystemJobService } U=0: not found
05-20 06:58:30.539  1612  2726 W ActivityManager: Unbind failed: could not find connection for android.app.LoadedApk$ServiceDispatcher$InnerConnection@80e91de
05-20 06:58:30.542  1612  2726 E JobScheduler.Concurrency: Error executing JobStatus{e13b019 #u0a401/234 com.microsoft.office.outlook/androidx.work.impl.background.systemjob.SystemJobService u=0 s=10401 TIME=-7h23m5s848ms:none READY}
05-20 06:58:30.558  1612  2726 W ActivityManager: Unable to start service Intent { flg=0x4 cmp=com.instagram.android/androidx.work.impl.background.systemjob.SystemJobService } U=0: not found
05-20 06:58:30.558  1612  2726 W ActivityManager: Unbind failed: could not find connection for android.app.LoadedApk$ServiceDispatcher$InnerConnection@93446af
05-20 06:58:30.559  1612  2726 E JobScheduler.Concurrency: Error executing JobStatus{5622480 androidx.work.systemjobscheduler:u0a399/477 @androidx.work.systemjobscheduler@com.instagram.android/androidx.work.impl.background.systemjob.SystemJobService u=0 s=10399 TIME=-3h51m18s181ms:none READY}
05-20 06:58:30.562  1612  2726 W ActivityManager: Unable to start service Intent { flg=0x4 cmp=com.microsoft.skydrive/.updateuserinfo.UpdateUserInfoJob } U=0: not found
05-20 06:58:30.562  1612  2726 W ActivityManager: Unbind failed: could not find connection for android.app.LoadedApk$ServiceDispatcher$InnerConnection@5905a45
05-20 06:58:30.562  1612  2726 E JobScheduler.Concurrency: Error executing JobStatus{22098b0 #u0a427/1073741828 com.microsoft.skydrive/.updateuserinfo.UpdateUserInfoJob u=0 s=10427 TIME=none:-50m38s155ms READY}
05-20 06:58:30.573  1612  2726 W JobScheduler.Concurrency: Had fewer than 16 in existence
05-20 06:58:30.574  1612  2726 W JobScheduler.Concurrency: Had fewer than 16 in existence
05-20 06:58:30.576  1612  2726 W JobScheduler.Concurrency: Had fewer than 16 in existence
05-20 06:58:30.576  1612  2726 W JobScheduler.Concurrency: Had fewer than 16 in existence
05-20 06:58:30.577  1612  2726 W JobScheduler.Concurrency: Had fewer than 16 in existence
05-20 06:58:30.581  1612  2726 W ActivityManager: Unable to start service Intent { flg=0x4 cmp=com.microsoft.office.outlook/com.google.android.datatransport.runtime.scheduling.jobscheduling.JobInfoSchedulerService } U=0: not found
05-20 06:58:30.582  1612  2726 W ActivityManager: Unbind failed: could not find connection for android.app.LoadedApk$ServiceDispatcher$InnerConnection@56155c1
05-20 06:58:30.582  1612  2726 E JobScheduler.Concurrency: Error executing JobStatus{33c04e1 #u0a401/-1397020546 com.microsoft.office.outlook/com.google.android.datatransport.runtime.scheduling.jobscheduling.JobInfoSchedulerService u=0 s=10401 TIME=-1d3h43m31s503ms:none NET READY}
05-20 06:58:30.586  1612  2726 W ActivityManager: Unable to start service Intent { flg=0x4 cmp=com.microsoft.skydrive/.jobs.LocalNotificationDailyJob } U=0: not found
05-20 06:58:30.586  1612  2726 W ActivityManager: Unbind failed: could not find connection for android.app.LoadedApk$ServiceDispatcher$InnerConnection@c805ca7
05-20 06:58:30.595  1612  2726 E JobScheduler.Concurrency: Error executing JobStatus{365616d #u0a427/1073741829 com.microsoft.skydrive/.jobs.LocalNotificationDailyJob u=0 s=10427 TIME=-19h25m9s403ms:none PERSISTED READY}
05-20 06:58:30.599  1612  2726 W ActivityManager: Unable to start service Intent { flg=0x4 cmp=com.microsoft.office.outlook/androidx.work.impl.background.systemjob.SystemJobService } U=0: not found
05-20 06:58:30.599  1612  2726 W ActivityManager: Unbind failed: could not find connection for android.app.LoadedApk$ServiceDispatcher$InnerConnection@bec8cfd
05-20 06:58:30.599  1612  2726 E JobScheduler.Concurrency: Error executing JobStatus{e13b019 #u0a401/234 com.microsoft.office.outlook/androidx.work.impl.background.systemjob.SystemJobService u=0 s=10401 TIME=-7h23m5s905ms:none READY}
05-20 06:58:30.602  1612  2726 W ActivityManager: Unable to start service Intent { flg=0x4 cmp=com.instagram.android/androidx.work.impl.background.systemjob.SystemJobService } U=0: not found
05-20 06:58:30.602  1612  2726 W ActivityManager: Unbind failed: could not find connection for android.app.LoadedApk$ServiceDispatcher$InnerConnection@6cc1c43
05-20 06:58:30.603  1612  2726 E JobScheduler.Concurrency: Error executing JobStatus{5622480 androidx.work.systemjobscheduler:u0a399/477 @androidx.work.systemjobscheduler@com.instagram.android/androidx.work.impl.background.systemjob.SystemJobService u=0 s=10399 TIME=-3h51m18s224ms:none READY}
05-20 06:58:30.618  1612  5396 W PackageConfigPersister: App-specific configuration not found for packageName: com.motorola.mobiledesktop and userId: 0
05-20 06:58:30.624  1612  2726 W ActivityManager: Unable to start service Intent { flg=0x4 cmp=com.microsoft.skydrive/.updateuserinfo.UpdateUserInfoJob } U=0: not found
05-20 06:58:30.625  1612  2726 W ActivityManager: Unbind failed: could not find connection for android.app.LoadedApk$ServiceDispatcher$InnerConnection@905eb84
05-20 06:58:30.626  1612  2726 E JobScheduler.Concurrency: Error executing JobStatus{22098b0 #u0a427/1073741828 com.microsoft.skydrive/.updateuserinfo.UpdateUserInfoJob u=0 s=10427 TIME=none:-50m38s219ms READY}
05-20 06:58:30.631  1612  2726 W JobScheduler.Concurrency: Had fewer than 16 in existence
05-20 06:58:30.631  1612  2726 W JobScheduler.Concurrency: Had fewer than 16 in existence
05-20 06:58:30.632  1612  2726 W JobScheduler.Concurrency: Had fewer than 16 in existence
05-20 06:58:30.633  1612  2726 W JobScheduler.Concurrency: Had fewer than 16 in existence
05-20 06:58:30.639  1612  2726 W JobScheduler.Concurrency: Had fewer than 16 in existence
05-20 06:58:30.664  1612  5112 W WindowManager: Failed looking up window session=Session{112b5af 2437:u0a10116} callers=com.android.server.wm.WindowManagerService.windowForClientLocked:6543 com.android.server.wm.Session.setOnBackInvokedCallbackInfo:989 android.view.IWindowSession$Stub.onTransact:1204 
05-20 06:58:30.664  1612  5112 W WindowManager: win is null client=android.os.BinderProxy@37305c3
05-20 06:58:30.669  1612  3185 W WindowManager: Cannot find window which accessibility connection is added to
05-20 06:58:30.670  1612  5112 W WindowManager: Failed looking up window session=Session{112b5af 2437:u0a10116} callers=com.android.server.wm.WindowManagerService.windowForClientLocked:6543 com.android.server.wm.WindowManagerService.removeWindow:2204 com.android.server.wm.Session.remove:232 
05-20 06:58:30.670  1612  5112 W WindowManager: win is null client=android.os.BinderProxy@37305c3
05-20 06:58:30.676  1612  2726 W ActivityManager: Unable to start service Intent { flg=0x4 cmp=com.microsoft.skydrive/.camerabackup.CameraRollJob } U=0: not found
05-20 06:58:30.698  1612  2726 W ActivityManager: Unbind failed: could not find connection for android.app.LoadedApk$ServiceDispatcher$InnerConnection@70a8120
05-20 06:58:30.699  1612  2726 E JobScheduler.Concurrency: Error executing JobStatus{14c6ebe #u0a427/1073741824 com.microsoft.skydrive/.camerabackup.CameraRollJob u=0 s=10427 NET URIS=[android.app.job.JobInfo$TriggerContentUri@8abd8844, android.app.job.JobInfo$TriggerContentUri@b0cefe92, android.app.job.JobInfo$TriggerContentUri@691cff99, android.app.job.JobInfo$TriggerContentUri@fefc878b] READY}
05-20 06:58:30.723  1612  2726 W ActivityManager: Unable to start service Intent { flg=0x4 cmp=com.microsoft.skydrive/com.microsoft.crossplaform.interop.WifiAvailableJob } U=0: not found
05-20 06:58:30.723  1612  2726 W ActivityManager: Unbind failed: could not find connection for android.app.LoadedApk$ServiceDispatcher$InnerConnection@1b41c11
05-20 06:58:30.724  1612  2726 E JobScheduler.Concurrency: Error executing JobStatus{88eb9a9 #u0a427/1073741825 com.microsoft.skydrive/com.microsoft.crossplaform.interop.WifiAvailableJob u=0 s=10427 NET READY}
05-20 06:58:30.728  1612  2726 W ActivityManager: Unable to start service Intent { flg=0x4 cmp=com.microsoft.skydrive/.jobs.UpdateMetadataForOfflineFilesJob } U=0: not found
05-20 06:58:30.735  1612  2726 W ActivityManager: Unbind failed: could not find connection for android.app.LoadedApk$ServiceDispatcher$InnerConnection@4457be4
