05-20 06:59:43.233  1612  8063 W PackageManager: Missing required system package: com.google.android.keep, but found with extended search.
05-20 06:59:43.233  1612  8063 W PackageManager: Missing required system package: com.google.android.apps.translate, but found with extended search.
05-20 06:59:43.233  1612  8063 W PackageManager: Missing required system package: com.google.android.apps.podcasts, but found with extended search.
05-20 06:59:43.233  1612  8063 W PackageManager: Missing required system package: com.google.android.apps.fitness, but found with extended search.
05-20 06:59:43.233  1612  8063 W PackageManager: Missing required system package: com.google.android.apps.cloudconsole, but found with extended search.
05-20 06:59:43.233  1612  8063 W PackageManager: Missing required system package: com.google.android.apps.chromecast.app, but found with extended search.
05-20 06:59:43.233  1612  8063 W PackageManager: Missing required system package: com.google.android.apps.bard, but found with extended search.
05-20 06:59:43.233  1612  8063 W PackageManager: Missing required system package: com.google.android.apps.authenticator2, but found with extended search.
05-20 06:59:43.233  1612  8063 W PackageManager: Missing required system package: com.google.android.apps.adm, but found with extended search.
05-20 06:59:43.233  1612  8063 W PackageManager: Missing required system package: com.google.android.apps.accessibility.voiceaccess, but found with extended search.
05-20 06:59:43.233  1612  8063 W PackageManager: Missing required system package: com.glovo, but found with extended search.
05-20 06:59:43.233  1612  8063 W PackageManager: Missing required system package: com.github.android, but found with extended search.
05-20 06:59:43.233  1612  8063 W PackageManager: Missing required system package: com.gevahim.vatview, but found with extended search.
05-20 06:59:43.233  1612  8063 W PackageManager: Missing required system package: com.fs2crew.appcontrol, but found with extended search.
05-20 06:59:43.233  1612  8063 W PackageManager: Missing required system package: com.formulaone.production, but found with extended search.
05-20 06:59:43.233  1612  8063 W PackageManager: Missing required system package: com.ford.fordpass, but found with extended search.
05-20 06:59:43.233  1612  8063 W PackageManager: Missing required system package: com.flightradar24free, but found with extended search.
05-20 06:59:43.233  1612  8063 W PackageManager: Missing required system package: com.fitbit.FitbitMobile, but found with extended search.
05-20 06:59:43.233  1612  8063 W PackageManager: Missing required system package: com.fitatu.tracker, but found with extended search.
05-20 06:59:43.233  1612  8063 W PackageManager: Missing required system package: com.facebook.orca, but found with extended search.
05-20 06:59:43.233  1612  8063 W PackageManager: Missing required system package: com.facebook.katana, but found with extended search.
05-20 06:59:43.233  1612  8063 W PackageManager: Missing required system package: com.evokly.intermarche, but found with extended search.
05-20 06:59:43.234  1612  8063 W PackageManager: Missing required system package: com.eposaudio.eposconnect, but found with extended search.
05-20 06:59:43.234  1612  8063 W PackageManager: Missing required system package: com.einnovation.temu, but found with extended search.
05-20 06:59:43.234  1612  8063 W PackageManager: Missing required system package: com.discord, but found with extended search.
05-20 06:59:43.234  1612  8063 W PackageManager: Missing required system package: com.decathlon.app, but found with extended search.
05-20 06:59:43.234  1612  8063 W PackageManager: Missing required system package: com.cyberalerty, but found with extended search.
05-20 06:59:43.234  1612  8063 W PackageManager: Missing required system package: com.chess, but found with extended search.
05-20 06:59:43.234  1612  8063 W PackageManager: Missing required system package: com.burgerkingpl, but found with extended search.
05-20 06:59:43.234  1612  8063 W PackageManager: Missing required system package: com.booking, but found with extended search.
05-20 06:59:43.234  1612  8063 W PackageManager: Missing required system package: com.bethsoft.falloutshelter, but found with extended search.
05-20 06:59:43.234  1612  8063 W PackageManager: Missing required system package: com.banyac.midrive.app.eu, but found with extended search.
05-20 06:59:43.234  1612  8063 W PackageManager: Missing required system package: com.azure.authenticator, but found with extended search.
05-20 06:59:43.234  1612  8063 W PackageManager: Missing required system package: com.audioteka, but found with extended search.
05-20 06:59:43.234  1612  8063 W PackageManager: Missing required system package: com.app.tgtg, but found with extended search.
05-20 06:59:43.234  1612  8063 W PackageManager: Missing required system package: com.alibaba.aliexpresshd, but found with extended search.
05-20 06:59:43.234  1612  8063 W PackageManager: Missing required system package: com.adobe.scan.android, but found with extended search.
05-20 06:59:43.234  1612  8063 W PackageManager: Missing required system package: com.KombudMOR.SymulatorMOR2, but found with extended search.
05-20 06:59:43.234  1612  8063 W PackageManager: Missing required system package: co.uk.mrwebb.wakeonlan, but found with extended search.
05-20 06:59:43.234  1612  8063 W PackageManager: Missing required system package: cc.eventory.app, but found with extended search.
05-20 06:59:43.234  1612  8063 W PackageManager: Missing required system package: br.com.ctncardoso.ctncar, but found with extended search.
05-20 06:59:43.235  1612  8063 W PackageManager: Missing required system package: tv.twitch.android.app, but found with extended search.
05-20 06:59:43.235  1612  8063 W PackageManager: Missing required system package: pl.pkobp.iko, but found with extended search.
05-20 06:59:43.235  1612  8063 W PackageManager: Missing required system package: pl.koleo, but found with extended search.
05-20 06:59:43.235  1612  8063 W PackageManager: Missing required system package: pl.com.rossmann.centauros, but found with extended search.
05-20 06:59:43.235  1612  8063 W PackageManager: Missing required system package: net.dinglisch.android.taskerm, but found with extended search.
05-20 06:59:43.235  1612  8063 W PackageManager: Missing required system package: host.exp.exponent, but found with extended search.
05-20 06:59:43.235  1612  8063 W PackageManager: Missing required system package: ee.mtakso.client, but found with extended search.
05-20 06:59:43.235  1612  8063 W PackageManager: Missing required system package: de.komoot.android, but found with extended search.
05-20 06:59:43.235  1612  8063 W PackageManager: Missing required system package: com.ubercab.eats, but found with extended search.
05-20 06:59:43.235  1612  8063 W PackageManager: Missing required system package: com.ubercab, but found with extended search.
05-20 06:59:43.235  1612  8063 W PackageManager: Missing required system package: com.spotify.music, but found with extended search.
05-20 06:59:43.235  1612  8063 W PackageManager: Missing required system package: com.shazam.android, but found with extended search.
05-20 06:59:43.236  1612  8063 W PackageManager: Missing required system package: com.sec.android.app.shealth, but found with extended search.
05-20 06:59:43.236  1612  8063 W PackageManager: Missing required system package: com.sec.android.app.sbrowser, but found with extended search.
05-20 06:59:43.237  1612  8063 W PackageManager: Missing required system package: com.samsung.android.oneconnect, but found with extended search.
05-20 06:59:43.237  1612  8063 W PackageManager: Missing required system package: com.paypal.android.p2pmobile, but found with extended search.
05-20 06:59:43.237  1612  8063 W PackageManager: Missing required system package: com.microsoft.office.outlook, but found with extended search.
05-20 06:59:43.237  1612  8063 W PackageManager: Missing required system package: com.microsoft.emmx, but found with extended search.
05-20 06:59:43.237  1612  8063 W PackageManager: Missing required system package: com.kolejeslaskie.epodroznik, but found with extended search.
05-20 06:59:43.237  1612  8063 W PackageManager: Missing required system package: com.inno.epodroznik.android, but found with extended search.
05-20 06:59:43.237  1612  8063 W PackageManager: Missing required system package: com.ingka.ikea.app, but found with extended search.
05-20 06:59:43.238  1612  8063 W PackageManager: Missing required system package: com.google.android.apps.youtube.creator, but found with extended search.
05-20 06:59:43.239  1612  8063 W PackageManager: Missing required system package: com.google.android.apps.walletnfcrel, but found with extended search.
05-20 06:59:43.239  1612  8063 W PackageManager: Missing required system package: com.google.android.apps.photosgo, but found with extended search.
05-20 06:59:43.239  1612  8063 W PackageManager: Missing required system package: com.google.android.apps.magazines, but found with extended search.
05-20 06:59:43.239  1612  8063 W PackageManager: Missing required system package: com.google.android.apps.docs.editors.slides, but found with extended search.
05-20 06:59:43.239  1612  8063 W PackageManager: Missing required system package: com.google.android.apps.docs.editors.sheets, but found with extended search.
05-20 06:59:43.239  1612  8063 W PackageManager: Missing required system package: com.google.android.apps.docs.editors.docs, but found with extended search.
05-20 06:59:43.239  1612  8063 W PackageManager: Missing required system package: com.empik.empikapp, but found with extended search.
05-20 06:59:43.240  1612  8063 W PackageManager: Missing required system package: com.apcoaflow.consumer, but found with extended search.
05-20 06:59:43.240  1612  8063 W PackageManager: Missing required system package: com.Slack, but found with extended search.
05-20 06:59:43.240  1612  8063 W PackageManager: Missing required system package: app.selgros, but found with extended search.
05-20 06:59:43.294 28697 28697 W InstrumentedPrefFrag: Screen title missing for fragment com.android.settings.applications.appinfo.AppInfoDashboardFragment
05-20 06:59:43.317 28697 28697 E ndroid.settings: Invalid resource ID 0x00000000.
05-20 06:59:43.317 28697 28697 W LocaleConfig: The resource file pointed to by the given resource ID isn't found.
05-20 06:59:43.319 28697 28697 E ndroid.settings: Invalid resource ID 0x00000000.
05-20 06:59:43.319 28697 28697 W LocaleConfig: The resource file pointed to by the given resource ID isn't found.
05-20 06:59:43.347  1415  1467 W ANDR-PERF-LM: MetaMeter: handlePrimaryAsync() 118: AdaptLaunch MetaMeter. No MeterMgr Available to handle this Primary Async. !!!!
05-20 06:59:43.347  1415  1467 W ANDR-PERF-LM: MetaMeter: handlePrimaryAsync() 118: AdaptLaunch MetaMeter. No MeterMgr Available to handle this Primary Async. !!!!
05-20 06:59:43.364  1415  1467 W ANDR-PERF-LM: MetaMeter: handlePrimaryAsync() 118: AdaptLaunch MetaMeter. No MeterMgr Available to handle this Primary Async. !!!!
05-20 06:59:43.364  1415  1467 W ANDR-PERF-LM: MetaMeter: handlePrimaryAsync() 118: AdaptLaunch MetaMeter. No MeterMgr Available to handle this Primary Async. !!!!
05-20 06:59:43.365  1415  1467 E ANDR-PERF-LM: MetaMeter: handleAsync() 166: AdaptLaunch Invalid Async
05-20 06:59:43.378  3110  3175 E OpenGLRenderer: Unable to match the desired swap behavior.
05-20 06:59:43.397  1612  8063 W CpuPowerCalculator: UID 10559 CPU freq # mismatch: Power Profile # 19 actual # 20
05-20 06:59:43.397  1612  8063 W CpuPowerCalculator: UID 10559 CPU freq # mismatch: Power Profile # 19 actual # 20
05-20 06:59:43.397  1612  8063 W CpuPowerCalculator: UID 10551 CPU freq # mismatch: Power Profile # 19 actual # 20
05-20 06:59:43.397  1612  8063 W CpuPowerCalculator: UID 10549 CPU freq # mismatch: Power Profile # 19 actual # 20
05-20 06:59:43.397  1612  8063 W CpuPowerCalculator: UID 10520 CPU freq # mismatch: Power Profile # 19 actual # 20
05-20 06:59:43.397  1612  8063 W CpuPowerCalculator: UID 10387 CPU freq # mismatch: Power Profile # 19 actual # 20
05-20 06:59:43.397  1612  8063 W CpuPowerCalculator: UID 10383 CPU freq # mismatch: Power Profile # 19 actual # 20
05-20 06:59:43.397  1612  8063 W CpuPowerCalculator: UID 10380 CPU freq # mismatch: Power Profile # 19 actual # 20
05-20 06:59:43.397  1612  8063 W CpuPowerCalculator: UID 10376 CPU freq # mismatch: Power Profile # 19 actual # 20
05-20 06:59:43.397  1612  8063 W CpuPowerCalculator: UID 10355 CPU freq # mismatch: Power Profile # 19 actual # 20
05-20 06:59:43.397  1612  8063 W CpuPowerCalculator: UID 10355 CPU freq # mismatch: Power Profile # 19 actual # 20
05-20 06:59:43.397  1612  8063 W CpuPowerCalculator: UID 10329 CPU freq # mismatch: Power Profile # 19 actual # 20
05-20 06:59:43.397  1612  8063 W CpuPowerCalculator: UID 10326 CPU freq # mismatch: Power Profile # 19 actual # 20
05-20 06:59:43.397  1612  8063 W CpuPowerCalculator: UID 10306 CPU freq # mismatch: Power Profile # 19 actual # 20
05-20 06:59:43.397  1612  8063 W CpuPowerCalculator: UID 10302 CPU freq # mismatch: Power Profile # 19 actual # 20
05-20 06:59:43.397  1612  8063 W CpuPowerCalculator: UID 10299 CPU freq # mismatch: Power Profile # 19 actual # 20
05-20 06:59:43.397  1612  8063 W CpuPowerCalculator: UID 10281 CPU freq # mismatch: Power Profile # 19 actual # 20
05-20 06:59:43.397  1612  8063 W CpuPowerCalculator: UID 10278 CPU freq # mismatch: Power Profile # 19 actual # 20
05-20 06:59:43.397  1612  8063 W CpuPowerCalculator: UID 10274 CPU freq # mismatch: Power Profile # 19 actual # 20
05-20 06:59:43.397  1612  8063 W CpuPowerCalculator: UID 10273 CPU freq # mismatch: Power Profile # 19 actual # 20
05-20 06:59:43.398  1612  8063 W CpuPowerCalculator: UID 10243 CPU freq # mismatch: Power Profile # 19 actual # 20
05-20 06:59:43.398  1612  8063 W CpuPowerCalculator: UID 10242 CPU freq # mismatch: Power Profile # 19 actual # 20
05-20 06:59:43.398  1612  8063 W CpuPowerCalculator: UID 10213 CPU freq # mismatch: Power Profile # 19 actual # 20
05-20 06:59:43.398  1612  8063 W CpuPowerCalculator: UID 10211 CPU freq # mismatch: Power Profile # 19 actual # 20
05-20 06:59:43.398  1612  8063 W CpuPowerCalculator: UID 10189 CPU freq # mismatch: Power Profile # 19 actual # 20
05-20 06:59:43.398  1612  8063 W CpuPowerCalculator: UID 10181 CPU freq # mismatch: Power Profile # 19 actual # 20
05-20 06:59:43.398  1612  8063 W CpuPowerCalculator: UID 10180 CPU freq # mismatch: Power Profile # 19 actual # 20
05-20 06:59:43.398  1612  8063 W CpuPowerCalculator: UID 10178 CPU freq # mismatch: Power Profile # 19 actual # 20
05-20 06:59:43.398  1612  8063 W CpuPowerCalculator: UID 10170 CPU freq # mismatch: Power Profile # 19 actual # 20
05-20 06:59:43.398  1612  8063 W CpuPowerCalculator: UID 10166 CPU freq # mismatch: Power Profile # 19 actual # 20
05-20 06:59:43.398  1612  8063 W CpuPowerCalculator: UID 10166 CPU freq # mismatch: Power Profile # 19 actual # 20
05-20 06:59:43.398  1612  8063 W CpuPowerCalculator: UID 10153 CPU freq # mismatch: Power Profile # 19 actual # 20
05-20 06:59:43.398  1612  8063 W CpuPowerCalculator: UID 10149 CPU freq # mismatch: Power Profile # 19 actual # 20
05-20 06:59:43.398  1612  8063 W CpuPowerCalculator: UID 10149 CPU freq # mismatch: Power Profile # 19 actual # 20
05-20 06:59:43.398  1612  8063 W CpuPowerCalculator: UID 10144 CPU freq # mismatch: Power Profile # 19 actual # 20
05-20 06:59:43.398  1612  8063 W CpuPowerCalculator: UID 10144 CPU freq # mismatch: Power Profile # 19 actual # 20
05-20 06:59:43.398  1612  8063 W CpuPowerCalculator: UID 10116 CPU freq # mismatch: Power Profile # 19 actual # 20
05-20 06:59:43.398  1612  8063 W CpuPowerCalculator: UID 10114 CPU freq # mismatch: Power Profile # 19 actual # 20
05-20 06:59:43.398  1612  8063 W CpuPowerCalculator: UID 10114 CPU freq # mismatch: Power Profile # 19 actual # 20
05-20 06:59:43.398  1612  8063 W CpuPowerCalculator: UID 1073 CPU freq # mismatch: Power Profile # 19 actual # 20
05-20 06:59:43.398  1612  8063 W CpuPowerCalculator: UID 1027 CPU freq # mismatch: Power Profile # 19 actual # 20
05-20 06:59:43.398  1612  8063 W CpuPowerCalculator: UID 1002 CPU freq # mismatch: Power Profile # 19 actual # 20
05-20 06:59:43.398  1612  8063 W CpuPowerCalculator: UID 1001 CPU freq # mismatch: Power Profile # 19 actual # 20
05-20 06:59:43.420 28697 28697 W com.android.settings: type=1400 audit(0.0:72913): avc:  denied  { ioctl } for  comm=4173796E635461736B20233233 path="/data/app/~~ftc9bQy8FvOdqRC5hhotvQ==/org.telegram.messenger--LOHVy6_xa12GLhlzz4s4w==/base.apk" dev="incremental-fs" ino=100597 ioctlcmd=0x6722 scontext=u:r:system_app:s0 tcontext=u:object_r:apk_data_file:s0 tclass=file permissive=0 app=com.tailscale.ipn
05-20 06:59:43.420 28697 28697 W com.android.settings: type=1400 audit(0.0:72914): avc:  denied  { ioctl } for  comm=4173796E635461736B20233233 path="/data/app/~~ftc9bQy8FvOdqRC5hhotvQ==/org.telegram.messenger--LOHVy6_xa12GLhlzz4s4w==/split_config.en.apk" dev="incremental-fs" ino=104292 ioctlcmd=0x6722 scontext=u:r:system_app:s0 tcontext=u:object_r:apk_data_file:s0 tclass=file permissive=0 app=com.tailscale.ipn
05-20 06:59:43.420 28697 28697 W com.android.settings: type=1400 audit(0.0:72915): avc:  denied  { ioctl } for  comm=4173796E635461736B20233233 path="/data/app/~~ftc9bQy8FvOdqRC5hhotvQ==/org.telegram.messenger--LOHVy6_xa12GLhlzz4s4w==/split_config.pl.apk" dev="incremental-fs" ino=21976 ioctlcmd=0x6722 scontext=u:r:system_app:s0 tcontext=u:object_r:apk_data_file:s0 tclass=file permissive=0 app=com.tailscale.ipn
05-20 06:59:43.424 28697 28697 W com.android.settings: type=1400 audit(0.0:72916): avc:  denied  { ioctl } for  comm=4173796E635461736B20233233 path="/data/app/~~ftc9bQy8FvOdqRC5hhotvQ==/org.telegram.messenger--LOHVy6_xa12GLhlzz4s4w==/split_config.xxhdpi.apk" dev="incremental-fs" ino=24311 ioctlcmd=0x6722 scontext=u:r:system_app:s0 tcontext=u:object_r:apk_data_file:s0 tclass=file permissive=0 app=com.tailscale.ipn
05-20 06:59:43.443  5056  5087 W torola.freeform: Reducing the number of considered missed Gc histogram windows from 296 to 100
05-20 06:59:43.540 28697 10805 E OpenGLRenderer: Unable to match the desired swap behavior.
05-20 06:59:43.552  1612  2156 W ActivityTaskManager: activity boost didn't release as expected
05-20 06:59:43.594  1612  1612 W AccessibilityManagerService:  wait for adding window timeout: 3761
05-20 06:59:43.615  1612  2154 W AccessibilityWindowsPopulator: Windows change within in 2 frames continuously over 500 ms and notify windows changed immediately
05-20 06:59:43.697  1612  8063 W PackageManager: Missing required system package: pl.kacpermalachowski.virtualariadneline, but found with extended search.
05-20 06:59:43.711  1612  3185 W PackageManager: Missing required system package: za.co.simflightstracker.www, but found with extended search.
05-20 06:59:43.711  1612  3185 W PackageManager: Missing required system package: pl.zus.pmz.mzus, but found with extended search.
05-20 06:59:43.711  1612  3185 W PackageManager: Missing required system package: pl.znanylekarz, but found with extended search.
05-20 06:59:43.711  1612  3185 W PackageManager: Missing required system package: pl.zabka.apb2c, but found with extended search.
05-20 06:59:43.712  1612  3185 W PackageManager: Missing required system package: pl.xkom, but found with extended search.
05-20 06:59:43.712  1612  3185 W PackageManager: Missing required system package: pl.tvp.tvp_sport, but found with extended search.
05-20 06:59:43.712  1612  3185 W PackageManager: Missing required system package: pl.tvn.tvn24go, but found with extended search.
05-20 06:59:43.712  1612  3185 W PackageManager: Missing required system package: pl.tvn.player, but found with extended search.
05-20 06:59:43.712  1612  3185 W PackageManager: Missing required system package: pl.tajchert.canary, but found with extended search.
05-20 06:59:43.712  1612  3185 W PackageManager: Missing required system package: pl.stokrotka.app, but found with extended search.
05-20 06:59:43.712  1612  3185 W PackageManager: Missing required system package: pl.pzu.moje, but found with extended search.
05-20 06:59:43.712  1612  3185 W PackageManager: Missing required system package: pl.pracuj.android.jobsearcher, but found with extended search.
05-20 06:59:43.712  1612  3185 W PackageManager: Missing required system package: pl.plksa.portalpasazera, but found with extended search.
05-20 06:59:43.712  1612  3185 W PackageManager: Missing required system package: pl.pkpik.pasazer.dworce, but found with extended search.
05-20 06:59:43.713  1612  3185 W PackageManager: Missing required system package: pl.orlen.vitay, but found with extended search.
05-20 06:59:43.713  1612  3185 W PackageManager: Missing required system package: pl.nask.mobywatel, but found with extended search.
05-20 06:59:43.713  1612  3185 W PackageManager: Missing required system package: pl.mojdhl.app, but found with extended search.
05-20 06:59:43.713  1612  3185 W PackageManager: Missing required system package: pl.mediaexpert.app, but found with extended search.
05-20 06:59:43.713  1612  3185 W PackageManager: Missing required system package: pl.kacpermalachowski.virtualariadneline, but found with extended search.
05-20 06:59:43.713  1612  3185 W PackageManager: Missing required system package: pl.jush.app, but found with extended search.
05-20 06:59:43.713  1612  3185 W PackageManager: Missing required system package: pl.jmpolska.clos0.mojabiedronka, but found with extended search.
05-20 06:59:43.713  1612  3185 W PackageManager: Missing required system package: pl.inpost.inmobile, but found with extended search.
05-20 06:59:43.714  1612  3185 W PackageManager: Missing required system package: pl.infosgroup.skr, but found with extended search.
05-20 06:59:43.714  1612  3185 W PackageManager: Missing required system package: pl.helion.helion, but found with extended search.
05-20 06:59:43.714  1612  3185 W PackageManager: Missing required system package: pl.helion.ebookpoint, but found with extended search.
05-20 06:59:43.714  1612  3185 W PackageManager: Missing required system package: pl.gov.mf.eus, but found with extended search.
05-20 06:59:43.714  1612  3185 W PackageManager: Missing required system package: pl.gov.mf.eparagony, but found with extended search.
05-20 06:59:43.714  1612  3185 W PackageManager: Missing required system package: pl.gov.cez.mojeikp, but found with extended search.
05-20 06:59:43.714  1612  3185 W PackageManager: Missing required system package: pl.gispartner.imapmobile, but found with extended search.
05-20 06:59:43.714  1612  3185 W PackageManager: Missing required system package: pl.express.traficar, but found with extended search.
05-20 06:59:43.715  1612  3185 W PackageManager: Missing required system package: pl.epoint.car.twa.prd.pl, but found with extended search.
05-20 06:59:43.715  1612  3185 W PackageManager: Missing required system package: pl.edu.us.mobilny, but found with extended search.
05-20 06:59:43.715  1612  3185 W PackageManager: Missing required system package: pl.dominium, but found with extended search.
05-20 06:59:43.715  1612  3185 W PackageManager: Missing required system package: pl.com.dpd.mobile.app.release, but found with extended search.
05-20 06:59:43.715  1612  3185 W PackageManager: Missing required system package: pl.carrefour.carrefourmobile, but found with extended search.
05-20 06:59:43.715  1612  3185 W PackageManager: Missing required system package: pl.assecods.innompa.m2go, but found with extended search.
05-20 06:59:43.715  1612  3185 W PackageManager: Missing required system package: pl.amistad.treespot.dabrowagornicza, but found with extended search.
05-20 06:59:43.715  1612  3185 W PackageManager: Missing required system package: pl.amistad.silesiacitycenter, but found with extended search.
05-20 06:59:43.715  1612  3185 W PackageManager: Missing required system package: pl.allegro.sale, but found with extended search.
05-20 06:59:43.716  1612  3185 W PackageManager: Missing required system package: pl.allegro, but found with extended search.
05-20 06:59:43.716  1612  3185 W PackageManager: Missing required system package: org.thoughtcrime.securesms, but found with extended search.
05-20 06:59:43.716  1612  3185 W PackageManager: Missing required system package: org.telegram.messenger, but found with extended search.
05-20 06:59:43.716  1612  3185 W PackageManager: Missing required system package: org.readera, but found with extended search.
05-20 06:59:43.716  1612  3185 W PackageManager: Missing required system package: org.joa.zipperplus7, but found with extended search.
05-20 06:59:43.716  1612  3185 W PackageManager: Missing required system package: notion.id, but found with extended search.
05-20 06:59:43.716  1612  3185 W PackageManager: Missing required system package: nl.vecos.releezme, but found with extended search.
05-20 06:59:43.717  1612  3185 W PackageManager: Missing required system package: net.techet.netanalyzerlite.an, but found with extended search.
05-20 06:59:43.717  1612  3185 W PackageManager: Missing required system package: net.openvpn.openvpn, but found with extended search.
05-20 06:59:43.717  1612  3185 W PackageManager: Missing required system package: net.dinglisch.android.taskerm, but found with extended search.
05-20 06:59:43.717  1612  3185 W PackageManager: Missing required system package: myPack.pack, but found with extended search.
05-20 06:59:43.717  1612  3185 W PackageManager: Missing required system package: mswia.rso, but found with extended search.
05-20 06:59:43.718  1612  3185 W PackageManager: Missing required system package: keepass2android.keepass2android, but found with extended search.
05-20 06:59:43.718  1612  3185 W PackageManager: Missing required system package: it.candy.simplyfi, but found with extended search.
05-20 06:59:43.718  1612  3185 W PackageManager: Missing required system package: io.raindrop.raindropio, but found with extended search.
05-20 06:59:43.718  1612  3185 W PackageManager: Missing required system package: gps.speedometer.digihud.odometer, but found with extended search.
05-20 06:59:43.718  1612  3185 W PackageManager: Missing required system package: de.obi.app, but found with extended search.
05-20 06:59:43.718  1612  3185 W PackageManager: Missing required system package: de.flixbus.app, but found with extended search.
05-20 06:59:43.718  1612  3185 W PackageManager: Missing required system package: com.zhiliaoapp.musically, but found with extended search.
05-20 06:59:43.718  1612  3185 W PackageManager: Missing required system package: com.yubico.yubioath, but found with extended search.
05-20 06:59:43.718  1612  3185 W PackageManager: Missing required system package: com.xiaomi.smarthome, but found with extended search.
05-20 06:59:43.719  1612  3185 W PackageManager: Missing required system package: com.x8bit.bitwarden, but found with extended search.
05-20 06:59:43.719  1612  3185 W PackageManager: Missing required system package: com.windyty.android, but found with extended search.
05-20 06:59:43.719  1612  3185 W PackageManager: Missing required system package: com.whatsapp, but found with extended search.
05-20 06:59:43.719  1612  3185 W PackageManager: Missing required system package: com.waze, but found with extended search.
05-20 06:59:43.719  1612  3185 W PackageManager: Missing required system package: com.wakdev.wdnfc, but found with extended search.
05-20 06:59:43.719  1612  3185 W PackageManager: Missing required system package: com.valvesoftware.steamlink, but found with extended search.
05-20 06:59:43.719  1612  3185 W PackageManager: Missing required system package: com.valvesoftware.android.steam.friendsui, but found with extended search.
05-20 06:59:43.719  1612  3185 W PackageManager: Missing required system package: com.valvesoftware.android.steam.community, but found with extended search.
05-20 06:59:43.719  1612  3185 W PackageManager: Missing required system package: com.ups.mobile.android, but found with extended search.
05-20 06:59:43.720  1612  3185 W PackageManager: Missing required system package: com.udemy.android, but found with extended search.
05-20 06:59:43.720  1612  3185 W PackageManager: Missing required system package: com.twitter.android, but found with extended search.
05-20 06:59:43.720  1612  3185 W PackageManager: Missing required system package: com.tripledot.solitaire, but found with extended search.
05-20 06:59:43.720  1612  3185 W PackageManager: Missing required system package: com.todoist, but found with extended search.
05-20 06:59:43.720  1612  3185 W PackageManager: Missing required system package: com.tippingcanoe.pepperpl, but found with extended search.
05-20 06:59:43.720  1612  3185 W PackageManager: Missing required system package: com.termux, but found with extended search.
05-20 06:59:43.720  1612  3185 W PackageManager: Missing required system package: com.teamspeak.ts3client, but found with extended search.
05-20 06:59:43.720  1612  3185 W PackageManager: Missing required system package: com.tailscale.ipn, but found with extended search.
05-20 06:59:43.720  1612  3185 W PackageManager: Missing required system package: com.strava, but found with extended search.
05-20 06:59:43.720  1612  3185 W PackageManager: Missing required system package: com.softpauer.f1timingapp2014.basic, but found with extended search.
05-20 06:59:43.720  1612  3185 W PackageManager: Missing required system package: com.shopee.pl, but found with extended search.
05-20 06:59:43.721  1612  3185 W PackageManager: Missing required system package: com.sec.android.easyMover, but found with extended search.
05-20 06:59:43.721  1612  3185 W PackageManager: Missing required system package: com.sds.samsung.global, but found with extended search.
05-20 06:59:43.721  1612  3185 W PackageManager: Missing required system package: com.samsung.android.app.watchmanager, but found with extended search.
05-20 06:59:43.721  1612  3185 W PackageManager: Missing required system package: com.revolut.revolut, but found with extended search.
05-20 06:59:43.721  1612  3185 W PackageManager: Missing required system package: com.reddit.frontpage, but found with extended search.
05-20 06:59:43.721  1612  3185 W PackageManager: Missing required system package: com.play.play24m, but found with extended search.
05-20 06:59:43.721  1612  3185 W PackageManager: Missing required system package: com.pizzahutpl, but found with extended search.
05-20 06:59:43.721  1612  3185 W PackageManager: Missing required system package: com.pawelm.gdzieonjest, but found with extended search.
05-20 06:59:43.721  1612  3185 W PackageManager: Missing required system package: com.pasibus.loyalty, but found with extended search.
05-20 06:59:43.721  1612  3185 W PackageManager: Missing required system package: com.pagasolutions.emergencycall_pl, but found with extended search.
05-20 06:59:43.722  1612  3185 W PackageManager: Missing required system package: com.orbx.volanta, but found with extended search.
05-20 06:59:43.722  1612  3185 W PackageManager: Missing required system package: com.noctuasoftware.stellarium_free, but found with extended search.
05-20 06:59:43.722  1612  3185 W PackageManager: Missing required system package: com.nextbike.gzm, but found with extended search.
05-20 06:59:43.722  1612  3185 W PackageManager: Missing required system package: com.netflix.mediaclient, but found with extended search.
05-20 06:59:43.722  1612  3185 W PackageManager: Missing required system package: com.navigraph.chartsrn, but found with extended search.
05-20 06:59:43.722  1612  3185 W PackageManager: Missing required system package: com.microsoft.whiteboard.publicpreview, but found with extended search.
05-20 06:59:43.722  1612  3185 W PackageManager: Missing required system package: com.microsoft.teams, but found with extended search.
05-20 06:59:43.722  1612  3185 W PackageManager: Missing required system package: com.microsoft.skydrive, but found with extended search.
05-20 06:59:43.722  1612  3185 W PackageManager: Missing required system package: com.microsoft.scmx, but found with extended search.
05-20 06:59:43.722  1612  3185 W PackageManager: Missing required system package: com.microsoft.planner, but found with extended search.
05-20 06:59:43.723  1612  3185 W PackageManager: Missing required system package: com.microsoft.office.word, but found with extended search.
05-20 06:59:43.723  1612  3185 W PackageManager: Missing required system package: com.microsoft.office.onenote, but found with extended search.
05-20 06:59:43.723  1612  3185 W PackageManager: Missing required system package: com.microsoft.office.officelens, but found with extended search.
05-20 06:59:43.723  1612  3185 W PackageManager: Missing required system package: com.microsoft.office.officehubrow, but found with extended search.
05-20 06:59:43.723  1612  3185 W PackageManager: Missing required system package: com.microsoft.office.excel, but found with extended search.
05-20 06:59:43.723  1612  3185 W PackageManager: Missing required system package: com.microsoft.loop, but found with extended search.
05-20 06:59:43.723  1612  3185 W PackageManager: Missing required system package: com.microsoft.appmanager, but found with extended search.
05-20 06:59:43.723  1612  3185 W PackageManager: Missing required system package: com.microblink.photomath, but found with extended search.
05-20 06:59:43.723  1612  3185 W PackageManager: Missing required system package: com.mcdonalds.mobileapp, but found with extended search.
05-20 06:59:43.723  1612  3185 W PackageManager: Missing required system package: com.linkedin.android.learning, but found with extended search.
05-20 06:59:43.723  1612  3185 W PackageManager: Missing required system package: com.linkedin.android, but found with extended search.
05-20 06:59:43.724  1612  3185 W PackageManager: Missing required system package: com.lidl.eci.lidlplus, but found with extended search.
05-20 06:59:43.724  1612  3185 W PackageManager: Missing required system package: com.lgeha.nuts, but found with extended search.
05-20 06:59:43.724  1612  3185 W PackageManager: Missing required system package: com.letyshops, but found with extended search.
05-20 06:59:43.724  1612  3185 W PackageManager: Missing required system package: com.kolejeslaskie.mss, but found with extended search.
05-20 06:59:43.724  1612  3185 W PackageManager: Missing required system package: com.kfc_polska, but found with extended search.
05-20 06:59:43.724  1612  3185 W PackageManager: Missing required system package: com.kaufland.Kaufland, but found with extended search.
05-20 06:59:43.724  1612  3185 W PackageManager: Missing required system package: com.katowicka.galeria, but found with extended search.
05-20 06:59:43.724  1612  3185 W PackageManager: Missing required system package: com.integromat.android, but found with extended search.
05-20 06:59:43.725  1612  3185 W PackageManager: Missing required system package: com.instagram.barcelona, but found with extended search.
05-20 06:59:43.725  1612  3185 W PackageManager: Missing required system package: com.instagram.android, but found with extended search.
05-20 06:59:43.725  1612  3185 W PackageManager: Missing required system package: com.inpost.fresh, but found with extended search.
05-20 06:59:43.725  1612  3185 W PackageManager: Missing required system package: com.infinitygames.packageinc, but found with extended search.
05-20 06:59:43.725  1612  3185 W PackageManager: Missing required system package: com.ifttt.ifttt, but found with extended search.
05-20 06:59:43.725  1612  3185 W PackageManager: Missing required system package: com.hp.printercontrol, but found with extended search.
05-20 06:59:43.725  1612  3185 W PackageManager: Missing required system package: com.hp.android.printservice, but found with extended search.
05-20 06:59:43.725  1612  3185 W PackageManager: Missing required system package: com.google.audio.hearing.visualization.accessibility.scribe, but found with extended search.
05-20 06:59:43.725  1612  3185 W PackageManager: Missing required system package: com.google.ar.lens, but found with extended search.
05-20 06:59:43.725  1612  3185 W PackageManager: Missing required system package: com.google.android.keep, but found with extended search.
05-20 06:59:43.726  1612  3185 W PackageManager: Missing required system package: com.google.android.apps.translate, but found with extended search.
05-20 06:59:43.726  1612  3185 W PackageManager: Missing required system package: com.google.android.apps.podcasts, but found with extended search.
05-20 06:59:43.726  1612  3185 W PackageManager: Missing required system package: com.google.android.apps.fitness, but found with extended search.
05-20 06:59:43.726  1612  3185 W PackageManager: Missing required system package: com.google.android.apps.cloudconsole, but found with extended search.
05-20 06:59:43.726  1612  3185 W PackageManager: Missing required system package: com.google.android.apps.chromecast.app, but found with extended search.
05-20 06:59:43.726  1612  3185 W PackageManager: Missing required system package: com.google.android.apps.bard, but found with extended search.
05-20 06:59:43.726  1612  3185 W PackageManager: Missing required system package: com.google.android.apps.authenticator2, but found with extended search.
05-20 06:59:43.726  1612  3185 W PackageManager: Missing required system package: com.google.android.apps.adm, but found with extended search.
05-20 06:59:43.726  1612  3185 W PackageManager: Missing required system package: com.google.android.apps.accessibility.voiceaccess, but found with extended search.
05-20 06:59:43.726  1612  3185 W PackageManager: Missing required system package: com.glovo, but found with extended search.
05-20 06:59:43.726  1612  3185 W PackageManager: Missing required system package: com.github.android, but found with extended search.
05-20 06:59:43.727  1612  3185 W PackageManager: Missing required system package: com.gevahim.vatview, but found with extended search.
05-20 06:59:43.727  1612  3185 W PackageManager: Missing required system package: com.fs2crew.appcontrol, but found with extended search.
05-20 06:59:43.727  1612  3185 W PackageManager: Missing required system package: com.formulaone.production, but found with extended search.
05-20 06:59:43.727  1612  3185 W PackageManager: Missing required system package: com.ford.fordpass, but found with extended search.
05-20 06:59:43.728  1612  3185 W PackageManager: Missing required system package: com.flightradar24free, but found with extended search.
05-20 06:59:43.728  1612  3185 W PackageManager: Missing required system package: com.fitbit.FitbitMobile, but found with extended search.
05-20 06:59:43.728  1612  3185 W PackageManager: Missing required system package: com.fitatu.tracker, but found with extended search.
05-20 06:59:43.728  1612  3185 W PackageManager: Missing required system package: com.facebook.orca, but found with extended search.
05-20 06:59:43.729  1612  3185 W PackageManager: Missing required system package: com.facebook.katana, but found with extended search.
05-20 06:59:43.729  1612  3185 W PackageManager: Missing required system package: com.evokly.intermarche, but found with extended search.
05-20 06:59:43.729  1612  3185 W PackageManager: Missing required system package: com.eposaudio.eposconnect, but found with extended search.
05-20 06:59:43.729  1612  3185 W PackageManager: Missing required system package: com.einnovation.temu, but found with extended search.
05-20 06:59:43.729  1612  3185 W PackageManager: Missing required system package: com.discord, but found with extended search.
05-20 06:59:43.729  1612  3185 W PackageManager: Missing required system package: com.decathlon.app, but found with extended search.
05-20 06:59:43.729  1612  3185 W PackageManager: Missing required system package: com.cyberalerty, but found with extended search.
05-20 06:59:43.729  1612  3185 W PackageManager: Missing required system package: com.chess, but found with extended search.
05-20 06:59:43.729  1612  3185 W PackageManager: Missing required system package: com.burgerkingpl, but found with extended search.
05-20 06:59:43.730  1612  3185 W PackageManager: Missing required system package: com.booking, but found with extended search.
05-20 06:59:43.730  1612  3185 W PackageManager: Missing required system package: com.bethsoft.falloutshelter, but found with extended search.
05-20 06:59:43.730  1612  3185 W PackageManager: Missing required system package: com.banyac.midrive.app.eu, but found with extended search.
05-20 06:59:43.730  1612  3185 W PackageManager: Missing required system package: com.azure.authenticator, but found with extended search.
05-20 06:59:43.730  1612  3185 W PackageManager: Missing required system package: com.audioteka, but found with extended search.
05-20 06:59:43.730  1612  3185 W PackageManager: Missing required system package: com.app.tgtg, but found with extended search.
05-20 06:59:43.730  1612  3185 W PackageManager: Missing required system package: com.alibaba.aliexpresshd, but found with extended search.
05-20 06:59:43.730  1612  3185 W PackageManager: Missing required system package: com.adobe.scan.android, but found with extended search.
05-20 06:59:43.731  1612  3185 W PackageManager: Missing required system package: com.KombudMOR.SymulatorMOR2, but found with extended search.
05-20 06:59:43.731  1612  3185 W PackageManager: Missing required system package: co.uk.mrwebb.wakeonlan, but found with extended search.
05-20 06:59:43.731  1612  3185 W PackageManager: Missing required system package: cc.eventory.app, but found with extended search.
05-20 06:59:43.731  1612  3185 W PackageManager: Missing required system package: br.com.ctncardoso.ctncar, but found with extended search.
05-20 06:59:43.732  1612  3185 W PackageManager: Missing required system package: tv.twitch.android.app, but found with extended search.
05-20 06:59:43.732  1612  3185 W PackageManager: Missing required system package: pl.pkobp.iko, but found with extended search.
05-20 06:59:43.732  1612  3185 W PackageManager: Missing required system package: pl.koleo, but found with extended search.
05-20 06:59:43.733  1612  3185 W PackageManager: Missing required system package: pl.com.rossmann.centauros, but found with extended search.
05-20 06:59:43.733  1612  3185 W PackageManager: Missing required system package: net.dinglisch.android.taskerm, but found with extended search.
05-20 06:59:43.733  1612  3185 W PackageManager: Missing required system package: host.exp.exponent, but found with extended search.
05-20 06:59:43.733  1612  3185 W PackageManager: Missing required system package: ee.mtakso.client, but found with extended search.
05-20 06:59:43.733  1612  3185 W PackageManager: Missing required system package: de.komoot.android, but found with extended search.
05-20 06:59:43.733  1612  3185 W PackageManager: Missing required system package: com.ubercab.eats, but found with extended search.
05-20 06:59:43.734  1612  3185 W PackageManager: Missing required system package: com.ubercab, but found with extended search.
05-20 06:59:43.734  1612  3185 W PackageManager: Missing required system package: com.spotify.music, but found with extended search.
05-20 06:59:43.734  1612  3183 W CpuPowerCalculator: UID 10559 CPU freq # mismatch: Power Profile # 19 actual # 20
05-20 06:59:43.734  1612  3183 W CpuPowerCalculator: UID 10559 CPU freq # mismatch: Power Profile # 19 actual # 20
05-20 06:59:43.734  1612  3185 W PackageManager: Missing required system package: com.shazam.android, but found with extended search.
05-20 06:59:43.734  1612  3183 W CpuPowerCalculator: UID 10551 CPU freq # mismatch: Power Profile # 19 actual # 20
05-20 06:59:43.736  1612  3185 W PackageManager: Missing required system package: com.sec.android.app.shealth, but found with extended search.
05-20 06:59:43.736  1612  3183 W CpuPowerCalculator: UID 10549 CPU freq # mismatch: Power Profile # 19 actual # 20
05-20 06:59:43.736  1612  3183 W CpuPowerCalculator: UID 10520 CPU freq # mismatch: Power Profile # 19 actual # 20
05-20 06:59:43.736  1612  3183 W CpuPowerCalculator: UID 10387 CPU freq # mismatch: Power Profile # 19 actual # 20
05-20 06:59:43.736  1612  3183 W CpuPowerCalculator: UID 10383 CPU freq # mismatch: Power Profile # 19 actual # 20
05-20 06:59:43.736  1612  3183 W CpuPowerCalculator: UID 10380 CPU freq # mismatch: Power Profile # 19 actual # 20
05-20 06:59:43.736  1612  3185 W PackageManager: Missing required system package: com.sec.android.app.sbrowser, but found with extended search.
05-20 06:59:43.736  1612  3183 W CpuPowerCalculator: UID 10376 CPU freq # mismatch: Power Profile # 19 actual # 20
05-20 06:59:43.736  1612  3183 W CpuPowerCalculator: UID 10355 CPU freq # mismatch: Power Profile # 19 actual # 20
05-20 06:59:43.736  1612  3183 W CpuPowerCalculator: UID 10355 CPU freq # mismatch: Power Profile # 19 actual # 20
05-20 06:59:43.736  1612  3183 W CpuPowerCalculator: UID 10329 CPU freq # mismatch: Power Profile # 19 actual # 20
05-20 06:59:43.736  1612  3183 W CpuPowerCalculator: UID 10326 CPU freq # mismatch: Power Profile # 19 actual # 20
05-20 06:59:43.736  1612  3185 W PackageManager: Missing required system package: com.samsung.android.oneconnect, but found with extended search.
05-20 06:59:43.736  1612  3183 W CpuPowerCalculator: UID 10306 CPU freq # mismatch: Power Profile # 19 actual # 20
05-20 06:59:43.736  1612  3183 W CpuPowerCalculator: UID 10302 CPU freq # mismatch: Power Profile # 19 actual # 20
05-20 06:59:43.736  1612  3183 W CpuPowerCalculator: UID 10299 CPU freq # mismatch: Power Profile # 19 actual # 20
05-20 06:59:43.736  1612  3183 W CpuPowerCalculator: UID 10281 CPU freq # mismatch: Power Profile # 19 actual # 20
05-20 06:59:43.736  1612  3185 W PackageManager: Missing required system package: com.paypal.android.p2pmobile, but found with extended search.
05-20 06:59:43.736  1612  3183 W CpuPowerCalculator: UID 10278 CPU freq # mismatch: Power Profile # 19 actual # 20
05-20 06:59:43.736  1612  3183 W CpuPowerCalculator: UID 10274 CPU freq # mismatch: Power Profile # 19 actual # 20
05-20 06:59:43.736  1612  3183 W CpuPowerCalculator: UID 10273 CPU freq # mismatch: Power Profile # 19 actual # 20
05-20 06:59:43.737  1612  3185 W PackageManager: Missing required system package: com.microsoft.office.outlook, but found with extended search.
05-20 06:59:43.737  1612  3183 W CpuPowerCalculator: UID 10243 CPU freq # mismatch: Power Profile # 19 actual # 20
05-20 06:59:43.737  1612  3183 W CpuPowerCalculator: UID 10242 CPU freq # mismatch: Power Profile # 19 actual # 20
05-20 06:59:43.737  1612  3185 W PackageManager: Missing required system package: com.microsoft.emmx, but found with extended search.
05-20 06:59:43.737  1612  3183 W CpuPowerCalculator: UID 10213 CPU freq # mismatch: Power Profile # 19 actual # 20
05-20 06:59:43.737  1612  3183 W CpuPowerCalculator: UID 10211 CPU freq # mismatch: Power Profile # 19 actual # 20
05-20 06:59:43.737  1612  3183 W CpuPowerCalculator: UID 10189 CPU freq # mismatch: Power Profile # 19 actual # 20
05-20 06:59:43.737  1612  3185 W PackageManager: Missing required system package: com.kolejeslaskie.epodroznik, but found with extended search.
05-20 06:59:43.737  1612  3183 W CpuPowerCalculator: UID 10181 CPU freq # mismatch: Power Profile # 19 actual # 20
05-20 06:59:43.737  1612  3183 W CpuPowerCalculator: UID 10180 CPU freq # mismatch: Power Profile # 19 actual # 20
05-20 06:59:43.737  1612  3183 W CpuPowerCalculator: UID 10178 CPU freq # mismatch: Power Profile # 19 actual # 20
05-20 06:59:43.737  1612  3183 W CpuPowerCalculator: UID 10170 CPU freq # mismatch: Power Profile # 19 actual # 20
05-20 06:59:43.737  1612  3183 W CpuPowerCalculator: UID 10166 CPU freq # mismatch: Power Profile # 19 actual # 20
05-20 06:59:43.737  1612  3183 W CpuPowerCalculator: UID 10166 CPU freq # mismatch: Power Profile # 19 actual # 20
05-20 06:59:43.737  1612  3185 W PackageManager: Missing required system package: com.inno.epodroznik.android, but found with extended search.
05-20 06:59:43.737  1612  3183 W CpuPowerCalculator: UID 10153 CPU freq # mismatch: Power Profile # 19 actual # 20
05-20 06:59:43.737  1612  3183 W CpuPowerCalculator: UID 10149 CPU freq # mismatch: Power Profile # 19 actual # 20
05-20 06:59:43.737  1612  3183 W CpuPowerCalculator: UID 10149 CPU freq # mismatch: Power Profile # 19 actual # 20
05-20 06:59:43.737  1612  3183 W CpuPowerCalculator: UID 10144 CPU freq # mismatch: Power Profile # 19 actual # 20
05-20 06:59:43.737  1612  3183 W CpuPowerCalculator: UID 10144 CPU freq # mismatch: Power Profile # 19 actual # 20
05-20 06:59:43.737  1612  3183 W CpuPowerCalculator: UID 10116 CPU freq # mismatch: Power Profile # 19 actual # 20
05-20 06:59:43.737  1612  3183 W CpuPowerCalculator: UID 10114 CPU freq # mismatch: Power Profile # 19 actual # 20
05-20 06:59:43.737  1612  3183 W CpuPowerCalculator: UID 10114 CPU freq # mismatch: Power Profile # 19 actual # 20
05-20 06:59:43.737  1612  3185 W PackageManager: Missing required system package: com.ingka.ikea.app, but found with extended search.
05-20 06:59:43.737  1612  3183 W CpuPowerCalculator: UID 1073 CPU freq # mismatch: Power Profile # 19 actual # 20
05-20 06:59:43.737  1612  3183 W CpuPowerCalculator: UID 1027 CPU freq # mismatch: Power Profile # 19 actual # 20
05-20 06:59:43.737  1612  3185 W PackageManager: Missing required system package: com.google.android.apps.youtube.creator, but found with extended search.
05-20 06:59:43.738  1612  3183 W CpuPowerCalculator: UID 1002 CPU freq # mismatch: Power Profile # 19 actual # 20
