05-20 06:59:32.832  1612  2726 E JobScheduler.Concurrency: Error executing JobStatus{a36ac30 #u0a427/1073741831 com.microsoft.skydrive/com.microsoft.authorization.cloudaccounts.UpdateCloudAccountsJob u=0 s=10427 TIME=-1d12h20m8s262ms:none NET BATNOTLOW failures=15 READY}
05-20 06:59:32.838  1612  3182 W PackageConfigPersister: App-specific configuration not found for packageName: pl.kacpermalachowski.virtualariadneline and userId: 0
05-20 06:59:32.842  1612  2726 W JobScheduler.Concurrency: Had fewer than 16 in existence
05-20 06:59:32.848  1612  2726 W JobScheduler.Concurrency: Had fewer than 16 in existence
05-20 06:59:32.850  1612  2726 W JobScheduler.Concurrency: Had fewer than 16 in existence
05-20 06:59:32.855  1612  2726 W JobScheduler.Concurrency: Had fewer than 16 in existence
05-20 06:59:32.858  1612  2726 W ActivityManager: Unable to start service Intent { flg=0x4 cmp=com.microsoft.office.outlook/com.google.android.datatransport.runtime.scheduling.jobscheduling.JobInfoSchedulerService } U=0: not found
05-20 06:59:32.860  1612  2726 W ActivityManager: Unbind failed: could not find connection for android.app.LoadedApk$ServiceDispatcher$InnerConnection@a4eeae7
05-20 06:59:32.862  1612  2726 E JobScheduler.Concurrency: Error executing JobStatus{33c04e1 #u0a401/-1397020546 com.microsoft.office.outlook/com.google.android.datatransport.runtime.scheduling.jobscheduling.JobInfoSchedulerService u=0 s=10401 TIME=-1d3h44m33s782ms:none NET READY}
05-20 06:59:32.865  1612  2726 W ActivityManager: Unable to start service Intent { flg=0x4 cmp=com.microsoft.skydrive/.jobs.LocalNotificationDailyJob } U=0: not found
05-20 06:59:32.865  1612  2726 W ActivityManager: Unbind failed: could not find connection for android.app.LoadedApk$ServiceDispatcher$InnerConnection@81ce132
05-20 06:59:32.866  1612  2726 E JobScheduler.Concurrency: Error executing JobStatus{365616d #u0a427/1073741829 com.microsoft.skydrive/.jobs.LocalNotificationDailyJob u=0 s=10427 TIME=-19h26m11s680ms:none PERSISTED READY}
05-20 06:59:32.869  1612  2726 W ActivityManager: Unable to start service Intent { flg=0x4 cmp=com.microsoft.skydrive/.camerabackup.CameraRollJob } U=0: not found
05-20 06:59:32.869  1612  2726 W ActivityManager: Unbind failed: could not find connection for android.app.LoadedApk$ServiceDispatcher$InnerConnection@cd08800
05-20 06:59:32.869  1612  2726 E JobScheduler.Concurrency: Error executing JobStatus{14c6ebe #u0a427/1073741824 com.microsoft.skydrive/.camerabackup.CameraRollJob u=0 s=10427 NET URIS=[android.app.job.JobInfo$TriggerContentUri@8abd8844, android.app.job.JobInfo$TriggerContentUri@b0cefe92, android.app.job.JobInfo$TriggerContentUri@691cff99, android.app.job.JobInfo$TriggerContentUri@fefc878b] READY}
05-20 06:59:32.871  1612  2726 W ActivityManager: Unable to start service Intent { flg=0x4 cmp=com.microsoft.office.outlook/androidx.work.impl.background.systemjob.SystemJobService } U=0: not found
05-20 06:59:32.871  1612  2726 W ActivityManager: Unbind failed: could not find connection for android.app.LoadedApk$ServiceDispatcher$InnerConnection@733de7e
05-20 06:59:32.872  1612  2726 E JobScheduler.Concurrency: Error executing JobStatus{e13b019 #u0a401/234 com.microsoft.office.outlook/androidx.work.impl.background.systemjob.SystemJobService u=0 s=10401 TIME=-7h24m8s178ms:none READY}
05-20 06:59:32.873  1612  2726 W ActivityManager: Unable to start service Intent { flg=0x4 cmp=com.instagram.android/androidx.work.impl.background.systemjob.SystemJobService } U=0: not found
05-20 06:59:32.873  1612  2726 W ActivityManager: Unbind failed: could not find connection for android.app.LoadedApk$ServiceDispatcher$InnerConnection@2544fdf
05-20 06:59:32.875  1612  2726 E JobScheduler.Concurrency: Error executing JobStatus{5622480 androidx.work.systemjobscheduler:u0a399/477 @androidx.work.systemjobscheduler@com.instagram.android/androidx.work.impl.background.systemjob.SystemJobService u=0 s=10399 TIME=-3h52m20s497ms:none READY}
05-20 06:59:32.877  1612  2726 W JobScheduler.Concurrency: Had fewer than 16 in existence
05-20 06:59:32.879  1612  2726 W JobScheduler.Concurrency: Had fewer than 16 in existence
05-20 06:59:32.880  1612  2726 W JobScheduler.Concurrency: Had fewer than 16 in existence
05-20 06:59:32.888  1612  2726 W JobScheduler.Concurrency: Had fewer than 16 in existence
05-20 06:59:32.889  1612  2726 W JobScheduler.Concurrency: Had fewer than 16 in existence
05-20 06:59:32.906  1612  2726 W ActivityManager: Unable to start service Intent { flg=0x4 cmp=com.microsoft.skydrive/com.microsoft.crossplaform.interop.WifiAvailableJob } U=0: not found
05-20 06:59:32.907  1612  2726 W ActivityManager: Unbind failed: could not find connection for android.app.LoadedApk$ServiceDispatcher$InnerConnection@f16ccc4
05-20 06:59:32.908  1612  2726 E JobScheduler.Concurrency: Error executing JobStatus{88eb9a9 #u0a427/1073741825 com.microsoft.skydrive/com.microsoft.crossplaform.interop.WifiAvailableJob u=0 s=10427 NET READY}
05-20 06:59:32.915  1612  2726 W ActivityManager: Unable to start service Intent { flg=0x4 cmp=com.microsoft.skydrive/.updateuserinfo.UpdateUserInfoJob } U=0: not found
05-20 06:59:32.915  1612  2726 W ActivityManager: Unbind failed: could not find connection for android.app.LoadedApk$ServiceDispatcher$InnerConnection@c36de73
05-20 06:59:32.916  1612  2726 E JobScheduler.Concurrency: Error executing JobStatus{22098b0 #u0a427/1073741828 com.microsoft.skydrive/.updateuserinfo.UpdateUserInfoJob u=0 s=10427 TIME=none:-51m40s508ms READY}
05-20 06:59:32.920  1612  2726 W ActivityManager: Unable to start service Intent { flg=0x4 cmp=com.microsoft.skydrive/.jobs.UpdateMetadataForOfflineFilesJob } U=0: not found
05-20 06:59:32.920  1612  2726 W ActivityManager: Unbind failed: could not find connection for android.app.LoadedApk$ServiceDispatcher$InnerConnection@2f481a9
05-20 06:59:32.921  1612  2726 E JobScheduler.Concurrency: Error executing JobStatus{bfb4972 #u0a427/1073741826 com.microsoft.skydrive/.jobs.UpdateMetadataForOfflineFilesJob u=0 s=10427 TIME=-48m25s735ms:+11m34s265ms NET PERIODIC PERSISTED READY}
05-20 06:59:32.926  1612  2726 W ActivityManager: Unable to start service Intent { flg=0x4 cmp=com.microsoft.skydrive/com.microsoft.authorization.cloudaccounts.UpdateCloudAccountsJob } U=0: not found
05-20 06:59:32.927  1612  2726 W ActivityManager: Unbind failed: could not find connection for android.app.LoadedApk$ServiceDispatcher$InnerConnection@f16eecf
05-20 06:59:32.928  1612  2726 E JobScheduler.Concurrency: Error executing JobStatus{a36ac30 #u0a427/1073741831 com.microsoft.skydrive/com.microsoft.authorization.cloudaccounts.UpdateCloudAccountsJob u=0 s=10427 TIME=-1d12h20m8s358ms:none NET BATNOTLOW failures=15 READY}
05-20 06:59:33.234  1612  1612 W AccessibilityManagerService:  wait for adding window timeout: 3758
05-20 06:59:33.490  4088  4088 E ActivityThread: Failed to find provider info for com.booking.aidprovider
05-20 06:59:33.534  4088  4223 E ActivityThread: Failed to find provider info for com.booking.aidprovider
05-20 06:59:33.604  1612  5092 W JobScheduler.Concurrency: Had fewer than 16 in existence
05-20 06:59:33.605  1612  5092 W JobScheduler.Concurrency: Had fewer than 16 in existence
05-20 06:59:33.607  1612  5092 W JobScheduler.Concurrency: Had fewer than 16 in existence
05-20 06:59:33.610  1612  5092 W JobScheduler.Concurrency: Had fewer than 16 in existence
05-20 06:59:33.643  1612  2726 W ActivityManager: Unable to start service Intent { flg=0x4 cmp=com.microsoft.skydrive/.jobs.UpdateMetadataForOfflineFilesJob } U=0: not found
05-20 06:59:33.644  1612  2726 W ActivityManager: Unbind failed: could not find connection for android.app.LoadedApk$ServiceDispatcher$InnerConnection@beae88b
05-20 06:59:33.644  1612  2726 E JobScheduler.Concurrency: Error executing JobStatus{bfb4972 #u0a427/1073741826 com.microsoft.skydrive/.jobs.UpdateMetadataForOfflineFilesJob u=0 s=10427 TIME=-48m26s459ms:+11m33s541ms NET PERIODIC PERSISTED READY}
05-20 06:59:33.656  1612  1612 W JobScheduler: Job didn't exist in JobStore: 2181678 #u0a513/1079 com.booking/.squeaks.LoggingJob
--------- beginning of main
05-20 06:59:33.697  1415  4290 E ANDR-PERF-LM: VmRssMeter:: start() 453: Could not find pid, can not collect vmrss data
05-20 06:59:33.697  1415  4291 E ANDR-PERF-LM: VmRssMeter:: start() 453: Could not find pid, can not collect vmrss data
05-20 06:59:33.697  1415  4291 E ANDR-PERF-LM: AdaptiveLaunch: writeToDataBase() 64: Meter aborted or could not get meter data for this run
05-20 06:59:33.875  4088  4138 W ziparchive: Unable to open '/data/app/~~JWy1eF_RZKHfy2MgG6zCTA==/com.google.android.trichromelibrary_710306033-sDICpbOaq_XxdSQ-aSvnow==/base.dm': No such file or directory
05-20 06:59:33.876  4088  4138 W ziparchive: Unable to open '/data/app/~~JWy1eF_RZKHfy2MgG6zCTA==/com.google.android.trichromelibrary_710306033-sDICpbOaq_XxdSQ-aSvnow==/base.dm': No such file or directory
05-20 06:59:33.876  4088  4138 W com.booking: Entry not found
05-20 06:59:34.009  4088  4401 E chromium: [ERROR:android_webview/browser/variations/variations_seed_loader.cc:39] Seed missing signature.
05-20 06:59:34.082  1612  5092 W JobScheduler.Concurrency: Had fewer than 16 in existence
05-20 06:59:34.184  4433  4433 W mount   : type=1400 audit(0.0:72676): avc:  denied  { search } for  name="vendor" dev="tmpfs" ino=1589 scontext=u:r:priv_app:s0:c512,c768 tcontext=u:object_r:mnt_vendor_file:s0 tclass=dir permissive=0 app=com.tailscale.ipn
05-20 06:59:34.184  4433  4433 W mount   : type=1400 audit(0.0:72677): avc:  denied  { search } for  name="vendor" dev="tmpfs" ino=1589 scontext=u:r:priv_app:s0:c512,c768 tcontext=u:object_r:mnt_vendor_file:s0 tclass=dir permissive=0 app=com.tailscale.ipn
05-20 06:59:34.184  4433  4433 W mount   : type=1400 audit(0.0:72678): avc:  denied  { getattr } for  path="/mnt/product/persist" dev="sde3" ino=2 scontext=u:r:priv_app:s0:c512,c768 tcontext=u:object_r:mnt_product_file:s0 tclass=dir permissive=0 app=com.tailscale.ipn
05-20 06:59:34.184  4433  4433 W mount   : type=1400 audit(0.0:72679): avc:  denied  { getattr } for  path="/metadata" dev="sde9" ino=2 scontext=u:r:priv_app:s0:c512,c768 tcontext=u:object_r:metadata_file:s0 tclass=dir permissive=0 app=com.tailscale.ipn
05-20 06:59:34.184  4433  4433 W mount   : type=1400 audit(0.0:72680): avc:  denied  { getattr } for  path="/vendor/firmware_mnt" dev="sdd14" ino=2 scontext=u:r:priv_app:s0:c512,c768 tcontext=u:object_r:firmware_file:s0 tclass=dir permissive=0 app=com.tailscale.ipn
05-20 06:59:34.184  4433  4433 W mount   : type=1400 audit(0.0:72681): avc:  denied  { getattr } for  name="/" dev="sdd14" ino=2 scontext=u:r:priv_app:s0:c512,c768 tcontext=u:object_r:firmware_file:s0 tclass=filesystem permissive=0 app=com.tailscale.ipn
05-20 06:59:34.184  4433  4433 W mount   : type=1400 audit(0.0:72682): avc:  denied  { getattr } for  path="/vendor/dsp" dev="sdd16" ino=2 scontext=u:r:priv_app:s0:c512,c768 tcontext=u:object_r:adsprpcd_file:s0 tclass=dir permissive=0 app=com.tailscale.ipn
05-20 06:59:34.457  1612  2169 E AppWidgetXmlUtil: Label is empty in ComponentInfo{com.samsung.android.oneconnect/com.samsung.android.oneconnect.ui.widget.routines.glance.homescreen.routines.provider.SceneWidgetMultiProvider}
05-20 06:59:34.457  1612  2169 E AppWidgetXmlUtil: Label is empty in ComponentInfo{com.samsung.android.oneconnect/com.samsung.android.oneconnect.ui.widget.routines.homescreen.scene2x1.provider.SceneWidget2x1Provider}
05-20 06:59:34.457  1612  2169 E AppWidgetXmlUtil: Label is empty in ComponentInfo{com.samsung.android.oneconnect/com.samsung.android.oneconnect.ui.widget.routines.homescreen.scenes2x2.provider.ScenesWidget2x2Provider}
05-20 06:59:34.457  1612  2169 E AppWidgetXmlUtil: Label is empty in ComponentInfo{com.sec.android.app.shealth/com.samsung.android.app.shealth.tracker.pedometer.service.StepsComplicationWidgetReceiver}
05-20 06:59:34.828  1612  2726 W PackageManager: Missing required system package: com.microsoft.skydrive, but found with extended search.
05-20 06:59:34.828  1612  2726 W ActivityManager: Unable to start service Intent { flg=0x4 cmp=com.microsoft.skydrive/.jobs.UpdateMetadataForOfflineFilesJob } U=0: not found
05-20 06:59:34.828  1612  2726 W ActivityManager: Unbind failed: could not find connection for android.app.LoadedApk$ServiceDispatcher$InnerConnection@9548179
05-20 06:59:34.829  1612  2726 E JobScheduler.Concurrency: Error executing JobStatus{bfb4972 #u0a427/1073741826 com.microsoft.skydrive/.jobs.UpdateMetadataForOfflineFilesJob u=0 s=10427 TIME=-48m27s644ms:+11m32s356ms NET PERIODIC PERSISTED READY}
05-20 06:59:34.977  4088  4096 W com.booking: ApkAssets: Deleting an ApkAssets object '<empty> and /data/app/~~nnl1epkUh_IOkVXmZETjAw==/com.google.android.webview-hgmSVdQ4CXd05NMwdyFGWQ==/base.apk' with 1 weak references
05-20 06:59:34.978  4088  4096 W com.booking: ApkAssets: Deleting an ApkAssets object '<empty> and /data/app/~~JWy1eF_RZKHfy2MgG6zCTA==/com.google.android.trichromelibrary_710306033-sDICpbOaq_XxdSQ-aSvnow==/base.apk' with 1 weak references
05-20 06:59:35.874 21181 13963 W PlayCommon: [586] ayxd.l(11): No account for auth token provided
05-20 06:59:37.921  1612  3183 W ProcessStats: Tracking association SourceState{57a09bf pl.kacpermalachowski.virtualariadneline/10559 BTop #1062382} whose proc state 2 is better than process ProcessState{75abe96 com.google.android.gms.persistent/10181 pkg=com.google.android.gms} proc state 3 (368 skipped)
05-20 06:59:37.926 29749 29824 W FusedLocation: forcing availability [CONTEXT service_id=6 ]
05-20 06:59:37.945  1612  2150 W AlarmManager: Unrecognized alarm listener com.android.server.location.gnss.GnssLocationProvider$$ExternalSyntheticLambda13@720527e
05-20 06:59:37.945  1612  2150 W AlarmManager: Unrecognized alarm listener com.android.server.location.gnss.GnssLocationProvider$$ExternalSyntheticLambda12@d59b3df
05-20 06:59:37.946  1612  3156 W ContextImpl: Calling a method in the system process without a qualified user: android.app.ContextImpl.sendBroadcast:1246 com.android.server.location.gnss.GnssStatusProvider.onReportStatus:176 com.android.server.location.gnss.hal.GnssNative.lambda$reportStatus$1:1057 com.android.server.location.gnss.hal.GnssNative.$r8$lambda$F6DnFXuQAsM3YqWh-0NCwFi1vMk:0 com.android.server.location.gnss.hal.GnssNative$$ExternalSyntheticLambda21.runOrThrow:0 
05-20 06:59:37.953  1612  3183 W ContextImpl: Calling a method in the system process without a qualified user: android.app.ContextImpl.sendBroadcast:1246 com.android.server.location.provider.LocationProviderManager$LocationRegistration$1.test:1004 com.android.server.location.provider.LocationProviderManager$LocationRegistration$1.test:958 android.location.LocationResult.filter:191 com.android.server.location.provider.LocationProviderManager$LocationRegistration.acceptLocationChange:957 
05-20 06:59:37.954  1612  3183 W ContextImpl: Calling a method in the system process without a qualified user: android.app.ContextImpl.sendBroadcast:1246 com.android.server.location.provider.LocationProviderManager$LocationRegistration$1.test:1004 com.android.server.location.provider.LocationProviderManager$LocationRegistration$1.test:958 android.location.LocationResult.filter:191 com.android.server.location.provider.LocationProviderManager$LocationRegistration.acceptLocationChange:957 
05-20 06:59:37.956  1612  3183 W ContextImpl: Calling a method in the system process without a qualified user: android.app.ContextImpl.sendBroadcast:1246 com.android.server.location.provider.LocationProviderManager$LocationRegistration$1.test:1004 com.android.server.location.provider.LocationProviderManager$LocationRegistration$1.test:958 android.location.LocationResult.filter:191 com.android.server.location.provider.LocationProviderManager$LocationRegistration.acceptLocationChange:957 
05-20 06:59:37.957  1374  2244 E LocSvc_ApiV02: reportLocEvent:3917] Loc event report: 0 KlobucharIonoMode_valid:0: leapSec_valid:1: tauC_valid:1 featureStatusReport_valid: 0 featureStatusReport: 0
05-20 06:59:37.957  1374  2244 E LocSvc_ApiV02: reportSystemInfo:4436] system info type: 1, leap second valid: 1 current gps time:valid:1, week: 2367, msec: 190796425,current leap second:valid 1, seconds 18, next gps time: valid 0, week: 0, msec: 0,next leap second: valid 0, seconds 0
05-20 06:59:37.966  1365  1365 E Diag_Lib: diag: Diag_LSM_DeInit: invoked for pid: 1365
05-20 06:59:37.966  1365  1365 E Diag_Lib: diag: Diag_LSM_DeInit: done for pid: 1365
05-20 06:59:37.968  1365  1365 E Diag_Lib: diag: Diag_LSM_DeInit: invoked for pid: 1365
05-20 06:59:37.969  1365  1365 E Diag_Lib: diag: Diag_LSM_DeInit: done for pid: 1365
05-20 06:59:37.971  1365  1365 E Diag_Lib: diag: Diag_LSM_DeInit: invoked for pid: 1365
05-20 06:59:37.971  1365  1365 E Diag_Lib: diag: Diag_LSM_DeInit: done for pid: 1365
05-20 06:59:38.249  3110  3175 E OpenGLRenderer: Unable to match the desired swap behavior.
05-20 06:59:38.502  3742  4541 W ProxyAndroidLoggerBackend: Too many Flogger logs received before configuration. Dropping old logs.
05-20 06:59:38.502  3742  4541 W ProxyAndroidLoggerBackend: Too many Flogger logs received before configuration. Dropping old logs.
05-20 06:59:38.504  3742  4541 W ProxyAndroidLoggerBackend: Too many Flogger logs received before configuration. Dropping old logs.
05-20 06:59:38.504  3742  4541 W ProxyAndroidLoggerBackend: Too many Flogger logs received before configuration. Dropping old logs.
05-20 06:59:38.511  3742  4541 W ProxyAndroidLoggerBackend: Too many Flogger logs received before configuration. Dropping old logs.
05-20 06:59:38.511  3742  4541 W ProxyAndroidLoggerBackend: Too many Flogger logs received before configuration. Dropping old logs.
05-20 06:59:38.513  3742  4541 W ProxyAndroidLoggerBackend: Too many Flogger logs received before configuration. Dropping old logs.
05-20 06:59:38.513  3742  4541 W ProxyAndroidLoggerBackend: Too many Flogger logs received before configuration. Dropping old logs.
05-20 06:59:38.516  3742  4541 W ProxyAndroidLoggerBackend: Too many Flogger logs received before configuration. Dropping old logs.
05-20 06:59:38.516  3742  4541 W ProxyAndroidLoggerBackend: Too many Flogger logs received before configuration. Dropping old logs.
05-20 06:59:38.517  3742  4540 W ProxyAndroidLoggerBackend: Too many Flogger logs received before configuration. Dropping old logs.
05-20 06:59:38.517  3742  4540 W ProxyAndroidLoggerBackend: Too many Flogger logs received before configuration. Dropping old logs.
05-20 06:59:38.523  3742  4542 W ProxyAndroidLoggerBackend: Too many Flogger logs received before configuration. Dropping old logs.
05-20 06:59:38.523  3742  4542 W ProxyAndroidLoggerBackend: Too many Flogger logs received before configuration. Dropping old logs.
05-20 06:59:38.529  3742  4541 W ProxyAndroidLoggerBackend: Too many Flogger logs received before configuration. Dropping old logs.
05-20 06:59:38.529  3742  4541 W ProxyAndroidLoggerBackend: Too many Flogger logs received before configuration. Dropping old logs.
05-20 06:59:38.624  3742  4072 W ProxyAndroidLoggerBackend: Too many Flogger logs received before configuration. Dropping old logs.
05-20 06:59:38.624  3742  4072 W ProxyAndroidLoggerBackend: Too many Flogger logs received before configuration. Dropping old logs.
05-20 06:59:38.633  3742  3742 W ProxyAndroidLoggerBackend: Too many Flogger logs received before configuration. Dropping old logs.
05-20 06:59:38.633  3742  3742 W ProxyAndroidLoggerBackend: Too many Flogger logs received before configuration. Dropping old logs.
05-20 06:59:38.635  3742  3742 W ProxyAndroidLoggerBackend: Too many Flogger logs received before configuration. Dropping old logs.
05-20 06:59:38.635  3742  3742 W ProxyAndroidLoggerBackend: Too many Flogger logs received before configuration. Dropping old logs.
05-20 06:59:38.635  3742  3742 W ProxyAndroidLoggerBackend: Too many Flogger logs received before configuration. Dropping old logs.
05-20 06:59:38.635  3742  3742 W ProxyAndroidLoggerBackend: Too many Flogger logs received before configuration. Dropping old logs.
05-20 06:59:38.635  3742  3742 W ProxyAndroidLoggerBackend: Too many Flogger logs received before configuration. Dropping old logs.
05-20 06:59:38.635  3742  3742 W ProxyAndroidLoggerBackend: Too many Flogger logs received before configuration. Dropping old logs.
05-20 06:59:38.635  3742  3742 W ProxyAndroidLoggerBackend: Too many Flogger logs received before configuration. Dropping old logs.
05-20 06:59:38.635  3742  3742 W ProxyAndroidLoggerBackend: Too many Flogger logs received before configuration. Dropping old logs.
05-20 06:59:38.635  3742  3742 W ProxyAndroidLoggerBackend: Too many Flogger logs received before configuration. Dropping old logs.
05-20 06:59:38.636  3742  3742 E unknown:ViewManager: onDropViewInstance: view [325] has a context that is not a ThemedReactContext: pl.kacpermalachowski.virtualariadneline.MainActivity@c5f7659
05-20 06:59:38.750  1612  1612 W AccessibilityManagerService:  wait for adding window timeout: 1539
05-20 06:59:38.965  1612  2971 W IE_Capabilities: Unknown WPA cipher suite: 2ac0f00
05-20 06:59:38.965  1612  2971 W IE_Capabilities: Unknown WPA cipher suite: 0
05-20 06:59:39.787  3742  3742 W ProxyAndroidLoggerBackend: Too many Flogger logs received before configuration. Dropping old logs.
05-20 06:59:39.790  3742  3742 W ProxyAndroidLoggerBackend: Too many Flogger logs received before configuration. Dropping old logs.
05-20 06:59:39.790  3742  3895 E ReactNativeJS: TypeError: Cannot read property 'length' of undefined
05-20 06:59:39.790  3742  3895 E ReactNativeJS: 
05-20 06:59:39.790  3742  3895 E ReactNativeJS: This error is located at:
05-20 06:59:39.790  3742  3895 E ReactNativeJS:     in Map
05-20 06:59:39.790  3742  3895 E ReactNativeJS:     in StaticContainer
05-20 06:59:39.790  3742  3895 E ReactNativeJS:     in EnsureSingleNavigator
05-20 06:59:39.790  3742  3895 E ReactNativeJS:     in SceneView
05-20 06:59:39.790  3742  3895 E ReactNativeJS:     in RCTView
05-20 06:59:39.790  3742  3895 E ReactNativeJS:     in Unknown
05-20 06:59:39.790  3742  3895 E ReactNativeJS:     in RCTView
05-20 06:59:39.790  3742  3895 E ReactNativeJS:     in Unknown
05-20 06:59:39.790  3742  3895 E ReactNativeJS:     in RCTView
05-20 06:59:39.790  3742  3895 E ReactNativeJS:     in Unknown
05-20 06:59:39.790  3742  3895 E ReactNativeJS:     in CardSheet
05-20 06:59:39.790  3742  3895 E ReactNativeJS:     in RCTView
05-20 06:59:39.790  3742  3895 E ReactNativeJS:     in Unknown
05-20 06:59:39.790  3742  3895 E ReactNativeJS:     in Unknown
05-20 06:59:39.790  3742  3895 E ReactNativeJS:     in PanGestureHandler
05-20 06:59:39.790  3742  3895 E ReactNativeJS:     in PanGestureHandler
05-20 06:59:39.790  3742  3895 E ReactNativeJS:     in RCTView
05-20 06:59:39.790  3742  3895 E ReactNativeJS:     in Unknown
05-20 06:59:39.790  3742  3895 E ReactNativeJS:     in Unknown
05-20 06:59:39.790  3742  3895 E ReactNativeJS:     in RCTView
05-20 06:59:39.790  3742  3895 E ReactNativeJS:     in Unknown
05-20 06:59:39.790  3742  3895 E ReactNativeJS:     in Card
05-20 06:59:39.790  3742  3895 E ReactNativeJS:     in CardContainerInner
05-20 06:59:39.790  3742  3895 E ReactNativeJS:     in RNSScreen
05-20 06:59:39.790  3742  3895 E ReactNativeJS:     in Unknown
05-20 06:59:39.790  3742  3895 E ReactNativeJS:     in Suspender
05-20 06:59:39.790  3742  3895 E ReactNativeJS:     in Suspense
05-20 06:59:39.790  3742  3895 E ReactNativeJS:     in Freeze
05-20 06:59:39.790  3742  3895 E ReactNativeJS:     in DelayedFreeze
05-20 06:59:39.790  3742  3895 E ReactNativeJS:     in InnerScreen
05-20 06:59:39.790  3742  3895 E ReactNativeJS:     in Unknown
05-20 06:59:39.790  3742  3895 E ReactNativeJS:     in MaybeScreen
05-20 06:59:39.790  3742  3895 E ReactNativeJS:     in RNSScreenContainer
05-20 06:59:39.790  3742  3895 E ReactNativeJS:     in ScreenContainer
05-20 06:59:39.790  3742  3895 E ReactNativeJS:     in MaybeScreenContainer
05-20 06:59:39.790  3742  3895 E ReactNativeJS:     in RCTView
05-20 06:59:39.790  3742  3895 E ReactNativeJS:     in Unknown
05-20 06:59:39.790  3742  3895 E ReactNativeJS:     in CardStack
05-20 06:59:39.790  3742  3895 E ReactNativeJS:     in RNCSafeAreaProvider
05-20 06:59:39.790  3742  3895 E ReactNativeJS:     in SafeAreaProvider
05-20 06:59:39.790  3742  3895 E ReactNativeJS:     in SafeAreaProviderCompat
05-20 06:59:39.790  3742  3895 E ReactNativeJS:     in RNGestureHandlerRootView
05-20 06:59:39.790  3742  3895 E ReactNativeJS:     in GestureHandlerRootView
05-20 06:59:39.790  3742  3895 E ReactNativeJS:     in StackView
05-20 06:59:39.790  3742  3895 E ReactNativeJS:     in PreventRemoveProvider
05-20 06:59:39.790  3742  3895 E ReactNativeJS:     in NavigationContent
05-20 06:59:39.790  3742  3895 E ReactNativeJS:     in Unknown
05-20 06:59:39.790  3742  3895 E ReactNativeJS:     in StackNavigator
05-20 06:59:39.790  3742  3895 E ReactNativeJS:     in ThemeProvider
05-20 06:59:39.790  3742  3895 E ReactNativeJS:     in EnsureSingleNavigator
05-20 06:59:39.790  3742  3895 E ReactNativeJS:     in BaseNavigationContainer
05-20 06:59:39.790  3742  3895 E ReactNativeJS:     in NavigationContainerInner
05-20 06:59:39.790  3742  3895 E ReactNativeJS:     in App
05-20 06:59:39.790  3742  3895 E ReactNativeJS:     in RCTView
05-20 06:59:39.790  3742  3895 E ReactNativeJS:     in Unknown
05-20 06:59:39.790  3742  3895 E ReactNativeJS:     in AppContainer, js engine: hermes
05-20 06:59:39.790  3742  3742 W ProxyAndroidLoggerBackend: Too many Flogger logs received before configuration. Dropping old logs.
05-20 06:59:39.790  3742  3742 W ProxyAndroidLoggerBackend: Too many Flogger logs received before configuration. Dropping old logs.
05-20 06:59:39.791  3742  4540 W ProxyAndroidLoggerBackend: Too many Flogger logs received before configuration. Dropping old logs.
05-20 06:59:39.792  3742  3895 E ReactNativeJS: TypeError: Cannot read property 'length' of undefined
05-20 06:59:39.792  3742  3895 E ReactNativeJS: 
05-20 06:59:39.792  3742  3895 E ReactNativeJS: This error is located at:
05-20 06:59:39.792  3742  3895 E ReactNativeJS:     in Map
05-20 06:59:39.792  3742  3895 E ReactNativeJS:     in StaticContainer
05-20 06:59:39.792  3742  3895 E ReactNativeJS:     in EnsureSingleNavigator
05-20 06:59:39.792  3742  3895 E ReactNativeJS:     in SceneView
05-20 06:59:39.792  3742  3895 E ReactNativeJS:     in RCTView
05-20 06:59:39.792  3742  3895 E ReactNativeJS:     in Unknown
05-20 06:59:39.792  3742  3895 E ReactNativeJS:     in RCTView
05-20 06:59:39.792  3742  3895 E ReactNativeJS:     in Unknown
05-20 06:59:39.792  3742  3895 E ReactNativeJS:     in RCTView
05-20 06:59:39.792  3742  3895 E ReactNativeJS:     in Unknown
05-20 06:59:39.792  3742  3895 E ReactNativeJS:     in CardSheet
05-20 06:59:39.792  3742  3895 E ReactNativeJS:     in RCTView
05-20 06:59:39.792  3742  3895 E ReactNativeJS:     in Unknown
05-20 06:59:39.792  3742  3895 E ReactNativeJS:     in Unknown
05-20 06:59:39.792  3742  3895 E ReactNativeJS:     in PanGestureHandler
05-20 06:59:39.792  3742  3895 E ReactNativeJS:     in PanGestureHandler
05-20 06:59:39.792  3742  3895 E ReactNativeJS:     in RCTView
05-20 06:59:39.792  3742  3895 E ReactNativeJS:     in Unknown
05-20 06:59:39.792  3742  3895 E ReactNativeJS:     in Unknown
05-20 06:59:39.792  3742  3895 E ReactNativeJS:     in RCTView
05-20 06:59:39.792  3742  3895 E ReactNativeJS:     in Unknown
05-20 06:59:39.792  3742  3895 E ReactNativeJS:     in Card
05-20 06:59:39.792  3742  3895 E ReactNativeJS:     in CardContainerInner
05-20 06:59:39.792  3742  3895 E ReactNativeJS:     in RNSScreen
05-20 06:59:39.792  3742  3895 E ReactNativeJS:     in Unknown
05-20 06:59:39.792  3742  3895 E ReactNativeJS:     in Suspender
05-20 06:59:39.792  3742  3895 E ReactNativeJS:     in Suspense
05-20 06:59:39.792  3742  3895 E ReactNativeJS:     in Freeze
05-20 06:59:39.792  3742  3895 E ReactNativeJS:     in DelayedFreeze
05-20 06:59:39.792  3742  3895 E ReactNativeJS:     in InnerScreen
05-20 06:59:39.792  3742  3895 E ReactNativeJS:     in Unknown
05-20 06:59:39.792  3742  3895 E ReactNativeJS:     in MaybeScreen
05-20 06:59:39.792  3742  3895 E ReactNativeJS:     in RNSScreenContainer
05-20 06:59:39.792  3742  3895 E ReactNativeJS:     in ScreenContainer
05-20 06:59:39.792  3742  3895 E ReactNativeJS:     in MaybeScreenContainer
05-20 06:59:39.792  3742  3895 E ReactNativeJS:     in RCTView
05-20 06:59:39.792  3742  3895 E ReactNativeJS:     in Unknown
05-20 06:59:39.792  3742  3895 E ReactNativeJS:     in CardStack
05-20 06:59:39.792  3742  3895 E ReactNativeJS:     in RNCSafeAreaProvider
05-20 06:59:39.792  3742  3895 E ReactNativeJS:     in SafeAreaProvider
05-20 06:59:39.792  3742  3895 E ReactNativeJS:     in SafeAreaProviderCompat
05-20 06:59:39.792  3742  3895 E ReactNativeJS:     in RNGestureHandlerRootView
05-20 06:59:39.792  3742  3895 E ReactNativeJS:     in GestureHandlerRootView
05-20 06:59:39.792  3742  3895 E ReactNativeJS:     in StackView
05-20 06:59:39.792  3742  3895 E ReactNativeJS:     in PreventRemoveProvider
05-20 06:59:39.792  3742  3895 E ReactNativeJS:     in NavigationContent
05-20 06:59:39.792  3742  3895 E ReactNativeJS:     in Unknown
05-20 06:59:39.792  3742  3895 E ReactNativeJS:     in StackNavigator
05-20 06:59:39.792  3742  3895 E ReactNativeJS:     in ThemeProvider
05-20 06:59:39.792  3742  3895 E ReactNativeJS:     in EnsureSingleNavigator
05-20 06:59:39.792  3742  3895 E ReactNativeJS:     in BaseNavigationContainer
05-20 06:59:39.792  3742  3895 E ReactNativeJS:     in NavigationContainerInner
05-20 06:59:39.792  3742  3895 E ReactNativeJS:     in App
05-20 06:59:39.792  3742  3895 E ReactNativeJS:     in RCTView
05-20 06:59:39.792  3742  3895 E ReactNativeJS:     in Unknown
05-20 06:59:39.792  3742  3895 E ReactNativeJS:     in AppContainer, js engine: hermes
05-20 06:59:39.792  3742  3742 W ProxyAndroidLoggerBackend: Too many Flogger logs received before configuration. Dropping old logs.
05-20 06:59:39.792  3742  4542 W ProxyAndroidLoggerBackend: Too many Flogger logs received before configuration. Dropping old logs.
05-20 06:59:39.793  3742  3742 W ProxyAndroidLoggerBackend: Too many Flogger logs received before configuration. Dropping old logs.
05-20 06:59:39.793  3742  3742 W ProxyAndroidLoggerBackend: Too many Flogger logs received before configuration. Dropping old logs.
05-20 06:59:39.795  3742  3742 W ProxyAndroidLoggerBackend: Too many Flogger logs received before configuration. Dropping old logs.
05-20 06:59:39.795  3742  3742 W ProxyAndroidLoggerBackend: Too many Flogger logs received before configuration. Dropping old logs.
05-20 06:59:39.795  1612  8063 E Transition: Trying to add a ready-group twice: Display{#0 state=ON size=1080x2400 ROTATION_0}
05-20 06:59:39.796  3742  3742 W ProxyAndroidLoggerBackend: Too many Flogger logs received before configuration. Dropping old logs.
05-20 06:59:39.796  3742  3742 W ProxyAndroidLoggerBackend: Too many Flogger logs received before configuration. Dropping old logs.
05-20 06:59:39.805  1415  1467 W ANDR-PERF-LM: MetaMeter: handlePrimaryAsync() 118: AdaptLaunch MetaMeter. No MeterMgr Available to handle this Primary Async. !!!!
05-20 06:59:39.805  1415  1467 W ANDR-PERF-LM: MetaMeter: handlePrimaryAsync() 118: AdaptLaunch MetaMeter. No MeterMgr Available to handle this Primary Async. !!!!
05-20 06:59:39.806  1415  1467 E ANDR-PERF-LM: MetaMeter: handleAsync() 166: AdaptLaunch Invalid Async
05-20 06:59:39.807  3742  3896 E unknown:ReactNative: TypeError: Cannot read property 'length' of undefined
05-20 06:59:39.807  3742  3896 E unknown:ReactNative: 
05-20 06:59:39.807  3742  3896 E unknown:ReactNative: This error is located at:
05-20 06:59:39.807  3742  3896 E unknown:ReactNative:     in Map
05-20 06:59:39.807  3742  3896 E unknown:ReactNative:     in StaticContainer
05-20 06:59:39.807  3742  3896 E unknown:ReactNative:     in EnsureSingleNavigator
05-20 06:59:39.807  3742  3896 E unknown:ReactNative:     in SceneView
05-20 06:59:39.807  3742  3896 E unknown:ReactNative:     in RCTView
05-20 06:59:39.807  3742  3896 E unknown:ReactNative:     in Unknown
05-20 06:59:39.807  3742  3896 E unknown:ReactNative:     in RCTView
05-20 06:59:39.807  3742  3896 E unknown:ReactNative:     in Unknown
05-20 06:59:39.807  3742  3896 E unknown:ReactNative:     in RCTView
05-20 06:59:39.807  3742  3896 E unknown:ReactNative:     in Unknown
05-20 06:59:39.807  3742  3896 E unknown:ReactNative:     in CardSheet
05-20 06:59:39.807  3742  3896 E unknown:ReactNative:     in RCTView
05-20 06:59:39.807  3742  3896 E unknown:ReactNative:     in Unknown
05-20 06:59:39.807  3742  3896 E unknown:ReactNative:     in Unknown
05-20 06:59:39.807  3742  3896 E unknown:ReactNative:     in PanGestureHandler
05-20 06:59:39.807  3742  3896 E unknown:ReactNative:     in PanGestureHandler
05-20 06:59:39.807  3742  3896 E unknown:ReactNative:     in RCTView
05-20 06:59:39.807  3742  3896 E unknown:ReactNative:     in Unknown
05-20 06:59:39.807  3742  3896 E unknown:ReactNative:     in Unknown
05-20 06:59:39.807  3742  3896 E unknown:ReactNative:     in RCTView
05-20 06:59:39.807  3742  3896 E unknown:ReactNative:     in Unknown
05-20 06:59:39.807  3742  3896 E unknown:ReactNative:     in Card
05-20 06:59:39.807  3742  3896 E unknown:ReactNative:     in CardContainerInner
05-20 06:59:39.807  3742  3896 E unknown:ReactNative:     in RNSScreen
05-20 06:59:39.807  3742  3896 E unknown:ReactNative:     in Unknown
05-20 06:59:39.807  3742  3896 E unknown:ReactNative:     in Suspender
05-20 06:59:39.807  3742  3896 E unknown:ReactNative:     in Suspense
05-20 06:59:39.807  3742  3896 E unknown:ReactNative:     in Freeze
05-20 06:59:39.807  3742  3896 E unknown:ReactNative:     in DelayedFreeze
05-20 06:59:39.807  3742  3896 E unknown:ReactNative:     in InnerScreen
05-20 06:59:39.807  3742  3896 E unknown:ReactNative:     in Unknown
05-20 06:59:39.807  3742  3896 E unknown:ReactNative:     in MaybeScreen
05-20 06:59:39.807  3742  3896 E unknown:ReactNative:     in RNSScreenContainer
05-20 06:59:39.807  3742  3896 E unknown:ReactNative:     in ScreenContainer
05-20 06:59:39.807  3742  3896 E unknown:ReactNative:     in MaybeScreenContainer
05-20 06:59:39.807  3742  3896 E unknown:ReactNative:     in RCTView
05-20 06:59:39.807  3742  3896 E unknown:ReactNative:     in Unknown
05-20 06:59:39.807  3742  3896 E unknown:ReactNative:     in CardStack
05-20 06:59:39.807  3742  3896 E unknown:ReactNative:     in RNCSafeAreaProvider
05-20 06:59:39.807  3742  3896 E unknown:ReactNative:     in SafeAreaProvider
05-20 06:59:39.807  3742  3896 E unknown:ReactNative:     in SafeAreaProviderCompat
05-20 06:59:39.807  3742  3896 E unknown:ReactNative:     in RNGestureHandlerRootView
05-20 06:59:39.807  3742  3896 E unknown:ReactNative:     in GestureHandlerRootView
05-20 06:59:39.807  3742  3896 E unknown:ReactNative:     in StackView
05-20 06:59:39.807  3742  3896 E unknown:ReactNative:     in PreventRemoveProvider
05-20 06:59:39.807  3742  3896 E unknown:ReactNative:     in NavigationContent
05-20 06:59:39.807  3742  3896 E unknown:ReactNative:     in Unknown
05-20 06:59:39.807  3742  3896 E unknown:ReactNative:     in StackNavigator
05-20 06:59:39.807  3742  3896 E unknown:ReactNative:     in ThemeProvider
05-20 06:59:39.807  3742  3896 E unknown:ReactNative:     in EnsureSingleNavigator
05-20 06:59:39.807  3742  3896 E unknown:ReactNative:     in BaseNavigationContainer
05-20 06:59:39.807  3742  3896 E unknown:ReactNative:     in NavigationContainerInner
05-20 06:59:39.807  3742  3896 E unknown:ReactNative:     in App
05-20 06:59:39.807  3742  3896 E unknown:ReactNative:     in RCTView
05-20 06:59:39.807  3742  3896 E unknown:ReactNative:     in Unknown
05-20 06:59:39.807  3742  3896 E unknown:ReactNative:     in AppContainer, js engine: hermes, stack:
05-20 06:59:39.807  3742  3896 E unknown:ReactNative: Map@1:1035172
05-20 06:59:39.807  3742  3896 E unknown:ReactNative: renderWithHooks@1:405870
05-20 06:59:39.807  3742  3896 E unknown:ReactNative: updateFunctionComponent@1:415142
05-20 06:59:39.807  3742  3896 E unknown:ReactNative: beginWork@1:422907
05-20 06:59:39.807  3742  3896 E unknown:ReactNative: performUnitOfWork@1:442330
05-20 06:59:39.807  3742  3896 E unknown:ReactNative: workLoopSync@1:441461
05-20 06:59:39.807  3742  3896 E unknown:ReactNative: renderRootSync@1:441293
05-20 06:59:39.807  3742  3896 E unknown:ReactNative: flushSyncWorkAcrossRoots_impl@1:395404
05-20 06:59:39.807  3742  3896 E unknown:ReactNative: batchedUpdatesImpl@1:453794
05-20 06:59:39.807  3742  3896 E unknown:ReactNative: batchedUpdates$1@1:388130
05-20 06:59:39.807  3742  3896 E unknown:ReactNative: _receiveRootNodeIDEvent@1:388416
05-20 06:59:39.807  3742  3896 E unknown:ReactNative: receiveTouches@1:451370
05-20 06:59:39.807  3742  3896 E unknown:ReactNative: __callFunction@1:113476
05-20 06:59:39.807  3742  3896 E unknown:ReactNative: anonymous@1:111918
05-20 06:59:39.807  3742  3896 E unknown:ReactNative: __guard@1:112858
05-20 06:59:39.807  3742  3896 E unknown:ReactNative: callFunctionReturnFlushedQueue@1:111876
05-20 06:59:39.807  3742  4540 W ProxyAndroidLoggerBackend: Too many Flogger logs received before configuration. Dropping old logs.
05-20 06:59:39.807  3742  4540 W ProxyAndroidLoggerBackend: Too many Flogger logs received before configuration. Dropping old logs.
05-20 06:59:39.809  3742  3896 E AndroidRuntime: FATAL EXCEPTION: mqt_native_modules
05-20 06:59:39.809  3742  3896 E AndroidRuntime: Process: pl.kacpermalachowski.virtualariadneline, PID: 3742
05-20 06:59:39.809  3742  3896 E AndroidRuntime: com.facebook.react.common.JavascriptException: TypeError: Cannot read property 'length' of undefined
05-20 06:59:39.809  3742  3896 E AndroidRuntime: 
05-20 06:59:39.809  3742  3896 E AndroidRuntime: This error is located at:
05-20 06:59:39.809  3742  3896 E AndroidRuntime:     in Map
05-20 06:59:39.809  3742  3896 E AndroidRuntime:     in StaticContainer
05-20 06:59:39.809  3742  3896 E AndroidRuntime:     in EnsureSingleNavigator
05-20 06:59:39.809  3742  3896 E AndroidRuntime:     in SceneView
05-20 06:59:39.809  3742  3896 E AndroidRuntime:     in RCTView
05-20 06:59:39.809  3742  3896 E AndroidRuntime:     in Unknown
05-20 06:59:39.809  3742  3896 E AndroidRuntime:     in RCTView
05-20 06:59:39.809  3742  3896 E AndroidRuntime:     in Unknown
05-20 06:59:39.809  3742  3896 E AndroidRuntime:     in RCTView
05-20 06:59:39.809  3742  3896 E AndroidRuntime:     in Unknown
05-20 06:59:39.809  3742  3896 E AndroidRuntime:     in CardSheet
05-20 06:59:39.809  3742  3896 E AndroidRuntime:     in RCTView
05-20 06:59:39.809  3742  3896 E AndroidRuntime:     in Unknown
05-20 06:59:39.809  3742  3896 E AndroidRuntime:     in Unknown
05-20 06:59:39.809  3742  3896 E AndroidRuntime:     in PanGestureHandler
05-20 06:59:39.809  3742  3896 E AndroidRuntime:     in PanGestureHandler
05-20 06:59:39.809  3742  3896 E AndroidRuntime:     in RCTView
05-20 06:59:39.809  3742  3896 E AndroidRuntime:     in Unknown
05-20 06:59:39.809  3742  3896 E AndroidRuntime:     in Unknown
05-20 06:59:39.809  3742  3896 E AndroidRuntime:     in RCTView
05-20 06:59:39.809  3742  3896 E AndroidRuntime:     in Unknown
05-20 06:59:39.809  3742  3896 E AndroidRuntime:     in Card
05-20 06:59:39.809  3742  3896 E AndroidRuntime:     in CardContainerInner
05-20 06:59:39.809  3742  3896 E AndroidRuntime:     in RNSScreen
05-20 06:59:39.809  3742  3896 E AndroidRuntime:     in Unknown
05-20 06:59:39.809  3742  3896 E AndroidRuntime:     in Suspender
05-20 06:59:39.809  3742  3896 E AndroidRuntime:     in Suspense
05-20 06:59:39.809  3742  3896 E AndroidRuntime:     in Freeze
05-20 06:59:39.809  3742  3896 E AndroidRuntime:     in DelayedFreeze
05-20 06:59:39.809  3742  3896 E AndroidRuntime:     in InnerScreen
05-20 06:59:39.809  3742  3896 E AndroidRuntime:     in Unknown
05-20 06:59:39.809  3742  3896 E AndroidRuntime:     in MaybeScreen
05-20 06:59:39.809  3742  3896 E AndroidRuntime:     in RNSScreenContainer
05-20 06:59:39.809  3742  3896 E AndroidRuntime:     in ScreenContainer
05-20 06:59:39.809  3742  3896 E AndroidRuntime:     in MaybeScreenContainer
05-20 06:59:39.809  3742  3896 E AndroidRuntime:     in RCTView
05-20 06:59:39.809  3742  3896 E AndroidRuntime:     in Unknown
05-20 06:59:39.809  3742  3896 E AndroidRuntime:     in CardStack
05-20 06:59:39.809  3742  3896 E AndroidRuntime:     in RNCSafeAreaProvider
05-20 06:59:39.809  3742  3896 E AndroidRuntime:     in SafeAreaProvider
05-20 06:59:39.809  3742  3896 E AndroidRuntime:     in SafeAreaProviderCompat
05-20 06:59:39.809  3742  3896 E AndroidRuntime:     in RNGestureHandlerRootView
05-20 06:59:39.809  3742  3896 E AndroidRuntime:     in GestureHandlerRootView
05-20 06:59:39.809  3742  3896 E AndroidRuntime:     in StackView
05-20 06:59:39.809  3742  3896 E AndroidRuntime:     in PreventRemoveProvider
05-20 06:59:39.809  3742  3896 E AndroidRuntime:     in NavigationContent
05-20 06:59:39.809  3742  3896 E AndroidRuntime:     in Unknown
05-20 06:59:39.809  3742  3896 E AndroidRuntime:     in StackNavigator
05-20 06:59:39.809  3742  3896 E AndroidRuntime:     in ThemeProvider
05-20 06:59:39.809  3742  3896 E AndroidRuntime:     in EnsureSingleNavigator
05-20 06:59:39.809  3742  3896 E AndroidRuntime:     in BaseNavigationContainer
05-20 06:59:39.809  3742  3896 E AndroidRuntime:     in NavigationContainerInner
05-20 06:59:39.809  3742  3896 E AndroidRuntime:     in App
05-20 06:59:39.809  3742  3896 E AndroidRuntime:     in RCTView
05-20 06:59:39.809  3742  3896 E AndroidRuntime:     in Unknown
05-20 06:59:39.809  3742  3896 E AndroidRuntime:     in AppContainer, js engine: hermes, stack:
05-20 06:59:39.809  3742  3896 E AndroidRuntime: Map@1:1035172
05-20 06:59:39.809  3742  3896 E AndroidRuntime: renderWithHooks@1:405870
05-20 06:59:39.809  3742  3896 E AndroidRuntime: updateFunctionComponent@1:415142
05-20 06:59:39.809  3742  3896 E AndroidRuntime: beginWork@1:422907
05-20 06:59:39.809  3742  3896 E AndroidRuntime: performUnitOfWork@1:442330
05-20 06:59:39.809  3742  3896 E AndroidRuntime: workLoopSync@1:441461
05-20 06:59:39.809  3742  3896 E AndroidRuntime: renderRootSync@1:441293
05-20 06:59:39.809  3742  3896 E AndroidRuntime: flushSyncWorkAcrossRoots_impl@1:395404
05-20 06:59:39.809  3742  3896 E AndroidRuntime: batchedUpdatesImpl@1:453794
05-20 06:59:39.809  3742  3896 E AndroidRuntime: batchedUpdates$1@1:388130
05-20 06:59:39.809  3742  3896 E AndroidRuntime: _receiveRootNodeIDEvent@1:388416
05-20 06:59:39.809  3742  3896 E AndroidRuntime: receiveTouches@1:451370
05-20 06:59:39.809  3742  3896 E AndroidRuntime: __callFunction@1:113476
05-20 06:59:39.809  3742  3896 E AndroidRuntime: anonymous@1:111918
05-20 06:59:39.809  3742  3896 E AndroidRuntime: __guard@1:112858
05-20 06:59:39.809  3742  3896 E AndroidRuntime: callFunctionReturnFlushedQueue@1:111876
05-20 06:59:39.809  3742  3896 E AndroidRuntime: 
05-20 06:59:39.809  3742  3896 E AndroidRuntime: 	at com.facebook.react.modules.core.ExceptionsManagerModule.reportException(ExceptionsManagerModule.kt:52)
05-20 06:59:39.809  3742  3896 E AndroidRuntime: 	at java.lang.reflect.Method.invoke(Native Method)
05-20 06:59:39.809  3742  3896 E AndroidRuntime: 	at com.facebook.react.bridge.JavaMethodWrapper.invoke(JavaMethodWrapper.java:372)
05-20 06:59:39.809  3742  3896 E AndroidRuntime: 	at com.facebook.react.bridge.JavaModuleWrapper.invoke(JavaModuleWrapper.java:146)
05-20 06:59:39.809  3742  3896 E AndroidRuntime: 	at com.facebook.jni.NativeRunnable.run(Native Method)
05-20 06:59:39.809  3742  3896 E AndroidRuntime: 	at android.os.Handler.handleCallback(Handler.java:1000)
05-20 06:59:39.809  3742  3896 E AndroidRuntime: 	at android.os.Handler.dispatchMessage(Handler.java:104)
05-20 06:59:39.809  3742  3896 E AndroidRuntime: 	at com.facebook.react.bridge.queue.MessageQueueThreadHandler.dispatchMessage(MessageQueueThreadHandler.java:27)
05-20 06:59:39.809  3742  3896 E AndroidRuntime: 	at android.os.Looper.loopOnce(Looper.java:242)
05-20 06:59:39.809  3742  3896 E AndroidRuntime: 	at android.os.Looper.loop(Looper.java:362)
05-20 06:59:39.809  3742  3896 E AndroidRuntime: 	at com.facebook.react.bridge.queue.MessageQueueThreadImpl.lambda$startNewBackgroundThread$2(MessageQueueThreadImpl.java:217)
05-20 06:59:39.809  3742  3896 E AndroidRuntime: 	at com.facebook.react.bridge.queue.MessageQueueThreadImpl$$ExternalSyntheticLambda1.run(D8$$SyntheticClass:0)
05-20 06:59:39.809  3742  3896 E AndroidRuntime: 	at java.lang.Thread.run(Thread.java:1012)
05-20 06:59:39.810  3742  4542 W ProxyAndroidLoggerBackend: Too many Flogger logs received before configuration. Dropping old logs.
05-20 06:59:39.810  3742  4542 W ProxyAndroidLoggerBackend: Too many Flogger logs received before configuration. Dropping old logs.
05-20 06:59:39.812  3742  4541 W ProxyAndroidLoggerBackend: Too many Flogger logs received before configuration. Dropping old logs.
05-20 06:59:39.812  3742  4541 W ProxyAndroidLoggerBackend: Too many Flogger logs received before configuration. Dropping old logs.
05-20 06:59:39.814  3742  4541 W ProxyAndroidLoggerBackend: Too many Flogger logs received before configuration. Dropping old logs.
05-20 06:59:39.814  3742  4541 W ProxyAndroidLoggerBackend: Too many Flogger logs received before configuration. Dropping old logs.
05-20 06:59:39.818  3742  4541 W ProxyAndroidLoggerBackend: Too many Flogger logs received before configuration. Dropping old logs.
05-20 06:59:39.818  3742  4541 W ProxyAndroidLoggerBackend: Too many Flogger logs received before configuration. Dropping old logs.
05-20 06:59:39.821  3742  4541 W ProxyAndroidLoggerBackend: Too many Flogger logs received before configuration. Dropping old logs.
05-20 06:59:39.821  3742  4541 W ProxyAndroidLoggerBackend: Too many Flogger logs received before configuration. Dropping old logs.
05-20 06:59:39.830  3742  4542 W ProxyAndroidLoggerBackend: Too many Flogger logs received before configuration. Dropping old logs.
05-20 06:59:39.830  3742  4542 W ProxyAndroidLoggerBackend: Too many Flogger logs received before configuration. Dropping old logs.
05-20 06:59:39.832  1612  2726 W JobScheduler.Concurrency: Had fewer than 16 in existence
05-20 06:59:39.836  1612  2726 W PackageManager: Missing required system package: com.microsoft.office.outlook, but found with extended search.
05-20 06:59:39.836  1612  2726 W ActivityManager: Unable to start service Intent { flg=0x4 cmp=com.microsoft.office.outlook/com.google.android.datatransport.runtime.scheduling.jobscheduling.JobInfoSchedulerService } U=0: not found
05-20 06:59:39.836  3742  4542 W ProxyAndroidLoggerBackend: Too many Flogger logs received before configuration. Dropping old logs.
05-20 06:59:39.836  3742  4542 W ProxyAndroidLoggerBackend: Too many Flogger logs received before configuration. Dropping old logs.
05-20 06:59:39.836  1612  2726 W ActivityManager: Unbind failed: could not find connection for android.app.LoadedApk$ServiceDispatcher$InnerConnection@6ed04f7
05-20 06:59:39.837  1612  2726 E JobScheduler.Concurrency: Error executing JobStatus{33c04e1 #u0a401/-1397020546 com.microsoft.office.outlook/com.google.android.datatransport.runtime.scheduling.jobscheduling.JobInfoSchedulerService u=0 s=10401 TIME=-1d3h44m40s757ms:none NET READY}
05-20 06:59:39.838  3742  4540 W ProxyAndroidLoggerBackend: Too many Flogger logs received before configuration. Dropping old logs.
05-20 06:59:39.838  3742  4540 W ProxyAndroidLoggerBackend: Too many Flogger logs received before configuration. Dropping old logs.
05-20 06:59:39.840  1612  2726 W PackageManager: Missing required system package: com.microsoft.skydrive, but found with extended search.
05-20 06:59:39.840  1612  2726 W ActivityManager: Unable to start service Intent { flg=0x4 cmp=com.microsoft.skydrive/.jobs.LocalNotificationDailyJob } U=0: not found
05-20 06:59:39.840  1612  2726 W ActivityManager: Unbind failed: could not find connection for android.app.LoadedApk$ServiceDispatcher$InnerConnection@49ce1c9
05-20 06:59:39.841  1612  2726 E JobScheduler.Concurrency: Error executing JobStatus{365616d #u0a427/1073741829 com.microsoft.skydrive/.jobs.LocalNotificationDailyJob u=0 s=10427 TIME=-19h26m18s655ms:none PERSISTED READY}
05-20 06:59:39.843  1612  2726 W PackageManager: Missing required system package: com.microsoft.skydrive, but found with extended search.
05-20 06:59:39.844  3742  4540 W ProxyAndroidLoggerBackend: Too many Flogger logs received before configuration. Dropping old logs.
05-20 06:59:39.844  3742  4540 W ProxyAndroidLoggerBackend: Too many Flogger logs received before configuration. Dropping old logs.
05-20 06:59:39.844  1612  2726 W ActivityManager: Unable to start service Intent { flg=0x4 cmp=com.microsoft.skydrive/.camerabackup.CameraRollJob } U=0: not found
05-20 06:59:39.844  1612  2726 W ActivityManager: Unbind failed: could not find connection for android.app.LoadedApk$ServiceDispatcher$InnerConnection@32e080b
05-20 06:59:39.845  1612  2726 E JobScheduler.Concurrency: Error executing JobStatus{14c6ebe #u0a427/1073741824 com.microsoft.skydrive/.camerabackup.CameraRollJob u=0 s=10427 NET URIS=[android.app.job.JobInfo$TriggerContentUri@8abd8844, android.app.job.JobInfo$TriggerContentUri@b0cefe92, android.app.job.JobInfo$TriggerContentUri@691cff99, android.app.job.JobInfo$TriggerContentUri@fefc878b] READY}
05-20 06:59:39.847  1612  2726 W PackageManager: Missing required system package: com.microsoft.office.outlook, but found with extended search.
05-20 06:59:39.847  1612  2726 W ActivityManager: Unable to start service Intent { flg=0x4 cmp=com.microsoft.office.outlook/androidx.work.impl.background.systemjob.SystemJobService } U=0: not found
